#! /usr/bin/vvp
:ivl_version "12.0 (stable)";
:ivl_delay_selection "TYPICAL";
:vpi_time_precision - 12;
:vpi_module "/usr/lib/x86_64-linux-gnu/ivl/system.vpi";
:vpi_module "/usr/lib/x86_64-linux-gnu/ivl/vhdl_sys.vpi";
:vpi_module "/usr/lib/x86_64-linux-gnu/ivl/vhdl_textio.vpi";
:vpi_module "/usr/lib/x86_64-linux-gnu/ivl/v2005_math.vpi";
:vpi_module "/usr/lib/x86_64-linux-gnu/ivl/va_math.vpi";
S_0x55b581bfde30 .scope module, "tb_rv_pl" "tb_rv_pl" 2 4;
 .timescale -9 -12;
v0x55b581c433b0_0 .var "clk", 0 0;
v0x55b581c43450_0 .var/i "i", 31 0;
v0x55b581c43530_0 .var "rst_n", 0 0;
S_0x55b581c11540 .scope module, "dut" "rv_pl" 2 16, 3 6 0, S_0x55b581bfde30;
 .timescale -9 -12;
    .port_info 0 /INPUT 1 "clk";
    .port_info 1 /INPUT 1 "rst_n";
L_0x55b581c55210 .functor BUFZ 32, v0x55b581c380b0_0, C4<00000000000000000000000000000000>, C4<00000000000000000000000000000000>, C4<00000000000000000000000000000000>;
L_0x55b581c0bb20 .functor BUFZ 32, v0x55b581c38170_0, C4<00000000000000000000000000000000>, C4<00000000000000000000000000000000>, C4<00000000000000000000000000000000>;
L_0x55b581c08010 .functor AND 1, v0x55b581c37a70_0, L_0x55b581c56c00, C4<1>, C4<1>;
L_0x55b581bfa8c0 .functor BUFZ 1, v0x55b581c37c70_0, C4<0>, C4<0>, C4<0>;
L_0x55b581be83f0 .functor OR 1, L_0x55b581c08010, L_0x55b581bfa8c0, C4<0>, C4<0>;
v0x55b581c3d050_0 .net "D_PC", 31 0, v0x55b581c36080_0;  1 drivers
v0x55b581c3d130_0 .net "D_PC_P4", 31 0, v0x55b581c36140_0;  1 drivers
v0x55b581c3d240_0 .net "D_alu_control", 3 0, v0x55b581c2fdd0_0;  1 drivers
v0x55b581c3d330_0 .net "D_branch", 0 0, v0x55b581c2fed0_0;  1 drivers
v0x55b581c3d420_0 .net "D_funct3", 2 0, L_0x55b581c53e70;  1 drivers
v0x55b581c3d580_0 .net "D_funct7", 6 0, L_0x55b581c53f40;  1 drivers
v0x55b581c3d640_0 .net "D_imm", 31 0, v0x55b581c34c70_0;  1 drivers
v0x55b581c3d730_0 .net "D_instr", 31 0, v0x55b581c35fe0_0;  1 drivers
v0x55b581c3d840_0 .net "D_jump", 0 0, v0x55b581c30130_0;  1 drivers
v0x55b581c3d8e0_0 .net "D_opcode", 6 0, L_0x55b581c53dd0;  1 drivers
v0x55b581c3d9f0_0 .net "D_rd", 4 0, L_0x55b581c54280;  1 drivers
v0x55b581c3dab0_0 .net "D_rf_rd1", 31 0, L_0x55b581c547f0;  1 drivers
v0x55b581c3dba0_0 .net "D_rf_rd2", 31 0, L_0x55b581c54cc0;  1 drivers
v0x55b581c3dcb0_0 .net "D_rs1", 4 0, L_0x55b581c53fe0;  1 drivers
v0x55b581c3dd70_0 .net "D_rs2", 4 0, L_0x55b581c54150;  1 drivers
v0x55b581c3de30_0 .net "D_sel_alu_src_b", 0 0, v0x55b581c30320_0;  1 drivers
v0x55b581c3df20_0 .net "D_sel_result", 1 0, v0x55b581c303e0_0;  1 drivers
v0x55b581c3e140_0 .net "D_we_dm", 0 0, v0x55b581c304c0_0;  1 drivers
v0x55b581c3e230_0 .net "D_we_rf", 0 0, v0x55b581c30580_0;  1 drivers
v0x55b581c3e320_0 .net "E_PC", 31 0, v0x55b581c37e20_0;  1 drivers
v0x55b581c3e3e0_0 .net "E_PC_P4", 31 0, v0x55b581c37ee0_0;  1 drivers
v0x55b581c3e4d0_0 .net "E_alu_control", 3 0, v0x55b581c379a0_0;  1 drivers
v0x55b581c3e5e0_0 .net "E_alu_in_b", 31 0, L_0x55b581c56a20;  1 drivers
v0x55b581c3e6a0_0 .net "E_alu_o", 31 0, v0x55b581be5320_0;  1 drivers
v0x55b581c3e790_0 .net "E_branch", 0 0, v0x55b581c37a70_0;  1 drivers
v0x55b581c3e830_0 .net "E_funct3", 2 0, v0x55b581c37b10_0;  1 drivers
v0x55b581c3e8d0_0 .net "E_fwd_a", 1 0, v0x55b581c320b0_0;  1 drivers
v0x55b581c3e970_0 .net "E_fwd_b", 1 0, v0x55b581c32170_0;  1 drivers
v0x55b581c3ea10_0 .net "E_fwd_store", 1 0, v0x55b581c32250_0;  1 drivers
v0x55b581c3eab0_0 .net "E_imm", 31 0, v0x55b581c37bb0_0;  1 drivers
v0x55b581c3eba0_0 .net "E_jump", 0 0, v0x55b581c37c70_0;  1 drivers
v0x55b581c3ec40_0 .net "E_op_a_fwd", 31 0, L_0x55b581c55b00;  1 drivers
v0x55b581c3ece0_0 .net "E_op_a_pre", 31 0, L_0x55b581c55210;  1 drivers
v0x55b581c3efb0_0 .net "E_op_b_fwd", 31 0, L_0x55b581c56100;  1 drivers
v0x55b581c3f090_0 .net "E_op_b_pre", 31 0, L_0x55b581c0bb20;  1 drivers
v0x55b581c3f170_0 .net "E_opcode", 6 0, v0x55b581c37d30_0;  1 drivers
v0x55b581c3f280_0 .net "E_rd", 4 0, v0x55b581c37fc0_0;  1 drivers
v0x55b581c3f340_0 .net "E_rf_rd1", 31 0, v0x55b581c380b0_0;  1 drivers
v0x55b581c3f400_0 .net "E_rf_rd2", 31 0, v0x55b581c38170_0;  1 drivers
v0x55b581c3f4a0_0 .net "E_rs1", 4 0, v0x55b581c38250_0;  1 drivers
v0x55b581c3f590_0 .net "E_rs2", 4 0, v0x55b581c38340_0;  1 drivers
v0x55b581c3f6a0_0 .net "E_sel_alu_src_b", 0 0, v0x55b581c38410_0;  1 drivers
v0x55b581c3f740_0 .net "E_sel_result", 1 0, v0x55b581c386c0_0;  1 drivers
v0x55b581c3f830_0 .net "E_store_wd", 31 0, L_0x55b581c56800;  1 drivers
v0x55b581c3f8f0_0 .net "E_take_branch", 0 0, L_0x55b581c08010;  1 drivers
v0x55b581c3f990_0 .net "E_take_ctrl", 0 0, L_0x55b581be83f0;  1 drivers
v0x55b581c3fa30_0 .net "E_take_jal", 0 0, L_0x55b581bfa8c0;  1 drivers
v0x55b581c3fad0_0 .net "E_target_PC", 31 0, L_0x55b581c56d40;  1 drivers
v0x55b581c3fbb0_0 .net "E_we_dm", 0 0, v0x55b581c387a0_0;  1 drivers
v0x55b581c3fca0_0 .net "E_we_rf", 0 0, v0x55b581c38860_0;  1 drivers
v0x55b581c3fd90_0 .net "E_zero", 0 0, L_0x55b581c56c00;  1 drivers
v0x55b581c3fe30_0 .net "F_PC", 31 0, v0x55b581c35410_0;  1 drivers
v0x55b581c3fed0_0 .net "F_PC_P4", 31 0, L_0x55b581c535e0;  1 drivers
v0x55b581c3ff90_0 .net "F_PC_next", 31 0, L_0x55b581c536f0;  1 drivers
v0x55b581c40030_0 .net "F_instr", 31 0, L_0x55b581c1d2b0;  1 drivers
v0x55b581c40120_0 .net "M_PC_P4", 31 0, v0x55b581c39ca0_0;  1 drivers
v0x55b581c40230_0 .net "M_alu_o", 31 0, v0x55b581c39a60_0;  1 drivers
v0x55b581c402f0_0 .net "M_dm_rd", 31 0, L_0x55b581b4f320;  1 drivers
v0x55b581c40400_0 .net "M_dm_wd", 31 0, v0x55b581c39b30_0;  1 drivers
v0x55b581c40510_0 .net "M_imm_u", 31 0, v0x55b581c39c00_0;  1 drivers
v0x55b581c40620_0 .net "M_rd", 4 0, v0x55b581c39d60_0;  1 drivers
v0x55b581c406e0_0 .net "M_sel_result", 1 0, v0x55b581c39e50_0;  1 drivers
v0x55b581c407f0_0 .net "M_wb_value", 31 0, L_0x55b581c55410;  1 drivers
v0x55b581c408d0_0 .net "M_we_dm", 0 0, v0x55b581c39f10_0;  1 drivers
v0x55b581c409c0_0 .net "M_we_rf", 0 0, v0x55b581c39fe0_0;  1 drivers
v0x55b581c40e70_0 .net "W_PC_P4", 31 0, v0x55b581c3b080_0;  1 drivers
v0x55b581c40f10_0 .net "W_alu_o", 31 0, v0x55b581c3ad70_0;  1 drivers
v0x55b581c40fb0_0 .net "W_dm_rd", 31 0, v0x55b581c3aec0_0;  1 drivers
v0x55b581c41050_0 .net "W_imm_u", 31 0, v0x55b581c3afa0_0;  1 drivers
v0x55b581c410f0_0 .net "W_rd", 4 0, v0x55b581c3b160_0;  1 drivers
v0x55b581c41190_0 .net "W_result", 31 0, L_0x55b581c57f10;  1 drivers
v0x55b581c41230_0 .net "W_sel_result", 1 0, v0x55b581c3b220_0;  1 drivers
v0x55b581c412d0_0 .net "W_we_rf", 0 0, v0x55b581c3b2e0_0;  1 drivers
L_0x7f144e76e018 .functor BUFT 1, C4<00000000000000000000000000000100>, C4<0>, C4<0>, C4<0>;
v0x55b581c41370_0 .net/2u *"_ivl_0", 31 0, L_0x7f144e76e018;  1 drivers
v0x55b581c41410_0 .net *"_ivl_100", 31 0, L_0x55b581c57d80;  1 drivers
L_0x7f144e76e768 .functor BUFT 1, C4<01>, C4<0>, C4<0>, C4<0>;
v0x55b581c414b0_0 .net/2u *"_ivl_104", 1 0, L_0x7f144e76e768;  1 drivers
L_0x7f144e76e2a0 .functor BUFT 1, C4<00>, C4<0>, C4<0>, C4<0>;
v0x55b581c41550_0 .net/2u *"_ivl_18", 1 0, L_0x7f144e76e2a0;  1 drivers
v0x55b581c415f0_0 .net *"_ivl_20", 0 0, L_0x55b581c54e50;  1 drivers
L_0x7f144e76e2e8 .functor BUFT 1, C4<10>, C4<0>, C4<0>, C4<0>;
v0x55b581c416b0_0 .net/2u *"_ivl_22", 1 0, L_0x7f144e76e2e8;  1 drivers
v0x55b581c41790_0 .net *"_ivl_24", 0 0, L_0x55b581c54f40;  1 drivers
L_0x7f144e76e330 .functor BUFT 1, C4<11>, C4<0>, C4<0>, C4<0>;
v0x55b581c41850_0 .net/2u *"_ivl_26", 1 0, L_0x7f144e76e330;  1 drivers
v0x55b581c41930_0 .net *"_ivl_28", 0 0, L_0x55b581c550d0;  1 drivers
v0x55b581c419f0_0 .net *"_ivl_30", 31 0, L_0x55b581c55170;  1 drivers
v0x55b581c41ad0_0 .net *"_ivl_32", 31 0, L_0x55b581c552d0;  1 drivers
L_0x7f144e76e378 .functor BUFT 1, C4<10>, C4<0>, C4<0>, C4<0>;
v0x55b581c41bb0_0 .net/2u *"_ivl_40", 1 0, L_0x7f144e76e378;  1 drivers
v0x55b581c41c90_0 .net *"_ivl_42", 0 0, L_0x55b581c556b0;  1 drivers
L_0x7f144e76e3c0 .functor BUFT 1, C4<01>, C4<0>, C4<0>, C4<0>;
v0x55b581c41d50_0 .net/2u *"_ivl_44", 1 0, L_0x7f144e76e3c0;  1 drivers
v0x55b581c41e30_0 .net *"_ivl_46", 0 0, L_0x55b581c557f0;  1 drivers
v0x55b581c41ef0_0 .net *"_ivl_48", 31 0, L_0x55b581c55970;  1 drivers
L_0x7f144e76e408 .functor BUFT 1, C4<10>, C4<0>, C4<0>, C4<0>;
v0x55b581c41fd0_0 .net/2u *"_ivl_52", 1 0, L_0x7f144e76e408;  1 drivers
v0x55b581c420b0_0 .net *"_ivl_54", 0 0, L_0x55b581c55d80;  1 drivers
L_0x7f144e76e450 .functor BUFT 1, C4<01>, C4<0>, C4<0>, C4<0>;
v0x55b581c42170_0 .net/2u *"_ivl_56", 1 0, L_0x7f144e76e450;  1 drivers
v0x55b581c42250_0 .net *"_ivl_58", 0 0, L_0x55b581c55ec0;  1 drivers
v0x55b581c42310_0 .net *"_ivl_60", 31 0, L_0x55b581c55ba0;  1 drivers
L_0x7f144e76e498 .functor BUFT 1, C4<10>, C4<0>, C4<0>, C4<0>;
v0x55b581c423f0_0 .net/2u *"_ivl_64", 1 0, L_0x7f144e76e498;  1 drivers
v0x55b581c424d0_0 .net *"_ivl_66", 0 0, L_0x55b581c56410;  1 drivers
L_0x7f144e76e4e0 .functor BUFT 1, C4<01>, C4<0>, C4<0>, C4<0>;
v0x55b581c42590_0 .net/2u *"_ivl_68", 1 0, L_0x7f144e76e4e0;  1 drivers
v0x55b581c42670_0 .net *"_ivl_70", 0 0, L_0x55b581c56550;  1 drivers
v0x55b581c42730_0 .net *"_ivl_72", 31 0, L_0x55b581c56710;  1 drivers
L_0x7f144e76e600 .functor BUFT 1, C4<00>, C4<0>, C4<0>, C4<0>;
v0x55b581c42810_0 .net/2u *"_ivl_86", 1 0, L_0x7f144e76e600;  1 drivers
v0x55b581c428f0_0 .net *"_ivl_88", 0 0, L_0x55b581c57680;  1 drivers
L_0x7f144e76e648 .functor BUFT 1, C4<01>, C4<0>, C4<0>, C4<0>;
v0x55b581c429b0_0 .net/2u *"_ivl_90", 1 0, L_0x7f144e76e648;  1 drivers
v0x55b581c42a90_0 .net *"_ivl_92", 0 0, L_0x55b581c577c0;  1 drivers
L_0x7f144e76e690 .functor BUFT 1, C4<10>, C4<0>, C4<0>, C4<0>;
v0x55b581c42b50_0 .net/2u *"_ivl_94", 1 0, L_0x7f144e76e690;  1 drivers
v0x55b581c42c30_0 .net *"_ivl_96", 0 0, L_0x55b581c579b0;  1 drivers
v0x55b581c42cf0_0 .net *"_ivl_98", 31 0, L_0x55b581c57ae0;  1 drivers
v0x55b581c42dd0_0 .net "clk", 0 0, v0x55b581c433b0_0;  1 drivers
v0x55b581c42e70_0 .net "pc_en", 0 0, L_0x55b581c588a0;  1 drivers
v0x55b581c42f60_0 .net "plr1_clr", 0 0, L_0x55b581c58bb0;  1 drivers
v0x55b581c43050_0 .net "plr1_en", 0 0, L_0x55b581c58940;  1 drivers
v0x55b581c43140_0 .net "plr2_clr", 0 0, L_0x55b581c58ab0;  1 drivers
v0x55b581c43230_0 .net "rst_n", 0 0, v0x55b581c43530_0;  1 drivers
v0x55b581c432d0_0 .net "stall_lw", 0 0, L_0x55b581c58740;  1 drivers
L_0x55b581c535e0 .arith/sum 32, v0x55b581c35410_0, L_0x7f144e76e018;
L_0x55b581c536f0 .functor MUXZ 32, L_0x55b581c535e0, L_0x55b581c56d40, L_0x55b581be83f0, C4<>;
L_0x55b581c53dd0 .part v0x55b581c35fe0_0, 0, 7;
L_0x55b581c53e70 .part v0x55b581c35fe0_0, 12, 3;
L_0x55b581c53f40 .part v0x55b581c35fe0_0, 25, 7;
L_0x55b581c53fe0 .part v0x55b581c35fe0_0, 15, 5;
L_0x55b581c54150 .part v0x55b581c35fe0_0, 20, 5;
L_0x55b581c54280 .part v0x55b581c35fe0_0, 7, 5;
L_0x55b581c54e50 .cmp/eq 2, v0x55b581c39e50_0, L_0x7f144e76e2a0;
L_0x55b581c54f40 .cmp/eq 2, v0x55b581c39e50_0, L_0x7f144e76e2e8;
L_0x55b581c550d0 .cmp/eq 2, v0x55b581c39e50_0, L_0x7f144e76e330;
L_0x55b581c55170 .functor MUXZ 32, L_0x55b581b4f320, v0x55b581c39c00_0, L_0x55b581c550d0, C4<>;
L_0x55b581c552d0 .functor MUXZ 32, L_0x55b581c55170, v0x55b581c39ca0_0, L_0x55b581c54f40, C4<>;
L_0x55b581c55410 .functor MUXZ 32, L_0x55b581c552d0, v0x55b581c39a60_0, L_0x55b581c54e50, C4<>;
L_0x55b581c556b0 .cmp/eq 2, v0x55b581c320b0_0, L_0x7f144e76e378;
L_0x55b581c557f0 .cmp/eq 2, v0x55b581c320b0_0, L_0x7f144e76e3c0;
L_0x55b581c55970 .functor MUXZ 32, L_0x55b581c55210, L_0x55b581c57f10, L_0x55b581c557f0, C4<>;
L_0x55b581c55b00 .functor MUXZ 32, L_0x55b581c55970, L_0x55b581c55410, L_0x55b581c556b0, C4<>;
L_0x55b581c55d80 .cmp/eq 2, v0x55b581c32170_0, L_0x7f144e76e408;
L_0x55b581c55ec0 .cmp/eq 2, v0x55b581c32170_0, L_0x7f144e76e450;
L_0x55b581c55ba0 .functor MUXZ 32, L_0x55b581c0bb20, L_0x55b581c57f10, L_0x55b581c55ec0, C4<>;
L_0x55b581c56100 .functor MUXZ 32, L_0x55b581c55ba0, L_0x55b581c55410, L_0x55b581c55d80, C4<>;
L_0x55b581c56410 .cmp/eq 2, v0x55b581c32250_0, L_0x7f144e76e498;
L_0x55b581c56550 .cmp/eq 2, v0x55b581c32250_0, L_0x7f144e76e4e0;
L_0x55b581c56710 .functor MUXZ 32, v0x55b581c38170_0, L_0x55b581c57f10, L_0x55b581c56550, C4<>;
L_0x55b581c56800 .functor MUXZ 32, L_0x55b581c56710, L_0x55b581c55410, L_0x55b581c56410, C4<>;
L_0x55b581c56a20 .functor MUXZ 32, L_0x55b581c56100, v0x55b581c37bb0_0, v0x55b581c38410_0, C4<>;
L_0x55b581c56d40 .arith/sum 32, v0x55b581c37e20_0, v0x55b581c37bb0_0;
L_0x55b581c57680 .cmp/eq 2, v0x55b581c3b220_0, L_0x7f144e76e600;
L_0x55b581c577c0 .cmp/eq 2, v0x55b581c3b220_0, L_0x7f144e76e648;
L_0x55b581c579b0 .cmp/eq 2, v0x55b581c3b220_0, L_0x7f144e76e690;
L_0x55b581c57ae0 .functor MUXZ 32, v0x55b581c3afa0_0, v0x55b581c3b080_0, L_0x55b581c579b0, C4<>;
L_0x55b581c57d80 .functor MUXZ 32, L_0x55b581c57ae0, v0x55b581c3aec0_0, L_0x55b581c577c0, C4<>;
L_0x55b581c57f10 .functor MUXZ 32, L_0x55b581c57d80, v0x55b581c3ad70_0, L_0x55b581c57680, C4<>;
L_0x55b581c58c20 .cmp/eq 2, v0x55b581c39e50_0, L_0x7f144e76e768;
S_0x55b581bfdab0 .scope module, "ALU0" "alu" 3 221, 3 589 0, S_0x55b581c11540;
 .timescale -9 -12;
    .port_info 0 /INPUT 32 "a";
    .port_info 1 /INPUT 32 "b";
    .port_info 2 /INPUT 4 "alu_ctrl";
    .port_info 3 /OUTPUT 32 "y";
    .port_info 4 /OUTPUT 1 "zero";
P_0x55b581c15a10 .param/l "ALU_ADD" 1 3 596, C4<0000>;
P_0x55b581c15a50 .param/l "ALU_AND" 1 3 600, C4<0100>;
P_0x55b581c15a90 .param/l "ALU_OR" 1 3 599, C4<0011>;
P_0x55b581c15ad0 .param/l "ALU_SLL" 1 3 601, C4<0101>;
P_0x55b581c15b10 .param/l "ALU_SLT" 1 3 604, C4<1000>;
P_0x55b581c15b50 .param/l "ALU_SLTU" 1 3 605, C4<1001>;
P_0x55b581c15b90 .param/l "ALU_SRA" 1 3 603, C4<0111>;
P_0x55b581c15bd0 .param/l "ALU_SRL" 1 3 602, C4<0110>;
P_0x55b581c15c10 .param/l "ALU_SUB" 1 3 597, C4<0001>;
P_0x55b581c15c50 .param/l "ALU_XOR" 1 3 598, C4<0010>;
L_0x7f144e76e528 .functor BUFT 1, C4<00000000000000000000000000000000>, C4<0>, C4<0>, C4<0>;
v0x55b581c1e050_0 .net/2u *"_ivl_2", 31 0, L_0x7f144e76e528;  1 drivers
v0x55b581c0bc40_0 .net "a", 31 0, L_0x55b581c55b00;  alias, 1 drivers
v0x55b581c08130_0 .net "alu_ctrl", 3 0, v0x55b581c379a0_0;  alias, 1 drivers
v0x55b581bfa9e0_0 .net "b", 31 0, L_0x55b581c56a20;  alias, 1 drivers
v0x55b581be8510_0 .net "shamt", 4 0, L_0x55b581c56b60;  1 drivers
v0x55b581be5320_0 .var "y", 31 0;
v0x55b581b26400_0 .net "zero", 0 0, L_0x55b581c56c00;  alias, 1 drivers
E_0x55b581ba3170 .event anyedge, v0x55b581c08130_0, v0x55b581c0bc40_0, v0x55b581bfa9e0_0, v0x55b581be8510_0;
L_0x55b581c56b60 .part L_0x55b581c56a20, 0, 5;
L_0x55b581c56c00 .cmp/eq 32, v0x55b581be5320_0, L_0x7f144e76e528;
S_0x55b581c2f3c0 .scope module, "CTRL0" "controller" 3 102, 3 665 0, S_0x55b581c11540;
 .timescale -9 -12;
    .port_info 0 /INPUT 7 "opcode";
    .port_info 1 /INPUT 3 "funct3";
    .port_info 2 /INPUT 7 "funct7";
    .port_info 3 /OUTPUT 1 "we_rf";
    .port_info 4 /OUTPUT 1 "we_dm";
    .port_info 5 /OUTPUT 1 "branch";
    .port_info 6 /OUTPUT 1 "jump";
    .port_info 7 /OUTPUT 2 "sel_result";
    .port_info 8 /OUTPUT 1 "sel_alu_src_b";
    .port_info 9 /OUTPUT 4 "alu_control";
P_0x55b581c2f5c0 .param/l "ALU_ADD" 1 3 677, C4<0000>;
P_0x55b581c2f600 .param/l "ALU_AND" 1 3 681, C4<0100>;
P_0x55b581c2f640 .param/l "ALU_OR" 1 3 680, C4<0011>;
P_0x55b581c2f680 .param/l "ALU_SLL" 1 3 682, C4<0101>;
P_0x55b581c2f6c0 .param/l "ALU_SLT" 1 3 685, C4<1000>;
P_0x55b581c2f700 .param/l "ALU_SLTU" 1 3 686, C4<1001>;
P_0x55b581c2f740 .param/l "ALU_SRA" 1 3 684, C4<0111>;
P_0x55b581c2f780 .param/l "ALU_SRL" 1 3 683, C4<0110>;
P_0x55b581c2f7c0 .param/l "ALU_SUB" 1 3 678, C4<0001>;
P_0x55b581c2f800 .param/l "ALU_XOR" 1 3 679, C4<0010>;
v0x55b581c2fdd0_0 .var "alu_control", 3 0;
v0x55b581c2fed0_0 .var "branch", 0 0;
v0x55b581c2ff90_0 .net "funct3", 2 0, L_0x55b581c53e70;  alias, 1 drivers
v0x55b581c30050_0 .net "funct7", 6 0, L_0x55b581c53f40;  alias, 1 drivers
v0x55b581c30130_0 .var "jump", 0 0;
v0x55b581c30240_0 .net "opcode", 6 0, L_0x55b581c53dd0;  alias, 1 drivers
v0x55b581c30320_0 .var "sel_alu_src_b", 0 0;
v0x55b581c303e0_0 .var "sel_result", 1 0;
v0x55b581c304c0_0 .var "we_dm", 0 0;
v0x55b581c30580_0 .var "we_rf", 0 0;
E_0x55b581ba3420 .event anyedge, v0x55b581c30240_0, v0x55b581c2ff90_0, v0x55b581c30050_0;
S_0x55b581c30780 .scope module, "DMEM" "data_mem" 3 269, 3 854 0, S_0x55b581c11540;
 .timescale -9 -12;
    .port_info 0 /INPUT 1 "clk";
    .port_info 1 /INPUT 1 "we";
    .port_info 2 /INPUT 32 "addr";
    .port_info 3 /INPUT 32 "wd";
    .port_info 4 /OUTPUT 32 "rd";
P_0x55b581c13df0 .param/l "ADDR_BITS" 1 3 875, +C4<00000000000000000000000000001010>;
P_0x55b581c13e30 .param/l "MEM_DEPTH" 0 3 855, +C4<00000000000000000000010000000000>;
L_0x55b581b4f320 .functor BUFZ 32, L_0x55b581c573c0, C4<00000000000000000000000000000000>, C4<00000000000000000000000000000000>, C4<00000000000000000000000000000000>;
v0x55b581c30f00 .array "RAM", 1023 0, 31 0;
v0x55b581c30fe0_0 .net *"_ivl_10", 11 0, L_0x55b581c57460;  1 drivers
L_0x7f144e76e5b8 .functor BUFT 1, C4<00>, C4<0>, C4<0>, C4<0>;
v0x55b581c310c0_0 .net *"_ivl_13", 1 0, L_0x7f144e76e5b8;  1 drivers
v0x55b581c31180_0 .net *"_ivl_2", 29 0, L_0x55b581c570f0;  1 drivers
L_0x7f144e76e570 .functor BUFT 1, C4<00>, C4<0>, C4<0>, C4<0>;
v0x55b581c31260_0 .net *"_ivl_4", 1 0, L_0x7f144e76e570;  1 drivers
v0x55b581c31390_0 .net *"_ivl_8", 31 0, L_0x55b581c573c0;  1 drivers
v0x55b581c31470_0 .net "addr", 31 0, v0x55b581c39a60_0;  alias, 1 drivers
v0x55b581c31550_0 .net "clk", 0 0, v0x55b581c433b0_0;  alias, 1 drivers
v0x55b581c31610_0 .net "idx", 9 0, L_0x55b581c572d0;  1 drivers
v0x55b581c316f0_0 .net "rd", 31 0, L_0x55b581b4f320;  alias, 1 drivers
v0x55b581c317d0_0 .net "wd", 31 0, v0x55b581c39b30_0;  alias, 1 drivers
v0x55b581c318b0_0 .net "we", 0 0, v0x55b581c39f10_0;  alias, 1 drivers
v0x55b581c31970_0 .net "word_addr", 31 0, L_0x55b581c57190;  1 drivers
E_0x55b581b485b0 .event posedge, v0x55b581c31550_0;
L_0x55b581c570f0 .part v0x55b581c39a60_0, 2, 30;
L_0x55b581c57190 .concat [ 30 2 0 0], L_0x55b581c570f0, L_0x7f144e76e570;
L_0x55b581c572d0 .part L_0x55b581c57190, 0, 10;
L_0x55b581c573c0 .array/port v0x55b581c30f00, L_0x55b581c57460;
L_0x55b581c57460 .concat [ 10 2 0 0], L_0x55b581c572d0, L_0x7f144e76e5b8;
S_0x55b581c30a60 .scope function.vec4.u32, "clog2" "clog2" 3 863, 3 863 0, S_0x55b581c30780;
 .timescale -9 -12;
; Variable clog2 is vec4 return value of scope S_0x55b581c30a60
v0x55b581c30d60_0 .var/i "i", 31 0;
v0x55b581c30e40_0 .var/i "value", 31 0;
TD_tb_rv_pl.dut.DMEM.clog2 ;
    %pushi/vec4 0, 0, 32;
    %ret/vec4 0, 0, 32;  Assign to clog2 (store_vec4_to_lval)
    %load/vec4 v0x55b581c30e40_0;
    %subi 1, 0, 32;
    %store/vec4 v0x55b581c30d60_0, 0, 32;
T_0.0 ;
    %load/vec4 v0x55b581c30d60_0;
    %cmpi/s 0, 0, 32;
    %flag_or 5, 4; GT is !LE
    %flag_inv 5;
    %jmp/0xz T_0.1, 5;
    %retload/vec4 0; Load clog2 (draw_signal_vec4)
    %addi 1, 0, 32;
    %ret/vec4 0, 0, 32;  Assign to clog2 (store_vec4_to_lval)
    %load/vec4 v0x55b581c30d60_0;
    %ix/load 4, 1, 0;
    %flag_set/imm 4, 0;
    %shiftr 4;
    %store/vec4 v0x55b581c30d60_0, 0, 32;
    %jmp T_0.0;
T_0.1 ;
    %end;
S_0x55b581c31af0 .scope module, "HZ0" "hazard_unit" 3 317, 3 771 0, S_0x55b581c11540;
 .timescale -9 -12;
    .port_info 0 /INPUT 5 "D_rs1";
    .port_info 1 /INPUT 5 "D_rs2";
    .port_info 2 /INPUT 5 "E_rs1";
    .port_info 3 /INPUT 5 "E_rs2";
    .port_info 4 /INPUT 5 "E_rd";
    .port_info 5 /INPUT 7 "E_opcode";
    .port_info 6 /INPUT 1 "E_take_ctrl";
    .port_info 7 /INPUT 5 "M_rd";
    .port_info 8 /INPUT 1 "M_we_rf";
    .port_info 9 /INPUT 1 "M_is_lw";
    .port_info 10 /INPUT 5 "W_rd";
    .port_info 11 /INPUT 1 "W_we_rf";
    .port_info 12 /OUTPUT 2 "E_fwd_a";
    .port_info 13 /OUTPUT 2 "E_fwd_b";
    .port_info 14 /OUTPUT 2 "E_fwd_store";
    .port_info 15 /OUTPUT 1 "stall_lw";
    .port_info 16 /OUTPUT 1 "pc_en";
    .port_info 17 /OUTPUT 1 "plr1_en";
    .port_info 18 /OUTPUT 1 "plr2_clr";
    .port_info 19 /OUTPUT 1 "plr1_clr";
L_0x55b581c583e0 .functor AND 1, L_0x55b581c581c0, L_0x55b581c582b0, C4<1>, C4<1>;
L_0x55b581c58630 .functor OR 1, L_0x55b581c584f0, L_0x55b581c58590, C4<0>, C4<0>;
L_0x55b581c58740 .functor AND 1, L_0x55b581c583e0, L_0x55b581c58630, C4<1>, C4<1>;
L_0x55b581c58ab0 .functor OR 1, L_0x55b581c58740, L_0x55b581be83f0, C4<0>, C4<0>;
L_0x55b581c58bb0 .functor BUFZ 1, L_0x55b581be83f0, C4<0>, C4<0>, C4<0>;
v0x55b581c31ed0_0 .net "D_rs1", 4 0, L_0x55b581c53fe0;  alias, 1 drivers
v0x55b581c31fd0_0 .net "D_rs2", 4 0, L_0x55b581c54150;  alias, 1 drivers
v0x55b581c320b0_0 .var "E_fwd_a", 1 0;
v0x55b581c32170_0 .var "E_fwd_b", 1 0;
v0x55b581c32250_0 .var "E_fwd_store", 1 0;
v0x55b581c32380_0 .net "E_is_lw", 0 0, L_0x55b581c581c0;  1 drivers
v0x55b581c32440_0 .net "E_opcode", 6 0, v0x55b581c37d30_0;  alias, 1 drivers
v0x55b581c32520_0 .net "E_rd", 4 0, v0x55b581c37fc0_0;  alias, 1 drivers
v0x55b581c32600_0 .net "E_rs1", 4 0, v0x55b581c38250_0;  alias, 1 drivers
v0x55b581c32770_0 .net "E_rs2", 4 0, v0x55b581c38340_0;  alias, 1 drivers
v0x55b581c32850_0 .net "E_take_ctrl", 0 0, L_0x55b581be83f0;  alias, 1 drivers
v0x55b581c32910_0 .net "M_is_lw", 0 0, L_0x55b581c58c20;  1 drivers
v0x55b581c329d0_0 .net "M_rd", 4 0, v0x55b581c39d60_0;  alias, 1 drivers
v0x55b581c32ab0_0 .net "M_we_rf", 0 0, v0x55b581c39fe0_0;  alias, 1 drivers
v0x55b581c32b70_0 .net "W_rd", 4 0, v0x55b581c3b160_0;  alias, 1 drivers
v0x55b581c32c50_0 .net "W_we_rf", 0 0, v0x55b581c3b2e0_0;  alias, 1 drivers
L_0x7f144e76e6d8 .functor BUFT 1, C4<0000011>, C4<0>, C4<0>, C4<0>;
v0x55b581c32d10_0 .net/2u *"_ivl_0", 6 0, L_0x7f144e76e6d8;  1 drivers
v0x55b581c32df0_0 .net *"_ivl_10", 0 0, L_0x55b581c584f0;  1 drivers
v0x55b581c32eb0_0 .net *"_ivl_12", 0 0, L_0x55b581c58590;  1 drivers
v0x55b581c32f70_0 .net *"_ivl_15", 0 0, L_0x55b581c58630;  1 drivers
L_0x7f144e76e720 .functor BUFT 1, C4<00000>, C4<0>, C4<0>, C4<0>;
v0x55b581c33030_0 .net/2u *"_ivl_4", 4 0, L_0x7f144e76e720;  1 drivers
v0x55b581c33110_0 .net *"_ivl_6", 0 0, L_0x55b581c582b0;  1 drivers
v0x55b581c331d0_0 .net *"_ivl_9", 0 0, L_0x55b581c583e0;  1 drivers
v0x55b581c33290_0 .net "pc_en", 0 0, L_0x55b581c588a0;  alias, 1 drivers
v0x55b581c33350_0 .net "plr1_clr", 0 0, L_0x55b581c58bb0;  alias, 1 drivers
v0x55b581c33410_0 .net "plr1_en", 0 0, L_0x55b581c58940;  alias, 1 drivers
v0x55b581c334d0_0 .net "plr2_clr", 0 0, L_0x55b581c58ab0;  alias, 1 drivers
v0x55b581c33590_0 .net "stall_lw", 0 0, L_0x55b581c58740;  alias, 1 drivers
E_0x55b581c1dae0/0 .event anyedge, v0x55b581c32ab0_0, v0x55b581c32910_0, v0x55b581c329d0_0, v0x55b581c32600_0;
E_0x55b581c1dae0/1 .event anyedge, v0x55b581c32c50_0, v0x55b581c32b70_0, v0x55b581c32770_0;
E_0x55b581c1dae0 .event/or E_0x55b581c1dae0/0, E_0x55b581c1dae0/1;
L_0x55b581c581c0 .cmp/eq 7, v0x55b581c37d30_0, L_0x7f144e76e6d8;
L_0x55b581c582b0 .cmp/ne 5, v0x55b581c37fc0_0, L_0x7f144e76e720;
L_0x55b581c584f0 .cmp/eq 5, v0x55b581c37fc0_0, L_0x55b581c53fe0;
L_0x55b581c58590 .cmp/eq 5, v0x55b581c37fc0_0, L_0x55b581c54150;
L_0x55b581c588a0 .reduce/nor L_0x55b581c58740;
L_0x55b581c58940 .reduce/nor L_0x55b581c58740;
S_0x55b581c338d0 .scope module, "IMEM" "instruction_mem" 3 34, 3 828 0, S_0x55b581c11540;
 .timescale -9 -12;
    .port_info 0 /INPUT 32 "addr";
    .port_info 1 /OUTPUT 32 "rd";
P_0x55b581c326a0 .param/l "ADDR_BITS" 1 3 846, +C4<00000000000000000000000000001010>;
P_0x55b581c326e0 .param/l "MEM_DEPTH" 0 3 829, +C4<00000000000000000000010000000000>;
L_0x55b581c1d2b0 .functor BUFZ 32, L_0x55b581c53b20, C4<00000000000000000000000000000000>, C4<00000000000000000000000000000000>, C4<00000000000000000000000000000000>;
v0x55b581c340a0 .array "RAM", 1023 0, 31 0;
v0x55b581c34180_0 .net *"_ivl_10", 11 0, L_0x55b581c53bf0;  1 drivers
L_0x7f144e76e0a8 .functor BUFT 1, C4<00>, C4<0>, C4<0>, C4<0>;
v0x55b581c34260_0 .net *"_ivl_13", 1 0, L_0x7f144e76e0a8;  1 drivers
v0x55b581c34350_0 .net *"_ivl_2", 29 0, L_0x55b581c53850;  1 drivers
L_0x7f144e76e060 .functor BUFT 1, C4<00>, C4<0>, C4<0>, C4<0>;
v0x55b581c34430_0 .net *"_ivl_4", 1 0, L_0x7f144e76e060;  1 drivers
v0x55b581c34560_0 .net *"_ivl_8", 31 0, L_0x55b581c53b20;  1 drivers
v0x55b581c34640_0 .net "addr", 31 0, v0x55b581c35410_0;  alias, 1 drivers
v0x55b581c34720_0 .net "idx", 9 0, L_0x55b581c53a30;  1 drivers
v0x55b581c34800_0 .net "rd", 31 0, L_0x55b581c1d2b0;  alias, 1 drivers
v0x55b581c348e0_0 .net "word_addr", 31 0, L_0x55b581c538f0;  1 drivers
L_0x55b581c53850 .part v0x55b581c35410_0, 2, 30;
L_0x55b581c538f0 .concat [ 30 2 0 0], L_0x55b581c53850, L_0x7f144e76e060;
L_0x55b581c53a30 .part L_0x55b581c538f0, 0, 10;
L_0x55b581c53b20 .array/port v0x55b581c340a0, L_0x55b581c53bf0;
L_0x55b581c53bf0 .concat [ 10 2 0 0], L_0x55b581c53a30, L_0x7f144e76e0a8;
S_0x55b581c33c00 .scope function.vec4.u32, "clog2" "clog2" 3 834, 3 834 0, S_0x55b581c338d0;
 .timescale -9 -12;
; Variable clog2 is vec4 return value of scope S_0x55b581c33c00
v0x55b581c33f00_0 .var/i "i", 31 0;
v0x55b581c33fe0_0 .var/i "value", 31 0;
TD_tb_rv_pl.dut.IMEM.clog2 ;
    %pushi/vec4 0, 0, 32;
    %ret/vec4 0, 0, 32;  Assign to clog2 (store_vec4_to_lval)
    %load/vec4 v0x55b581c33fe0_0;
    %subi 1, 0, 32;
    %store/vec4 v0x55b581c33f00_0, 0, 32;
T_1.2 ;
    %load/vec4 v0x55b581c33f00_0;
    %cmpi/s 0, 0, 32;
    %flag_or 5, 4; GT is !LE
    %flag_inv 5;
    %jmp/0xz T_1.3, 5;
    %retload/vec4 0; Load clog2 (draw_signal_vec4)
    %addi 1, 0, 32;
    %ret/vec4 0, 0, 32;  Assign to clog2 (store_vec4_to_lval)
    %load/vec4 v0x55b581c33f00_0;
    %ix/load 4, 1, 0;
    %flag_set/imm 4, 0;
    %shiftr 4;
    %store/vec4 v0x55b581c33f00_0, 0, 32;
    %jmp T_1.2;
T_1.3 ;
    %end;
S_0x55b581c34a20 .scope module, "IMM0" "imm_gen" 3 71, 3 631 0, S_0x55b581c11540;
 .timescale -9 -12;
    .port_info 0 /INPUT 32 "instr";
    .port_info 1 /OUTPUT 32 "imm";
v0x55b581c34c70_0 .var "imm", 31 0;
v0x55b581c34d70_0 .net "instr", 31 0, v0x55b581c35fe0_0;  alias, 1 drivers
v0x55b581c34e50_0 .net "opcode", 6 0, L_0x55b581c54480;  1 drivers
E_0x55b581c34bf0 .event anyedge, v0x55b581c34e50_0, v0x55b581c34d70_0;
L_0x55b581c54480 .part v0x55b581c35fe0_0, 0, 7;
S_0x55b581c34f70 .scope module, "PC0" "pc_reg" 3 25, 3 350 0, S_0x55b581c11540;
 .timescale -9 -12;
    .port_info 0 /INPUT 1 "clk";
    .port_info 1 /INPUT 1 "rst_n";
    .port_info 2 /INPUT 1 "en";
    .port_info 3 /INPUT 32 "d";
    .port_info 4 /OUTPUT 32 "q";
v0x55b581c35180_0 .net "clk", 0 0, v0x55b581c433b0_0;  alias, 1 drivers
v0x55b581c35250_0 .net "d", 31 0, L_0x55b581c536f0;  alias, 1 drivers
v0x55b581c35310_0 .net "en", 0 0, L_0x55b581c588a0;  alias, 1 drivers
v0x55b581c35410_0 .var "q", 31 0;
v0x55b581c354e0_0 .net "rst_n", 0 0, v0x55b581c43530_0;  alias, 1 drivers
S_0x55b581c35650 .scope module, "PLR1" "plr1_if_id" 3 46, 3 366 0, S_0x55b581c11540;
 .timescale -9 -12;
    .port_info 0 /INPUT 1 "clk";
    .port_info 1 /INPUT 1 "rst_n";
    .port_info 2 /INPUT 1 "en";
    .port_info 3 /INPUT 1 "clr";
    .port_info 4 /INPUT 32 "in_instr";
    .port_info 5 /INPUT 32 "in_pc";
    .port_info 6 /INPUT 32 "in_pc_p4";
    .port_info 7 /OUTPUT 32 "out_instr";
    .port_info 8 /OUTPUT 32 "out_pc";
    .port_info 9 /OUTPUT 32 "out_pc_p4";
P_0x55b581c35830 .param/l "NOP" 1 3 378, C4<00000000000000000000000000010011>;
v0x55b581c35a60_0 .net "clk", 0 0, v0x55b581c433b0_0;  alias, 1 drivers
v0x55b581c35b70_0 .net "clr", 0 0, L_0x55b581c58bb0;  alias, 1 drivers
v0x55b581c35c30_0 .net "en", 0 0, L_0x55b581c58940;  alias, 1 drivers
v0x55b581c35d30_0 .net "in_instr", 31 0, L_0x55b581c1d2b0;  alias, 1 drivers
v0x55b581c35e00_0 .net "in_pc", 31 0, v0x55b581c35410_0;  alias, 1 drivers
v0x55b581c35f40_0 .net "in_pc_p4", 31 0, L_0x55b581c535e0;  alias, 1 drivers
v0x55b581c35fe0_0 .var "out_instr", 31 0;
v0x55b581c36080_0 .var "out_pc", 31 0;
v0x55b581c36140_0 .var "out_pc_p4", 31 0;
v0x55b581c36220_0 .net "rst_n", 0 0, v0x55b581c43530_0;  alias, 1 drivers
S_0x55b581c36440 .scope module, "PLR2" "plr2_id_ex" 3 131, 3 400 0, S_0x55b581c11540;
 .timescale -9 -12;
    .port_info 0 /INPUT 1 "clk";
    .port_info 1 /INPUT 1 "rst_n";
    .port_info 2 /INPUT 1 "clr";
    .port_info 3 /INPUT 32 "in_pc";
    .port_info 4 /INPUT 32 "in_pc_p4";
    .port_info 5 /INPUT 32 "in_imm";
    .port_info 6 /INPUT 32 "in_rd1";
    .port_info 7 /INPUT 32 "in_rd2";
    .port_info 8 /INPUT 5 "in_rs1";
    .port_info 9 /INPUT 5 "in_rs2";
    .port_info 10 /INPUT 5 "in_rd";
    .port_info 11 /INPUT 3 "in_funct3";
    .port_info 12 /INPUT 7 "in_opcode";
    .port_info 13 /INPUT 1 "in_we_rf";
    .port_info 14 /INPUT 1 "in_we_dm";
    .port_info 15 /INPUT 1 "in_branch";
    .port_info 16 /INPUT 1 "in_jump";
    .port_info 17 /INPUT 2 "in_sel_result";
    .port_info 18 /INPUT 1 "in_sel_alu_src_b";
    .port_info 19 /INPUT 4 "in_alu_control";
    .port_info 20 /OUTPUT 32 "out_pc";
    .port_info 21 /OUTPUT 32 "out_pc_p4";
    .port_info 22 /OUTPUT 32 "out_imm";
    .port_info 23 /OUTPUT 32 "out_rd1";
    .port_info 24 /OUTPUT 32 "out_rd2";
    .port_info 25 /OUTPUT 5 "out_rs1";
    .port_info 26 /OUTPUT 5 "out_rs2";
    .port_info 27 /OUTPUT 5 "out_rd";
    .port_info 28 /OUTPUT 3 "out_funct3";
    .port_info 29 /OUTPUT 7 "out_opcode";
    .port_info 30 /OUTPUT 1 "out_we_rf";
    .port_info 31 /OUTPUT 1 "out_we_dm";
    .port_info 32 /OUTPUT 1 "out_branch";
    .port_info 33 /OUTPUT 1 "out_jump";
    .port_info 34 /OUTPUT 2 "out_sel_result";
    .port_info 35 /OUTPUT 1 "out_sel_alu_src_b";
    .port_info 36 /OUTPUT 4 "out_alu_control";
v0x55b581c369e0_0 .net "clk", 0 0, v0x55b581c433b0_0;  alias, 1 drivers
v0x55b581c36aa0_0 .net "clr", 0 0, L_0x55b581c58ab0;  alias, 1 drivers
v0x55b581c36b90_0 .net "in_alu_control", 3 0, v0x55b581c2fdd0_0;  alias, 1 drivers
v0x55b581c36c90_0 .net "in_branch", 0 0, v0x55b581c2fed0_0;  alias, 1 drivers
v0x55b581c36d60_0 .net "in_funct3", 2 0, L_0x55b581c53e70;  alias, 1 drivers
v0x55b581c36e00_0 .net "in_imm", 31 0, v0x55b581c34c70_0;  alias, 1 drivers
v0x55b581c36ed0_0 .net "in_jump", 0 0, v0x55b581c30130_0;  alias, 1 drivers
v0x55b581c36fa0_0 .net "in_opcode", 6 0, L_0x55b581c53dd0;  alias, 1 drivers
v0x55b581c37070_0 .net "in_pc", 31 0, v0x55b581c36080_0;  alias, 1 drivers
v0x55b581c371d0_0 .net "in_pc_p4", 31 0, v0x55b581c36140_0;  alias, 1 drivers
v0x55b581c372a0_0 .net "in_rd", 4 0, L_0x55b581c54280;  alias, 1 drivers
v0x55b581c37340_0 .net "in_rd1", 31 0, L_0x55b581c547f0;  alias, 1 drivers
v0x55b581c373e0_0 .net "in_rd2", 31 0, L_0x55b581c54cc0;  alias, 1 drivers
v0x55b581c374a0_0 .net "in_rs1", 4 0, L_0x55b581c53fe0;  alias, 1 drivers
v0x55b581c37590_0 .net "in_rs2", 4 0, L_0x55b581c54150;  alias, 1 drivers
v0x55b581c37660_0 .net "in_sel_alu_src_b", 0 0, v0x55b581c30320_0;  alias, 1 drivers
v0x55b581c37730_0 .net "in_sel_result", 1 0, v0x55b581c303e0_0;  alias, 1 drivers
v0x55b581c37800_0 .net "in_we_dm", 0 0, v0x55b581c304c0_0;  alias, 1 drivers
v0x55b581c378d0_0 .net "in_we_rf", 0 0, v0x55b581c30580_0;  alias, 1 drivers
v0x55b581c379a0_0 .var "out_alu_control", 3 0;
v0x55b581c37a70_0 .var "out_branch", 0 0;
v0x55b581c37b10_0 .var "out_funct3", 2 0;
v0x55b581c37bb0_0 .var "out_imm", 31 0;
v0x55b581c37c70_0 .var "out_jump", 0 0;
v0x55b581c37d30_0 .var "out_opcode", 6 0;
v0x55b581c37e20_0 .var "out_pc", 31 0;
v0x55b581c37ee0_0 .var "out_pc_p4", 31 0;
v0x55b581c37fc0_0 .var "out_rd", 4 0;
v0x55b581c380b0_0 .var "out_rd1", 31 0;
v0x55b581c38170_0 .var "out_rd2", 31 0;
v0x55b581c38250_0 .var "out_rs1", 4 0;
v0x55b581c38340_0 .var "out_rs2", 4 0;
v0x55b581c38410_0 .var "out_sel_alu_src_b", 0 0;
v0x55b581c386c0_0 .var "out_sel_result", 1 0;
v0x55b581c387a0_0 .var "out_we_dm", 0 0;
v0x55b581c38860_0 .var "out_we_rf", 0 0;
v0x55b581c38920_0 .net "rst_n", 0 0, v0x55b581c43530_0;  alias, 1 drivers
S_0x55b581c38e60 .scope module, "PLR3" "plr3_ex_ma" 3 241, 3 481 0, S_0x55b581c11540;
 .timescale -9 -12;
    .port_info 0 /INPUT 1 "clk";
    .port_info 1 /INPUT 1 "rst_n";
    .port_info 2 /INPUT 1 "in_we_rf";
    .port_info 3 /INPUT 1 "in_we_dm";
    .port_info 4 /INPUT 2 "in_sel_result";
    .port_info 5 /INPUT 5 "in_rd";
    .port_info 6 /INPUT 32 "in_alu_o";
    .port_info 7 /INPUT 32 "in_dm_wd";
    .port_info 8 /INPUT 32 "in_pc_p4";
    .port_info 9 /INPUT 32 "in_imm_u";
    .port_info 10 /OUTPUT 1 "out_we_rf";
    .port_info 11 /OUTPUT 1 "out_we_dm";
    .port_info 12 /OUTPUT 2 "out_sel_result";
    .port_info 13 /OUTPUT 5 "out_rd";
    .port_info 14 /OUTPUT 32 "out_alu_o";
    .port_info 15 /OUTPUT 32 "out_dm_wd";
    .port_info 16 /OUTPUT 32 "out_pc_p4";
    .port_info 17 /OUTPUT 32 "out_imm_u";
v0x55b581c392a0_0 .net "clk", 0 0, v0x55b581c433b0_0;  alias, 1 drivers
v0x55b581c39360_0 .net "in_alu_o", 31 0, v0x55b581be5320_0;  alias, 1 drivers
v0x55b581c39420_0 .net "in_dm_wd", 31 0, L_0x55b581c56800;  alias, 1 drivers
v0x55b581c394f0_0 .net "in_imm_u", 31 0, v0x55b581c37bb0_0;  alias, 1 drivers
v0x55b581c395e0_0 .net "in_pc_p4", 31 0, v0x55b581c37ee0_0;  alias, 1 drivers
v0x55b581c39680_0 .net "in_rd", 4 0, v0x55b581c37fc0_0;  alias, 1 drivers
v0x55b581c39770_0 .net "in_sel_result", 1 0, v0x55b581c386c0_0;  alias, 1 drivers
v0x55b581c39830_0 .net "in_we_dm", 0 0, v0x55b581c387a0_0;  alias, 1 drivers
v0x55b581c39900_0 .net "in_we_rf", 0 0, v0x55b581c38860_0;  alias, 1 drivers
v0x55b581c39a60_0 .var "out_alu_o", 31 0;
v0x55b581c39b30_0 .var "out_dm_wd", 31 0;
v0x55b581c39c00_0 .var "out_imm_u", 31 0;
v0x55b581c39ca0_0 .var "out_pc_p4", 31 0;
v0x55b581c39d60_0 .var "out_rd", 4 0;
v0x55b581c39e50_0 .var "out_sel_result", 1 0;
v0x55b581c39f10_0 .var "out_we_dm", 0 0;
v0x55b581c39fe0_0 .var "out_we_rf", 0 0;
v0x55b581c3a0b0_0 .net "rst_n", 0 0, v0x55b581c43530_0;  alias, 1 drivers
S_0x55b581c3a3f0 .scope module, "PLR4" "plr4_ma_wb" 3 283, 3 521 0, S_0x55b581c11540;
 .timescale -9 -12;
    .port_info 0 /INPUT 1 "clk";
    .port_info 1 /INPUT 1 "rst_n";
    .port_info 2 /INPUT 1 "in_we_rf";
    .port_info 3 /INPUT 2 "in_sel_result";
    .port_info 4 /INPUT 5 "in_rd";
    .port_info 5 /INPUT 32 "in_alu_o";
    .port_info 6 /INPUT 32 "in_dm_rd";
    .port_info 7 /INPUT 32 "in_pc_p4";
    .port_info 8 /INPUT 32 "in_imm_u";
    .port_info 9 /OUTPUT 1 "out_we_rf";
    .port_info 10 /OUTPUT 2 "out_sel_result";
    .port_info 11 /OUTPUT 5 "out_rd";
    .port_info 12 /OUTPUT 32 "out_alu_o";
    .port_info 13 /OUTPUT 32 "out_dm_rd";
    .port_info 14 /OUTPUT 32 "out_pc_p4";
    .port_info 15 /OUTPUT 32 "out_imm_u";
v0x55b581c39040_0 .net "clk", 0 0, v0x55b581c433b0_0;  alias, 1 drivers
v0x55b581c3a730_0 .net "in_alu_o", 31 0, v0x55b581c39a60_0;  alias, 1 drivers
v0x55b581c3a840_0 .net "in_dm_rd", 31 0, L_0x55b581b4f320;  alias, 1 drivers
v0x55b581c3a910_0 .net "in_imm_u", 31 0, v0x55b581c39c00_0;  alias, 1 drivers
v0x55b581c3a9e0_0 .net "in_pc_p4", 31 0, v0x55b581c39ca0_0;  alias, 1 drivers
v0x55b581c3aad0_0 .net "in_rd", 4 0, v0x55b581c39d60_0;  alias, 1 drivers
v0x55b581c3abc0_0 .net "in_sel_result", 1 0, v0x55b581c39e50_0;  alias, 1 drivers
v0x55b581c3ac80_0 .net "in_we_rf", 0 0, v0x55b581c39fe0_0;  alias, 1 drivers
v0x55b581c3ad70_0 .var "out_alu_o", 31 0;
v0x55b581c3aec0_0 .var "out_dm_rd", 31 0;
v0x55b581c3afa0_0 .var "out_imm_u", 31 0;
v0x55b581c3b080_0 .var "out_pc_p4", 31 0;
v0x55b581c3b160_0 .var "out_rd", 4 0;
v0x55b581c3b220_0 .var "out_sel_result", 1 0;
v0x55b581c3b2e0_0 .var "out_we_rf", 0 0;
v0x55b581c3b3b0_0 .net "rst_n", 0 0, v0x55b581c43530_0;  alias, 1 drivers
S_0x55b581c3b750 .scope module, "RF" "your_reg_file_module" 3 84, 3 557 0, S_0x55b581c11540;
 .timescale -9 -12;
    .port_info 0 /INPUT 1 "clk";
    .port_info 1 /INPUT 1 "rst_n";
    .port_info 2 /INPUT 5 "ra1";
    .port_info 3 /INPUT 5 "ra2";
    .port_info 4 /INPUT 5 "wa";
    .port_info 5 /INPUT 32 "wd";
    .port_info 6 /INPUT 1 "we";
    .port_info 7 /OUTPUT 32 "rd1";
    .port_info 8 /OUTPUT 32 "rd2";
v0x55b581c3ba40 .array "R", 31 0, 31 0;
L_0x7f144e76e0f0 .functor BUFT 1, C4<00000>, C4<0>, C4<0>, C4<0>;
v0x55b581c3bb20_0 .net/2u *"_ivl_0", 4 0, L_0x7f144e76e0f0;  1 drivers
L_0x7f144e76e180 .functor BUFT 1, C4<00>, C4<0>, C4<0>, C4<0>;
v0x55b581c3bc00_0 .net *"_ivl_11", 1 0, L_0x7f144e76e180;  1 drivers
L_0x7f144e76e1c8 .functor BUFT 1, C4<00000>, C4<0>, C4<0>, C4<0>;
v0x55b581c3bcf0_0 .net/2u *"_ivl_14", 4 0, L_0x7f144e76e1c8;  1 drivers
v0x55b581c3bdd0_0 .net *"_ivl_16", 0 0, L_0x55b581c549b0;  1 drivers
L_0x7f144e76e210 .functor BUFT 1, C4<00000000000000000000000000000000>, C4<0>, C4<0>, C4<0>;
v0x55b581c3bee0_0 .net/2u *"_ivl_18", 31 0, L_0x7f144e76e210;  1 drivers
v0x55b581c3bfc0_0 .net *"_ivl_2", 0 0, L_0x55b581c54520;  1 drivers
v0x55b581c3c080_0 .net *"_ivl_20", 31 0, L_0x55b581c54aa0;  1 drivers
v0x55b581c3c160_0 .net *"_ivl_22", 6 0, L_0x55b581c54b80;  1 drivers
L_0x7f144e76e258 .functor BUFT 1, C4<00>, C4<0>, C4<0>, C4<0>;
v0x55b581c3c240_0 .net *"_ivl_25", 1 0, L_0x7f144e76e258;  1 drivers
L_0x7f144e76e138 .functor BUFT 1, C4<00000000000000000000000000000000>, C4<0>, C4<0>, C4<0>;
v0x55b581c3c320_0 .net/2u *"_ivl_4", 31 0, L_0x7f144e76e138;  1 drivers
v0x55b581c3c400_0 .net *"_ivl_6", 31 0, L_0x55b581c54610;  1 drivers
v0x55b581c3c4e0_0 .net *"_ivl_8", 6 0, L_0x55b581c546b0;  1 drivers
v0x55b581c3c5c0_0 .net "clk", 0 0, v0x55b581c433b0_0;  alias, 1 drivers
v0x55b581c3c660_0 .var/i "i", 31 0;
v0x55b581c3c740_0 .net "ra1", 4 0, L_0x55b581c53fe0;  alias, 1 drivers
v0x55b581c3c800_0 .net "ra2", 4 0, L_0x55b581c54150;  alias, 1 drivers
v0x55b581c3ca20_0 .net "rd1", 31 0, L_0x55b581c547f0;  alias, 1 drivers
v0x55b581c3cae0_0 .net "rd2", 31 0, L_0x55b581c54cc0;  alias, 1 drivers
v0x55b581c3cb80_0 .net "rst_n", 0 0, v0x55b581c43530_0;  alias, 1 drivers
v0x55b581c3cc20_0 .net "wa", 4 0, v0x55b581c3b160_0;  alias, 1 drivers
v0x55b581c3cd10_0 .net "wd", 31 0, L_0x55b581c57f10;  alias, 1 drivers
v0x55b581c3cdf0_0 .net "we", 0 0, v0x55b581c3b2e0_0;  alias, 1 drivers
E_0x55b581c3b9c0 .event negedge, v0x55b581c31550_0;
L_0x55b581c54520 .cmp/eq 5, L_0x55b581c53fe0, L_0x7f144e76e0f0;
L_0x55b581c54610 .array/port v0x55b581c3ba40, L_0x55b581c546b0;
L_0x55b581c546b0 .concat [ 5 2 0 0], L_0x55b581c53fe0, L_0x7f144e76e180;
L_0x55b581c547f0 .functor MUXZ 32, L_0x55b581c54610, L_0x7f144e76e138, L_0x55b581c54520, C4<>;
L_0x55b581c549b0 .cmp/eq 5, L_0x55b581c54150, L_0x7f144e76e1c8;
L_0x55b581c54aa0 .array/port v0x55b581c3ba40, L_0x55b581c54b80;
L_0x55b581c54b80 .concat [ 5 2 0 0], L_0x55b581c54150, L_0x7f144e76e258;
L_0x55b581c54cc0 .functor MUXZ 32, L_0x55b581c54aa0, L_0x7f144e76e210, L_0x55b581c549b0, C4<>;
    .scope S_0x55b581c34f70;
T_2 ;
    %wait E_0x55b581b485b0;
    %load/vec4 v0x55b581c354e0_0;
    %nor/r;
    %flag_set/vec4 8;
    %jmp/0xz  T_2.0, 8;
    %pushi/vec4 0, 0, 32;
    %assign/vec4 v0x55b581c35410_0, 0;
    %jmp T_2.1;
T_2.0 ;
    %load/vec4 v0x55b581c35310_0;
    %flag_set/vec4 8;
    %jmp/0xz  T_2.2, 8;
    %load/vec4 v0x55b581c35250_0;
    %assign/vec4 v0x55b581c35410_0, 0;
T_2.2 ;
T_2.1 ;
    %jmp T_2;
    .thread T_2;
    .scope S_0x55b581c35650;
T_3 ;
    %wait E_0x55b581b485b0;
    %load/vec4 v0x55b581c36220_0;
    %nor/r;
    %flag_set/vec4 8;
    %jmp/0xz  T_3.0, 8;
    %pushi/vec4 19, 0, 32;
    %assign/vec4 v0x55b581c35fe0_0, 0;
    %pushi/vec4 0, 0, 32;
    %assign/vec4 v0x55b581c36080_0, 0;
    %pushi/vec4 0, 0, 32;
    %assign/vec4 v0x55b581c36140_0, 0;
    %jmp T_3.1;
T_3.0 ;
    %load/vec4 v0x55b581c35b70_0;
    %flag_set/vec4 8;
    %jmp/0xz  T_3.2, 8;
    %pushi/vec4 19, 0, 32;
    %assign/vec4 v0x55b581c35fe0_0, 0;
    %pushi/vec4 0, 0, 32;
    %assign/vec4 v0x55b581c36080_0, 0;
    %pushi/vec4 0, 0, 32;
    %assign/vec4 v0x55b581c36140_0, 0;
    %jmp T_3.3;
T_3.2 ;
    %load/vec4 v0x55b581c35c30_0;
    %flag_set/vec4 8;
    %jmp/0xz  T_3.4, 8;
    %load/vec4 v0x55b581c35d30_0;
    %assign/vec4 v0x55b581c35fe0_0, 0;
    %load/vec4 v0x55b581c35e00_0;
    %assign/vec4 v0x55b581c36080_0, 0;
    %load/vec4 v0x55b581c35f40_0;
    %assign/vec4 v0x55b581c36140_0, 0;
T_3.4 ;
T_3.3 ;
T_3.1 ;
    %jmp T_3;
    .thread T_3;
    .scope S_0x55b581c34a20;
T_4 ;
    %wait E_0x55b581c34bf0;
    %load/vec4 v0x55b581c34e50_0;
    %dup/vec4;
    %pushi/vec4 19, 0, 7;
    %cmp/u;
    %jmp/1 T_4.0, 6;
    %dup/vec4;
    %pushi/vec4 3, 0, 7;
    %cmp/u;
    %jmp/1 T_4.1, 6;
    %dup/vec4;
    %pushi/vec4 35, 0, 7;
    %cmp/u;
    %jmp/1 T_4.2, 6;
    %dup/vec4;
    %pushi/vec4 99, 0, 7;
    %cmp/u;
    %jmp/1 T_4.3, 6;
    %dup/vec4;
    %pushi/vec4 111, 0, 7;
    %cmp/u;
    %jmp/1 T_4.4, 6;
    %dup/vec4;
    %pushi/vec4 55, 0, 7;
    %cmp/u;
    %jmp/1 T_4.5, 6;
    %pushi/vec4 0, 0, 32;
    %store/vec4 v0x55b581c34c70_0, 0, 32;
    %jmp T_4.7;
T_4.0 ;
    %load/vec4 v0x55b581c34d70_0;
    %parti/s 1, 31, 6;
    %replicate 20;
    %load/vec4 v0x55b581c34d70_0;
    %parti/s 12, 20, 6;
    %concat/vec4; draw_concat_vec4
    %store/vec4 v0x55b581c34c70_0, 0, 32;
    %jmp T_4.7;
T_4.1 ;
    %load/vec4 v0x55b581c34d70_0;
    %parti/s 1, 31, 6;
    %replicate 20;
    %load/vec4 v0x55b581c34d70_0;
    %parti/s 12, 20, 6;
    %concat/vec4; draw_concat_vec4
    %store/vec4 v0x55b581c34c70_0, 0, 32;
    %jmp T_4.7;
T_4.2 ;
    %load/vec4 v0x55b581c34d70_0;
    %parti/s 1, 31, 6;
    %replicate 20;
    %load/vec4 v0x55b581c34d70_0;
    %parti/s 7, 25, 6;
    %concat/vec4; draw_concat_vec4
    %load/vec4 v0x55b581c34d70_0;
    %parti/s 5, 7, 4;
    %concat/vec4; draw_concat_vec4
    %store/vec4 v0x55b581c34c70_0, 0, 32;
    %jmp T_4.7;
T_4.3 ;
    %load/vec4 v0x55b581c34d70_0;
    %parti/s 1, 31, 6;
    %replicate 19;
    %load/vec4 v0x55b581c34d70_0;
    %parti/s 1, 31, 6;
    %concat/vec4; draw_concat_vec4
    %load/vec4 v0x55b581c34d70_0;
    %parti/s 1, 7, 4;
    %concat/vec4; draw_concat_vec4
    %load/vec4 v0x55b581c34d70_0;
    %parti/s 6, 25, 6;
    %concat/vec4; draw_concat_vec4
    %load/vec4 v0x55b581c34d70_0;
    %parti/s 4, 8, 5;
    %concat/vec4; draw_concat_vec4
    %concati/vec4 0, 0, 1;
    %store/vec4 v0x55b581c34c70_0, 0, 32;
    %jmp T_4.7;
T_4.4 ;
    %load/vec4 v0x55b581c34d70_0;
    %parti/s 1, 31, 6;
    %replicate 11;
    %load/vec4 v0x55b581c34d70_0;
    %parti/s 1, 31, 6;
    %concat/vec4; draw_concat_vec4
    %load/vec4 v0x55b581c34d70_0;
    %parti/s 8, 12, 5;
    %concat/vec4; draw_concat_vec4
    %load/vec4 v0x55b581c34d70_0;
    %parti/s 1, 20, 6;
    %concat/vec4; draw_concat_vec4
    %load/vec4 v0x55b581c34d70_0;
    %parti/s 10, 21, 6;
    %concat/vec4; draw_concat_vec4
    %concati/vec4 0, 0, 1;
    %store/vec4 v0x55b581c34c70_0, 0, 32;
    %jmp T_4.7;
T_4.5 ;
    %load/vec4 v0x55b581c34d70_0;
    %parti/s 20, 12, 5;
    %concati/vec4 0, 0, 12;
    %store/vec4 v0x55b581c34c70_0, 0, 32;
    %jmp T_4.7;
T_4.7 ;
    %pop/vec4 1;
    %jmp T_4;
    .thread T_4, $push;
    .scope S_0x55b581c3b750;
T_5 ;
    %wait E_0x55b581c3b9c0;
    %load/vec4 v0x55b581c3cb80_0;
    %nor/r;
    %flag_set/vec4 8;
    %jmp/0xz  T_5.0, 8;
    %pushi/vec4 0, 0, 32;
    %store/vec4 v0x55b581c3c660_0, 0, 32;
T_5.2 ;
    %load/vec4 v0x55b581c3c660_0;
    %cmpi/s 32, 0, 32;
    %jmp/0xz T_5.3, 5;
    %pushi/vec4 0, 0, 32;
    %ix/getv/s 3, v0x55b581c3c660_0;
    %ix/load 4, 0, 0; Constant delay
    %assign/vec4/a/d v0x55b581c3ba40, 0, 4;
    %load/vec4 v0x55b581c3c660_0;
    %addi 1, 0, 32;
    %store/vec4 v0x55b581c3c660_0, 0, 32;
    %jmp T_5.2;
T_5.3 ;
    %jmp T_5.1;
T_5.0 ;
    %load/vec4 v0x55b581c3cdf0_0;
    %flag_set/vec4 9;
    %flag_get/vec4 9;
    %jmp/0 T_5.6, 9;
    %load/vec4 v0x55b581c3cc20_0;
    %pushi/vec4 0, 0, 5;
    %cmp/ne;
    %flag_get/vec4 4;
    %and;
T_5.6;
    %flag_set/vec4 8;
    %jmp/0xz  T_5.4, 8;
    %load/vec4 v0x55b581c3cd10_0;
    %load/vec4 v0x55b581c3cc20_0;
    %pad/u 7;
    %ix/vec4 3;
    %ix/load 4, 0, 0; Constant delay
    %assign/vec4/a/d v0x55b581c3ba40, 0, 4;
T_5.4 ;
    %pushi/vec4 0, 0, 32;
    %ix/load 3, 0, 0;
    %flag_set/imm 4, 0;
    %ix/load 4, 0, 0; Constant delay
    %assign/vec4/a/d v0x55b581c3ba40, 0, 4;
T_5.1 ;
    %jmp T_5;
    .thread T_5;
    .scope S_0x55b581c2f3c0;
T_6 ;
    %wait E_0x55b581ba3420;
    %pushi/vec4 0, 0, 1;
    %store/vec4 v0x55b581c30580_0, 0, 1;
    %pushi/vec4 0, 0, 1;
    %store/vec4 v0x55b581c304c0_0, 0, 1;
    %pushi/vec4 0, 0, 1;
    %store/vec4 v0x55b581c2fed0_0, 0, 1;
    %pushi/vec4 0, 0, 1;
    %store/vec4 v0x55b581c30130_0, 0, 1;
    %pushi/vec4 0, 0, 2;
    %store/vec4 v0x55b581c303e0_0, 0, 2;
    %pushi/vec4 0, 0, 1;
    %store/vec4 v0x55b581c30320_0, 0, 1;
    %pushi/vec4 0, 0, 4;
    %store/vec4 v0x55b581c2fdd0_0, 0, 4;
    %load/vec4 v0x55b581c30240_0;
    %dup/vec4;
    %pushi/vec4 51, 0, 7;
    %cmp/u;
    %jmp/1 T_6.0, 6;
    %dup/vec4;
    %pushi/vec4 19, 0, 7;
    %cmp/u;
    %jmp/1 T_6.1, 6;
    %dup/vec4;
    %pushi/vec4 3, 0, 7;
    %cmp/u;
    %jmp/1 T_6.2, 6;
    %dup/vec4;
    %pushi/vec4 35, 0, 7;
    %cmp/u;
    %jmp/1 T_6.3, 6;
    %dup/vec4;
    %pushi/vec4 99, 0, 7;
    %cmp/u;
    %jmp/1 T_6.4, 6;
    %dup/vec4;
    %pushi/vec4 111, 0, 7;
    %cmp/u;
    %jmp/1 T_6.5, 6;
    %dup/vec4;
    %pushi/vec4 55, 0, 7;
    %cmp/u;
    %jmp/1 T_6.6, 6;
    %jmp T_6.7;
T_6.0 ;
    %pushi/vec4 1, 0, 1;
    %store/vec4 v0x55b581c30580_0, 0, 1;
    %pushi/vec4 0, 0, 2;
    %store/vec4 v0x55b581c303e0_0, 0, 2;
    %pushi/vec4 0, 0, 1;
    %store/vec4 v0x55b581c30320_0, 0, 1;
    %load/vec4 v0x55b581c2ff90_0;
    %dup/vec4;
    %pushi/vec4 0, 0, 3;
    %cmp/u;
    %jmp/1 T_6.8, 6;
    %dup/vec4;
    %pushi/vec4 4, 0, 3;
    %cmp/u;
    %jmp/1 T_6.9, 6;
    %dup/vec4;
    %pushi/vec4 6, 0, 3;
    %cmp/u;
    %jmp/1 T_6.10, 6;
    %dup/vec4;
    %pushi/vec4 7, 0, 3;
    %cmp/u;
    %jmp/1 T_6.11, 6;
    %dup/vec4;
    %pushi/vec4 1, 0, 3;
    %cmp/u;
    %jmp/1 T_6.12, 6;
    %dup/vec4;
    %pushi/vec4 5, 0, 3;
    %cmp/u;
    %jmp/1 T_6.13, 6;
    %dup/vec4;
    %pushi/vec4 2, 0, 3;
    %cmp/u;
    %jmp/1 T_6.14, 6;
    %dup/vec4;
    %pushi/vec4 3, 0, 3;
    %cmp/u;
    %jmp/1 T_6.15, 6;
    %pushi/vec4 0, 0, 4;
    %store/vec4 v0x55b581c2fdd0_0, 0, 4;
    %jmp T_6.17;
T_6.8 ;
    %load/vec4 v0x55b581c30050_0;
    %parti/s 1, 5, 4;
    %flag_set/vec4 8;
    %jmp/0 T_6.18, 8;
    %pushi/vec4 1, 0, 4;
    %jmp/1 T_6.19, 8;
T_6.18 ; End of true expr.
    %pushi/vec4 0, 0, 4;
    %jmp/0 T_6.19, 8;
 ; End of false expr.
    %blend;
T_6.19;
    %store/vec4 v0x55b581c2fdd0_0, 0, 4;
    %jmp T_6.17;
T_6.9 ;
    %pushi/vec4 2, 0, 4;
    %store/vec4 v0x55b581c2fdd0_0, 0, 4;
    %jmp T_6.17;
T_6.10 ;
    %pushi/vec4 3, 0, 4;
    %store/vec4 v0x55b581c2fdd0_0, 0, 4;
    %jmp T_6.17;
T_6.11 ;
    %pushi/vec4 4, 0, 4;
    %store/vec4 v0x55b581c2fdd0_0, 0, 4;
    %jmp T_6.17;
T_6.12 ;
    %pushi/vec4 5, 0, 4;
    %store/vec4 v0x55b581c2fdd0_0, 0, 4;
    %jmp T_6.17;
T_6.13 ;
    %load/vec4 v0x55b581c30050_0;
    %parti/s 1, 5, 4;
    %flag_set/vec4 8;
    %jmp/0 T_6.20, 8;
    %pushi/vec4 7, 0, 4;
    %jmp/1 T_6.21, 8;
T_6.20 ; End of true expr.
    %pushi/vec4 6, 0, 4;
    %jmp/0 T_6.21, 8;
 ; End of false expr.
    %blend;
T_6.21;
    %store/vec4 v0x55b581c2fdd0_0, 0, 4;
    %jmp T_6.17;
T_6.14 ;
    %pushi/vec4 8, 0, 4;
    %store/vec4 v0x55b581c2fdd0_0, 0, 4;
    %jmp T_6.17;
T_6.15 ;
    %pushi/vec4 9, 0, 4;
    %store/vec4 v0x55b581c2fdd0_0, 0, 4;
    %jmp T_6.17;
T_6.17 ;
    %pop/vec4 1;
    %jmp T_6.7;
T_6.1 ;
    %pushi/vec4 1, 0, 1;
    %store/vec4 v0x55b581c30580_0, 0, 1;
    %pushi/vec4 0, 0, 2;
    %store/vec4 v0x55b581c303e0_0, 0, 2;
    %pushi/vec4 1, 0, 1;
    %store/vec4 v0x55b581c30320_0, 0, 1;
    %load/vec4 v0x55b581c2ff90_0;
    %dup/vec4;
    %pushi/vec4 0, 0, 3;
    %cmp/u;
    %jmp/1 T_6.22, 6;
    %dup/vec4;
    %pushi/vec4 4, 0, 3;
    %cmp/u;
    %jmp/1 T_6.23, 6;
    %dup/vec4;
    %pushi/vec4 6, 0, 3;
    %cmp/u;
    %jmp/1 T_6.24, 6;
    %dup/vec4;
    %pushi/vec4 7, 0, 3;
    %cmp/u;
    %jmp/1 T_6.25, 6;
    %dup/vec4;
    %pushi/vec4 1, 0, 3;
    %cmp/u;
    %jmp/1 T_6.26, 6;
    %dup/vec4;
    %pushi/vec4 5, 0, 3;
    %cmp/u;
    %jmp/1 T_6.27, 6;
    %dup/vec4;
    %pushi/vec4 2, 0, 3;
    %cmp/u;
    %jmp/1 T_6.28, 6;
    %dup/vec4;
    %pushi/vec4 3, 0, 3;
    %cmp/u;
    %jmp/1 T_6.29, 6;
    %pushi/vec4 0, 0, 4;
    %store/vec4 v0x55b581c2fdd0_0, 0, 4;
    %jmp T_6.31;
T_6.22 ;
    %pushi/vec4 0, 0, 4;
    %store/vec4 v0x55b581c2fdd0_0, 0, 4;
    %jmp T_6.31;
T_6.23 ;
    %pushi/vec4 2, 0, 4;
    %store/vec4 v0x55b581c2fdd0_0, 0, 4;
    %jmp T_6.31;
T_6.24 ;
    %pushi/vec4 3, 0, 4;
    %store/vec4 v0x55b581c2fdd0_0, 0, 4;
    %jmp T_6.31;
T_6.25 ;
    %pushi/vec4 4, 0, 4;
    %store/vec4 v0x55b581c2fdd0_0, 0, 4;
    %jmp T_6.31;
T_6.26 ;
    %pushi/vec4 5, 0, 4;
    %store/vec4 v0x55b581c2fdd0_0, 0, 4;
    %jmp T_6.31;
T_6.27 ;
    %load/vec4 v0x55b581c30050_0;
    %parti/s 1, 5, 4;
    %flag_set/vec4 8;
    %jmp/0 T_6.32, 8;
    %pushi/vec4 7, 0, 4;
    %jmp/1 T_6.33, 8;
T_6.32 ; End of true expr.
    %pushi/vec4 6, 0, 4;
    %jmp/0 T_6.33, 8;
 ; End of false expr.
    %blend;
T_6.33;
    %store/vec4 v0x55b581c2fdd0_0, 0, 4;
    %jmp T_6.31;
T_6.28 ;
    %pushi/vec4 8, 0, 4;
    %store/vec4 v0x55b581c2fdd0_0, 0, 4;
    %jmp T_6.31;
T_6.29 ;
    %pushi/vec4 9, 0, 4;
    %store/vec4 v0x55b581c2fdd0_0, 0, 4;
    %jmp T_6.31;
T_6.31 ;
    %pop/vec4 1;
    %jmp T_6.7;
T_6.2 ;
    %pushi/vec4 1, 0, 1;
    %store/vec4 v0x55b581c30580_0, 0, 1;
    %pushi/vec4 1, 0, 2;
    %store/vec4 v0x55b581c303e0_0, 0, 2;
    %pushi/vec4 1, 0, 1;
    %store/vec4 v0x55b581c30320_0, 0, 1;
    %pushi/vec4 0, 0, 4;
    %store/vec4 v0x55b581c2fdd0_0, 0, 4;
    %jmp T_6.7;
T_6.3 ;
    %pushi/vec4 1, 0, 1;
    %store/vec4 v0x55b581c304c0_0, 0, 1;
    %pushi/vec4 1, 0, 1;
    %store/vec4 v0x55b581c30320_0, 0, 1;
    %pushi/vec4 0, 0, 4;
    %store/vec4 v0x55b581c2fdd0_0, 0, 4;
    %jmp T_6.7;
T_6.4 ;
    %pushi/vec4 1, 0, 1;
    %store/vec4 v0x55b581c2fed0_0, 0, 1;
    %pushi/vec4 1, 0, 4;
    %store/vec4 v0x55b581c2fdd0_0, 0, 4;
    %jmp T_6.7;
T_6.5 ;
    %pushi/vec4 1, 0, 1;
    %store/vec4 v0x55b581c30580_0, 0, 1;
    %pushi/vec4 1, 0, 1;
    %store/vec4 v0x55b581c30130_0, 0, 1;
    %pushi/vec4 2, 0, 2;
    %store/vec4 v0x55b581c303e0_0, 0, 2;
    %jmp T_6.7;
T_6.6 ;
    %pushi/vec4 1, 0, 1;
    %store/vec4 v0x55b581c30580_0, 0, 1;
    %pushi/vec4 3, 0, 2;
    %store/vec4 v0x55b581c303e0_0, 0, 2;
    %jmp T_6.7;
T_6.7 ;
    %pop/vec4 1;
    %jmp T_6;
    .thread T_6, $push;
    .scope S_0x55b581c36440;
T_7 ;
    %wait E_0x55b581b485b0;
    %load/vec4 v0x55b581c38920_0;
    %nor/r;
    %flag_set/vec4 8;
    %jmp/0xz  T_7.0, 8;
    %pushi/vec4 0, 0, 32;
    %assign/vec4 v0x55b581c37e20_0, 0;
    %pushi/vec4 0, 0, 32;
    %assign/vec4 v0x55b581c37ee0_0, 0;
    %pushi/vec4 0, 0, 32;
    %assign/vec4 v0x55b581c37bb0_0, 0;
    %pushi/vec4 0, 0, 32;
    %assign/vec4 v0x55b581c380b0_0, 0;
    %pushi/vec4 0, 0, 32;
    %assign/vec4 v0x55b581c38170_0, 0;
    %pushi/vec4 0, 0, 5;
    %assign/vec4 v0x55b581c38250_0, 0;
    %pushi/vec4 0, 0, 5;
    %assign/vec4 v0x55b581c38340_0, 0;
    %pushi/vec4 0, 0, 5;
    %assign/vec4 v0x55b581c37fc0_0, 0;
    %pushi/vec4 0, 0, 3;
    %assign/vec4 v0x55b581c37b10_0, 0;
    %pushi/vec4 0, 0, 7;
    %assign/vec4 v0x55b581c37d30_0, 0;
    %pushi/vec4 0, 0, 1;
    %assign/vec4 v0x55b581c38860_0, 0;
    %pushi/vec4 0, 0, 1;
    %assign/vec4 v0x55b581c387a0_0, 0;
    %pushi/vec4 0, 0, 1;
    %assign/vec4 v0x55b581c37a70_0, 0;
    %pushi/vec4 0, 0, 1;
    %assign/vec4 v0x55b581c37c70_0, 0;
    %pushi/vec4 0, 0, 2;
    %assign/vec4 v0x55b581c386c0_0, 0;
    %pushi/vec4 0, 0, 1;
    %assign/vec4 v0x55b581c38410_0, 0;
    %pushi/vec4 0, 0, 4;
    %assign/vec4 v0x55b581c379a0_0, 0;
    %jmp T_7.1;
T_7.0 ;
    %load/vec4 v0x55b581c36aa0_0;
    %flag_set/vec4 8;
    %jmp/0xz  T_7.2, 8;
    %pushi/vec4 0, 0, 32;
    %assign/vec4 v0x55b581c37e20_0, 0;
    %pushi/vec4 0, 0, 32;
    %assign/vec4 v0x55b581c37ee0_0, 0;
    %pushi/vec4 0, 0, 32;
    %assign/vec4 v0x55b581c37bb0_0, 0;
    %pushi/vec4 0, 0, 32;
    %assign/vec4 v0x55b581c380b0_0, 0;
    %pushi/vec4 0, 0, 32;
    %assign/vec4 v0x55b581c38170_0, 0;
    %pushi/vec4 0, 0, 5;
    %assign/vec4 v0x55b581c38250_0, 0;
    %pushi/vec4 0, 0, 5;
    %assign/vec4 v0x55b581c38340_0, 0;
    %pushi/vec4 0, 0, 5;
    %assign/vec4 v0x55b581c37fc0_0, 0;
    %pushi/vec4 0, 0, 3;
    %assign/vec4 v0x55b581c37b10_0, 0;
    %pushi/vec4 0, 0, 7;
    %assign/vec4 v0x55b581c37d30_0, 0;
    %pushi/vec4 0, 0, 1;
    %assign/vec4 v0x55b581c38860_0, 0;
    %pushi/vec4 0, 0, 1;
    %assign/vec4 v0x55b581c387a0_0, 0;
    %pushi/vec4 0, 0, 1;
    %assign/vec4 v0x55b581c37a70_0, 0;
    %pushi/vec4 0, 0, 1;
    %assign/vec4 v0x55b581c37c70_0, 0;
    %pushi/vec4 0, 0, 2;
    %assign/vec4 v0x55b581c386c0_0, 0;
    %pushi/vec4 0, 0, 1;
    %assign/vec4 v0x55b581c38410_0, 0;
    %pushi/vec4 0, 0, 4;
    %assign/vec4 v0x55b581c379a0_0, 0;
    %jmp T_7.3;
T_7.2 ;
    %load/vec4 v0x55b581c37070_0;
    %assign/vec4 v0x55b581c37e20_0, 0;
    %load/vec4 v0x55b581c371d0_0;
    %assign/vec4 v0x55b581c37ee0_0, 0;
    %load/vec4 v0x55b581c36e00_0;
    %assign/vec4 v0x55b581c37bb0_0, 0;
    %load/vec4 v0x55b581c37340_0;
    %assign/vec4 v0x55b581c380b0_0, 0;
    %load/vec4 v0x55b581c373e0_0;
    %assign/vec4 v0x55b581c38170_0, 0;
    %load/vec4 v0x55b581c374a0_0;
    %assign/vec4 v0x55b581c38250_0, 0;
    %load/vec4 v0x55b581c37590_0;
    %assign/vec4 v0x55b581c38340_0, 0;
    %load/vec4 v0x55b581c372a0_0;
    %assign/vec4 v0x55b581c37fc0_0, 0;
    %load/vec4 v0x55b581c36d60_0;
    %assign/vec4 v0x55b581c37b10_0, 0;
    %load/vec4 v0x55b581c36fa0_0;
    %assign/vec4 v0x55b581c37d30_0, 0;
    %load/vec4 v0x55b581c378d0_0;
    %assign/vec4 v0x55b581c38860_0, 0;
    %load/vec4 v0x55b581c37800_0;
    %assign/vec4 v0x55b581c387a0_0, 0;
    %load/vec4 v0x55b581c36c90_0;
    %assign/vec4 v0x55b581c37a70_0, 0;
    %load/vec4 v0x55b581c36ed0_0;
    %assign/vec4 v0x55b581c37c70_0, 0;
    %load/vec4 v0x55b581c37730_0;
    %assign/vec4 v0x55b581c386c0_0, 0;
    %load/vec4 v0x55b581c37660_0;
    %assign/vec4 v0x55b581c38410_0, 0;
    %load/vec4 v0x55b581c36b90_0;
    %assign/vec4 v0x55b581c379a0_0, 0;
T_7.3 ;
T_7.1 ;
    %jmp T_7;
    .thread T_7;
    .scope S_0x55b581bfdab0;
T_8 ;
    %wait E_0x55b581ba3170;
    %load/vec4 v0x55b581c08130_0;
    %dup/vec4;
    %pushi/vec4 0, 0, 4;
    %cmp/u;
    %jmp/1 T_8.0, 6;
    %dup/vec4;
    %pushi/vec4 1, 0, 4;
    %cmp/u;
    %jmp/1 T_8.1, 6;
    %dup/vec4;
    %pushi/vec4 2, 0, 4;
    %cmp/u;
    %jmp/1 T_8.2, 6;
    %dup/vec4;
    %pushi/vec4 3, 0, 4;
    %cmp/u;
    %jmp/1 T_8.3, 6;
    %dup/vec4;
    %pushi/vec4 4, 0, 4;
    %cmp/u;
    %jmp/1 T_8.4, 6;
    %dup/vec4;
    %pushi/vec4 5, 0, 4;
    %cmp/u;
    %jmp/1 T_8.5, 6;
    %dup/vec4;
    %pushi/vec4 6, 0, 4;
    %cmp/u;
    %jmp/1 T_8.6, 6;
    %dup/vec4;
    %pushi/vec4 7, 0, 4;
    %cmp/u;
    %jmp/1 T_8.7, 6;
    %dup/vec4;
    %pushi/vec4 8, 0, 4;
    %cmp/u;
    %jmp/1 T_8.8, 6;
    %dup/vec4;
    %pushi/vec4 9, 0, 4;
    %cmp/u;
    %jmp/1 T_8.9, 6;
    %pushi/vec4 0, 0, 32;
    %store/vec4 v0x55b581be5320_0, 0, 32;
    %jmp T_8.11;
T_8.0 ;
    %load/vec4 v0x55b581c0bc40_0;
    %load/vec4 v0x55b581bfa9e0_0;
    %add;
    %store/vec4 v0x55b581be5320_0, 0, 32;
    %jmp T_8.11;
T_8.1 ;
    %load/vec4 v0x55b581c0bc40_0;
    %load/vec4 v0x55b581bfa9e0_0;
    %sub;
    %store/vec4 v0x55b581be5320_0, 0, 32;
    %jmp T_8.11;
T_8.2 ;
    %load/vec4 v0x55b581c0bc40_0;
    %load/vec4 v0x55b581bfa9e0_0;
    %xor;
    %store/vec4 v0x55b581be5320_0, 0, 32;
    %jmp T_8.11;
T_8.3 ;
    %load/vec4 v0x55b581c0bc40_0;
    %load/vec4 v0x55b581bfa9e0_0;
    %or;
    %store/vec4 v0x55b581be5320_0, 0, 32;
    %jmp T_8.11;
T_8.4 ;
    %load/vec4 v0x55b581c0bc40_0;
    %load/vec4 v0x55b581bfa9e0_0;
    %and;
    %store/vec4 v0x55b581be5320_0, 0, 32;
    %jmp T_8.11;
T_8.5 ;
    %load/vec4 v0x55b581c0bc40_0;
    %ix/getv 4, v0x55b581be8510_0;
    %shiftl 4;
    %store/vec4 v0x55b581be5320_0, 0, 32;
    %jmp T_8.11;
T_8.6 ;
    %load/vec4 v0x55b581c0bc40_0;
    %ix/getv 4, v0x55b581be8510_0;
    %shiftr 4;
    %store/vec4 v0x55b581be5320_0, 0, 32;
    %jmp T_8.11;
T_8.7 ;
    %load/vec4 v0x55b581c0bc40_0;
    %ix/getv 4, v0x55b581be8510_0;
    %shiftr/s 4;
    %store/vec4 v0x55b581be5320_0, 0, 32;
    %jmp T_8.11;
T_8.8 ;
    %load/vec4 v0x55b581c0bc40_0;
    %load/vec4 v0x55b581bfa9e0_0;
    %cmp/s;
    %flag_mov 8, 5;
    %jmp/0 T_8.12, 8;
    %pushi/vec4 1, 0, 32;
    %jmp/1 T_8.13, 8;
T_8.12 ; End of true expr.
    %pushi/vec4 0, 0, 32;
    %jmp/0 T_8.13, 8;
 ; End of false expr.
    %blend;
T_8.13;
    %store/vec4 v0x55b581be5320_0, 0, 32;
    %jmp T_8.11;
T_8.9 ;
    %load/vec4 v0x55b581c0bc40_0;
    %load/vec4 v0x55b581bfa9e0_0;
    %cmp/u;
    %flag_mov 8, 5;
    %jmp/0 T_8.14, 8;
    %pushi/vec4 1, 0, 32;
    %jmp/1 T_8.15, 8;
T_8.14 ; End of true expr.
    %pushi/vec4 0, 0, 32;
    %jmp/0 T_8.15, 8;
 ; End of false expr.
    %blend;
T_8.15;
    %store/vec4 v0x55b581be5320_0, 0, 32;
    %jmp T_8.11;
T_8.11 ;
    %pop/vec4 1;
    %jmp T_8;
    .thread T_8, $push;
    .scope S_0x55b581c38e60;
T_9 ;
    %wait E_0x55b581b485b0;
    %load/vec4 v0x55b581c3a0b0_0;
    %nor/r;
    %flag_set/vec4 8;
    %jmp/0xz  T_9.0, 8;
    %pushi/vec4 0, 0, 1;
    %assign/vec4 v0x55b581c39fe0_0, 0;
    %pushi/vec4 0, 0, 1;
    %assign/vec4 v0x55b581c39f10_0, 0;
    %pushi/vec4 0, 0, 2;
    %assign/vec4 v0x55b581c39e50_0, 0;
    %pushi/vec4 0, 0, 5;
    %assign/vec4 v0x55b581c39d60_0, 0;
    %pushi/vec4 0, 0, 32;
    %assign/vec4 v0x55b581c39a60_0, 0;
    %pushi/vec4 0, 0, 32;
    %assign/vec4 v0x55b581c39b30_0, 0;
    %pushi/vec4 0, 0, 32;
    %assign/vec4 v0x55b581c39ca0_0, 0;
    %pushi/vec4 0, 0, 32;
    %assign/vec4 v0x55b581c39c00_0, 0;
    %jmp T_9.1;
T_9.0 ;
    %load/vec4 v0x55b581c39900_0;
    %assign/vec4 v0x55b581c39fe0_0, 0;
    %load/vec4 v0x55b581c39830_0;
    %assign/vec4 v0x55b581c39f10_0, 0;
    %load/vec4 v0x55b581c39770_0;
    %assign/vec4 v0x55b581c39e50_0, 0;
    %load/vec4 v0x55b581c39680_0;
    %assign/vec4 v0x55b581c39d60_0, 0;
    %load/vec4 v0x55b581c39360_0;
    %assign/vec4 v0x55b581c39a60_0, 0;
    %load/vec4 v0x55b581c39420_0;
    %assign/vec4 v0x55b581c39b30_0, 0;
    %load/vec4 v0x55b581c395e0_0;
    %assign/vec4 v0x55b581c39ca0_0, 0;
    %load/vec4 v0x55b581c394f0_0;
    %assign/vec4 v0x55b581c39c00_0, 0;
T_9.1 ;
    %jmp T_9;
    .thread T_9;
    .scope S_0x55b581c30780;
T_10 ;
    %wait E_0x55b581b485b0;
    %load/vec4 v0x55b581c318b0_0;
    %flag_set/vec4 8;
    %jmp/0xz  T_10.0, 8;
    %load/vec4 v0x55b581c317d0_0;
    %load/vec4 v0x55b581c31610_0;
    %pad/u 12;
    %ix/vec4 3;
    %ix/load 4, 0, 0; Constant delay
    %assign/vec4/a/d v0x55b581c30f00, 0, 4;
T_10.0 ;
    %jmp T_10;
    .thread T_10;
    .scope S_0x55b581c3a3f0;
T_11 ;
    %wait E_0x55b581b485b0;
    %load/vec4 v0x55b581c3b3b0_0;
    %nor/r;
    %flag_set/vec4 8;
    %jmp/0xz  T_11.0, 8;
    %pushi/vec4 0, 0, 1;
    %assign/vec4 v0x55b581c3b2e0_0, 0;
    %pushi/vec4 0, 0, 2;
    %assign/vec4 v0x55b581c3b220_0, 0;
    %pushi/vec4 0, 0, 5;
    %assign/vec4 v0x55b581c3b160_0, 0;
    %pushi/vec4 0, 0, 32;
    %assign/vec4 v0x55b581c3ad70_0, 0;
    %pushi/vec4 0, 0, 32;
    %assign/vec4 v0x55b581c3aec0_0, 0;
    %pushi/vec4 0, 0, 32;
    %assign/vec4 v0x55b581c3b080_0, 0;
    %pushi/vec4 0, 0, 32;
    %assign/vec4 v0x55b581c3afa0_0, 0;
    %jmp T_11.1;
T_11.0 ;
    %load/vec4 v0x55b581c3ac80_0;
    %assign/vec4 v0x55b581c3b2e0_0, 0;
    %load/vec4 v0x55b581c3abc0_0;
    %assign/vec4 v0x55b581c3b220_0, 0;
    %load/vec4 v0x55b581c3aad0_0;
    %assign/vec4 v0x55b581c3b160_0, 0;
    %load/vec4 v0x55b581c3a730_0;
    %assign/vec4 v0x55b581c3ad70_0, 0;
    %load/vec4 v0x55b581c3a840_0;
    %assign/vec4 v0x55b581c3aec0_0, 0;
    %load/vec4 v0x55b581c3a9e0_0;
    %assign/vec4 v0x55b581c3b080_0, 0;
    %load/vec4 v0x55b581c3a910_0;
    %assign/vec4 v0x55b581c3afa0_0, 0;
T_11.1 ;
    %jmp T_11;
    .thread T_11;
    .scope S_0x55b581c31af0;
T_12 ;
    %wait E_0x55b581c1dae0;
    %pushi/vec4 0, 0, 2;
    %store/vec4 v0x55b581c320b0_0, 0, 2;
    %pushi/vec4 0, 0, 2;
    %store/vec4 v0x55b581c32170_0, 0, 2;
    %pushi/vec4 0, 0, 2;
    %store/vec4 v0x55b581c32250_0, 0, 2;
    %load/vec4 v0x55b581c32ab0_0;
    %flag_set/vec4 11;
    %flag_get/vec4 11;
    %jmp/0 T_12.4, 11;
    %load/vec4 v0x55b581c32910_0;
    %nor/r;
    %and;
T_12.4;
    %flag_set/vec4 10;
    %flag_get/vec4 10;
    %jmp/0 T_12.3, 10;
    %load/vec4 v0x55b581c329d0_0;
    %pushi/vec4 0, 0, 5;
    %cmp/ne;
    %flag_get/vec4 4;
    %and;
T_12.3;
    %flag_set/vec4 9;
    %flag_get/vec4 9;
    %jmp/0 T_12.2, 9;
    %load/vec4 v0x55b581c329d0_0;
    %load/vec4 v0x55b581c32600_0;
    %cmp/e;
    %flag_get/vec4 4;
    %and;
T_12.2;
    %flag_set/vec4 8;
    %jmp/0xz  T_12.0, 8;
    %pushi/vec4 2, 0, 2;
    %store/vec4 v0x55b581c320b0_0, 0, 2;
    %jmp T_12.1;
T_12.0 ;
    %load/vec4 v0x55b581c32c50_0;
    %flag_set/vec4 10;
    %flag_get/vec4 10;
    %jmp/0 T_12.8, 10;
    %load/vec4 v0x55b581c32b70_0;
    %pushi/vec4 0, 0, 5;
    %cmp/ne;
    %flag_get/vec4 4;
    %and;
T_12.8;
    %flag_set/vec4 9;
    %flag_get/vec4 9;
    %jmp/0 T_12.7, 9;
    %load/vec4 v0x55b581c32b70_0;
    %load/vec4 v0x55b581c32600_0;
    %cmp/e;
    %flag_get/vec4 4;
    %and;
T_12.7;
    %flag_set/vec4 8;
    %jmp/0xz  T_12.5, 8;
    %pushi/vec4 1, 0, 2;
    %store/vec4 v0x55b581c320b0_0, 0, 2;
T_12.5 ;
T_12.1 ;
    %load/vec4 v0x55b581c32ab0_0;
    %flag_set/vec4 11;
    %flag_get/vec4 11;
    %jmp/0 T_12.13, 11;
    %load/vec4 v0x55b581c32910_0;
    %nor/r;
    %and;
T_12.13;
    %flag_set/vec4 10;
    %flag_get/vec4 10;
    %jmp/0 T_12.12, 10;
    %load/vec4 v0x55b581c329d0_0;
    %pushi/vec4 0, 0, 5;
    %cmp/ne;
    %flag_get/vec4 4;
    %and;
T_12.12;
    %flag_set/vec4 9;
    %flag_get/vec4 9;
    %jmp/0 T_12.11, 9;
    %load/vec4 v0x55b581c329d0_0;
    %load/vec4 v0x55b581c32770_0;
    %cmp/e;
    %flag_get/vec4 4;
    %and;
T_12.11;
    %flag_set/vec4 8;
    %jmp/0xz  T_12.9, 8;
    %pushi/vec4 2, 0, 2;
    %store/vec4 v0x55b581c32170_0, 0, 2;
    %jmp T_12.10;
T_12.9 ;
    %load/vec4 v0x55b581c32c50_0;
    %flag_set/vec4 10;
    %flag_get/vec4 10;
    %jmp/0 T_12.17, 10;
    %load/vec4 v0x55b581c32b70_0;
    %pushi/vec4 0, 0, 5;
    %cmp/ne;
    %flag_get/vec4 4;
    %and;
T_12.17;
    %flag_set/vec4 9;
    %flag_get/vec4 9;
    %jmp/0 T_12.16, 9;
    %load/vec4 v0x55b581c32b70_0;
    %load/vec4 v0x55b581c32770_0;
    %cmp/e;
    %flag_get/vec4 4;
    %and;
T_12.16;
    %flag_set/vec4 8;
    %jmp/0xz  T_12.14, 8;
    %pushi/vec4 1, 0, 2;
    %store/vec4 v0x55b581c32170_0, 0, 2;
T_12.14 ;
T_12.10 ;
    %load/vec4 v0x55b581c32ab0_0;
    %flag_set/vec4 11;
    %flag_get/vec4 11;
    %jmp/0 T_12.22, 11;
    %load/vec4 v0x55b581c32910_0;
    %nor/r;
    %and;
T_12.22;
    %flag_set/vec4 10;
    %flag_get/vec4 10;
    %jmp/0 T_12.21, 10;
    %load/vec4 v0x55b581c329d0_0;
    %pushi/vec4 0, 0, 5;
    %cmp/ne;
    %flag_get/vec4 4;
    %and;
T_12.21;
    %flag_set/vec4 9;
    %flag_get/vec4 9;
    %jmp/0 T_12.20, 9;
    %load/vec4 v0x55b581c329d0_0;
    %load/vec4 v0x55b581c32770_0;
    %cmp/e;
    %flag_get/vec4 4;
    %and;
T_12.20;
    %flag_set/vec4 8;
    %jmp/0xz  T_12.18, 8;
    %pushi/vec4 2, 0, 2;
    %store/vec4 v0x55b581c32250_0, 0, 2;
    %jmp T_12.19;
T_12.18 ;
    %load/vec4 v0x55b581c32c50_0;
    %flag_set/vec4 10;
    %flag_get/vec4 10;
    %jmp/0 T_12.26, 10;
    %load/vec4 v0x55b581c32b70_0;
    %pushi/vec4 0, 0, 5;
    %cmp/ne;
    %flag_get/vec4 4;
    %and;
T_12.26;
    %flag_set/vec4 9;
    %flag_get/vec4 9;
    %jmp/0 T_12.25, 9;
    %load/vec4 v0x55b581c32b70_0;
    %load/vec4 v0x55b581c32770_0;
    %cmp/e;
    %flag_get/vec4 4;
    %and;
T_12.25;
    %flag_set/vec4 8;
    %jmp/0xz  T_12.23, 8;
    %pushi/vec4 1, 0, 2;
    %store/vec4 v0x55b581c32250_0, 0, 2;
T_12.23 ;
T_12.19 ;
    %jmp T_12;
    .thread T_12, $push;
    .scope S_0x55b581bfde30;
T_13 ;
    %pushi/vec4 0, 0, 1;
    %store/vec4 v0x55b581c433b0_0, 0, 1;
T_13.0 ;
    %delay 5000, 0;
    %load/vec4 v0x55b581c433b0_0;
    %inv;
    %store/vec4 v0x55b581c433b0_0, 0, 1;
    %jmp T_13.0;
    %end;
    .thread T_13;
    .scope S_0x55b581bfde30;
T_14 ;
    %vpi_call 2 34 "$dumpfile", "rv_pl.vcd" {0 0 0};
    %vpi_call 2 35 "$dumpvars", 32'sb00000000000000000000000000000000, S_0x55b581bfde30 {0 0 0};
    %pushi/vec4 0, 0, 32;
    %store/vec4 v0x55b581c43450_0, 0, 32;
T_14.0 ;
    %load/vec4 v0x55b581c43450_0;
    %cmpi/s 1024, 0, 32;
    %jmp/0xz T_14.1, 5;
    %pushi/vec4 0, 0, 32;
    %ix/getv/s 4, v0x55b581c43450_0;
    %store/vec4a v0x55b581c340a0, 4, 0;
    %pushi/vec4 0, 0, 32;
    %ix/getv/s 4, v0x55b581c43450_0;
    %store/vec4a v0x55b581c30f00, 4, 0;
    %load/vec4 v0x55b581c43450_0;
    %addi 1, 0, 32;
    %store/vec4 v0x55b581c43450_0, 0, 32;
    %jmp T_14.0;
T_14.1 ;
    %vpi_call 2 46 "$readmemh", "test.hex", v0x55b581c340a0 {0 0 0};
    %vpi_call 2 51 "$display", "-------------------------------------------------------------" {0 0 0};
    %vpi_call 2 52 "$display", " Loading test.hex..." {0 0 0};
    %vpi_call 2 53 "$display", "-------------------------------------------------------------" {0 0 0};
    %vpi_call 2 54 "$display", " Time | PC (F) | Decode Instr | Ex Op | WB Reg | WB Val | Note " {0 0 0};
    %vpi_call 2 55 "$display", "-------------------------------------------------------------" {0 0 0};
    %pushi/vec4 0, 0, 1;
    %store/vec4 v0x55b581c43530_0, 0, 1;
    %delay 20000, 0;
    %pushi/vec4 1, 0, 1;
    %store/vec4 v0x55b581c43530_0, 0, 1;
    %delay 200000, 0;
    %vpi_call 2 67 "$display", "-------------------------------------------------------------" {0 0 0};
    %vpi_call 2 68 "$display", "Final Register State:" {0 0 0};
    %vpi_call 2 69 "$display", "x1 (10):   %d", &A<v0x55b581c3ba40, 1> {0 0 0};
    %vpi_call 2 70 "$display", "x2 (20):   %d", &A<v0x55b581c3ba40, 2> {0 0 0};
    %vpi_call 2 71 "$display", "x3 (30):   %d", &A<v0x55b581c3ba40, 3> {0 0 0};
    %vpi_call 2 72 "$display", "x4 (30):   %d", &A<v0x55b581c3ba40, 4> {0 0 0};
    %vpi_call 2 73 "$display", "x5 (40):   %d", &A<v0x55b581c3ba40, 5> {0 0 0};
    %vpi_call 2 74 "$display", "x6 (0?):   %d (Should be 0 if branch skipped)", &A<v0x55b581c3ba40, 6> {0 0 0};
    %vpi_call 2 75 "$display", "x7 (1):    %d", &A<v0x55b581c3ba40, 7> {0 0 0};
    %vpi_call 2 76 "$display", "-------------------------------------------------------------" {0 0 0};
    %vpi_call 2 77 "$finish" {0 0 0};
    %end;
    .thread T_14;
    .scope S_0x55b581bfde30;
T_15 ;
    %wait E_0x55b581c3b9c0;
    %load/vec4 v0x55b581c43530_0;
    %flag_set/vec4 8;
    %jmp/0xz  T_15.0, 8;
    %vpi_call 2 85 "$write", "%4d | %4h   |  %h    | ", $time, v0x55b581c3fe30_0, v0x55b581c3d730_0 {0 0 0};
    %load/vec4 v0x55b581c3f990_0;
    %flag_set/vec4 8;
    %jmp/0xz  T_15.2, 8;
    %vpi_call 2 88 "$write", "BR/JMP" {0 0 0};
    %jmp T_15.3;
T_15.2 ;
    %load/vec4 v0x55b581c432d0_0;
    %flag_set/vec4 8;
    %jmp/0xz  T_15.4, 8;
    %vpi_call 2 89 "$write", "STALL " {0 0 0};
    %jmp T_15.5;
T_15.4 ;
    %vpi_call 2 90 "$write", "      " {0 0 0};
T_15.5 ;
T_15.3 ;
    %vpi_call 2 92 "$write", " | " {0 0 0};
    %load/vec4 v0x55b581c412d0_0;
    %flag_set/vec4 9;
    %flag_get/vec4 9;
    %jmp/0 T_15.8, 9;
    %load/vec4 v0x55b581c410f0_0;
    %pad/u 32;
    %pushi/vec4 0, 0, 32;
    %cmp/ne;
    %flag_get/vec4 4;
    %and;
T_15.8;
    %flag_set/vec4 8;
    %jmp/0xz  T_15.6, 8;
    %vpi_call 2 96 "$write", "x%02d    | %4h", v0x55b581c410f0_0, v0x55b581c41190_0 {0 0 0};
    %jmp T_15.7;
T_15.6 ;
    %vpi_call 2 98 "$write", " --     |  -- " {0 0 0};
T_15.7 ;
    %vpi_call 2 101 "$write", "\012" {0 0 0};
T_15.0 ;
    %jmp T_15;
    .thread T_15;
# The file index is used to find the file name in the following table.
:file_names 4;
    "N/A";
    "<interactive>";
    "/home/chronos/rv-pl-franzi/tb_rv_pl.v";
    "./rv-pl.v";
