#! /usr/bin/vvp
:ivl_version "12.0 (stable)";
:ivl_delay_selection "TYPICAL";
:vpi_time_precision + 0;
:vpi_module "/usr/lib/x86_64-linux-gnu/ivl/system.vpi";
:vpi_module "/usr/lib/x86_64-linux-gnu/ivl/vhdl_sys.vpi";
:vpi_module "/usr/lib/x86_64-linux-gnu/ivl/vhdl_textio.vpi";
:vpi_module "/usr/lib/x86_64-linux-gnu/ivl/v2005_math.vpi";
:vpi_module "/usr/lib/x86_64-linux-gnu/ivl/va_math.vpi";
S_0x555a07b07b10 .scope module, "tb" "tb" 2 2;
 .timescale 0 0;
v0x555a07b7a4a0_0 .var "clk", 0 0;
v0x555a07b7a540_0 .var "rst", 0 0;
S_0x555a07b4a3a0 .scope module, "DUT" "rv_mc" 2 7, 3 8 0, S_0x555a07b07b10;
 .timescale 0 0;
    .port_info 0 /INPUT 1 "clk";
    .port_info 1 /INPUT 1 "rst";
L_0x7fb0ab657378 .functor BUFT 1, C4<00>, C4<0>, C4<0>, C4<0>;
v0x555a07b77bb0_0 .net/2u *"_ivl_10", 1 0, L_0x7fb0ab657378;  1 drivers
v0x555a07b77cb0_0 .net *"_ivl_12", 0 0, L_0x555a07b8e510;  1 drivers
L_0x7fb0ab6573c0 .functor BUFT 1, C4<01>, C4<0>, C4<0>, C4<0>;
v0x555a07b77d70_0 .net/2u *"_ivl_14", 1 0, L_0x7fb0ab6573c0;  1 drivers
v0x555a07b77e30_0 .net *"_ivl_16", 0 0, L_0x555a07b8e690;  1 drivers
L_0x7fb0ab657408 .functor BUFT 1, C4<00000000000000000000000000000100>, C4<0>, C4<0>, C4<0>;
v0x555a07b77ef0_0 .net/2u *"_ivl_18", 31 0, L_0x7fb0ab657408;  1 drivers
v0x555a07b77fd0_0 .net *"_ivl_20", 31 0, L_0x555a07b8e780;  1 drivers
L_0x7fb0ab657498 .functor BUFT 1, C4<00>, C4<0>, C4<0>, C4<0>;
v0x555a07b780b0_0 .net/2u *"_ivl_28", 1 0, L_0x7fb0ab657498;  1 drivers
v0x555a07b78190_0 .net *"_ivl_30", 0 0, L_0x555a07b8ee20;  1 drivers
L_0x7fb0ab6574e0 .functor BUFT 1, C4<01>, C4<0>, C4<0>, C4<0>;
v0x555a07b78250_0 .net/2u *"_ivl_32", 1 0, L_0x7fb0ab6574e0;  1 drivers
v0x555a07b78330_0 .net *"_ivl_34", 0 0, L_0x555a07b8ef80;  1 drivers
L_0x7fb0ab657528 .functor BUFT 1, C4<10>, C4<0>, C4<0>, C4<0>;
v0x555a07b783f0_0 .net/2u *"_ivl_36", 1 0, L_0x7fb0ab657528;  1 drivers
v0x555a07b784d0_0 .net *"_ivl_38", 0 0, L_0x555a07b8f070;  1 drivers
L_0x7fb0ab657570 .functor BUFT 1, C4<00000000000000000000000000000100>, C4<0>, C4<0>, C4<0>;
v0x555a07b78590_0 .net/2u *"_ivl_40", 31 0, L_0x7fb0ab657570;  1 drivers
v0x555a07b78670_0 .net *"_ivl_42", 31 0, L_0x555a07b8f190;  1 drivers
v0x555a07b78750_0 .net *"_ivl_44", 31 0, L_0x555a07b8f280;  1 drivers
v0x555a07b78830_0 .net *"_ivl_46", 31 0, L_0x555a07b8f450;  1 drivers
v0x555a07b78910_0 .net "alu_a", 31 0, L_0x555a07b8e380;  1 drivers
v0x555a07b78ae0_0 .net "alu_b", 31 0, L_0x555a07b8e910;  1 drivers
v0x555a07b78b80_0 .net "alu_ctrl", 3 0, v0x555a07b075b0_0;  1 drivers
v0x555a07b78c20_0 .net "alu_op", 1 0, v0x555a07b72be0_0;  1 drivers
v0x555a07b78d30_0 .net "alu_out", 31 0, v0x555a07b54fa0_0;  1 drivers
v0x555a07b78df0_0 .var "alu_reg", 31 0;
v0x555a07b78eb0_0 .net "clk", 0 0, v0x555a07b7a4a0_0;  1 drivers
v0x555a07b78f50_0 .var "data_reg", 31 0;
v0x555a07b79030_0 .net "imm_b", 31 0, L_0x555a07b8d360;  1 drivers
v0x555a07b790f0_0 .net "imm_i", 31 0, L_0x555a07b8c190;  1 drivers
v0x555a07b791c0_0 .net "imm_j", 31 0, L_0x555a07b8e100;  1 drivers
v0x555a07b79290_0 .net "imm_s", 31 0, L_0x555a07b8c8f0;  1 drivers
v0x555a07b79360_0 .net "imm_u", 31 0, L_0x555a07b8d710;  1 drivers
v0x555a07b79430_0 .var "instr", 31 0;
v0x555a07b79500_0 .net "ir_we", 0 0, v0x555a07b72d90_0;  1 drivers
v0x555a07b795d0_0 .net "mem_out", 31 0, L_0x555a07b546e0;  1 drivers
v0x555a07b796a0_0 .net "mem_we", 0 0, v0x555a07b72e60_0;  1 drivers
v0x555a07b799a0_0 .var "pc", 31 0;
v0x555a07b79a40_0 .net "pc_update", 0 0, v0x555a07b73130_0;  1 drivers
v0x555a07b79ae0_0 .net "rd1", 31 0, L_0x555a07b8b0a0;  1 drivers
v0x555a07b79bb0_0 .var "rd1_reg", 31 0;
v0x555a07b79c70_0 .net "rd2", 31 0, L_0x555a07b8b800;  1 drivers
v0x555a07b79d60_0 .var "rd2_reg", 31 0;
v0x555a07b79e30_0 .net "rf_we", 0 0, v0x555a07b731f0_0;  1 drivers
v0x555a07b79f20_0 .net "rst", 0 0, v0x555a07b7a540_0;  1 drivers
v0x555a07b79fc0_0 .net "sel_alu_src_a", 0 0, v0x555a07b73370_0;  1 drivers
v0x555a07b7a090_0 .net "sel_alu_src_b", 1 0, v0x555a07b73430_0;  1 drivers
v0x555a07b7a160_0 .net "sel_mem_addr", 0 0, v0x555a07b73510_0;  1 drivers
v0x555a07b7a230_0 .net "sel_result", 1 0, v0x555a07b735d0_0;  1 drivers
v0x555a07b7a300_0 .net "wb_data", 31 0, L_0x555a07b8f590;  1 drivers
v0x555a07b7a3d0_0 .net "zero", 0 0, L_0x555a07b8eaf0;  1 drivers
L_0x555a07b7a9e0 .functor MUXZ 32, v0x555a07b799a0_0, v0x555a07b78df0_0, v0x555a07b73510_0, C4<>;
L_0x555a07b8b9a0 .part v0x555a07b79430_0, 15, 5;
L_0x555a07b8ba90 .part v0x555a07b79430_0, 20, 5;
L_0x555a07b8bb30 .part v0x555a07b79430_0, 7, 5;
L_0x555a07b8e380 .functor MUXZ 32, v0x555a07b799a0_0, v0x555a07b79bb0_0, v0x555a07b73370_0, C4<>;
L_0x555a07b8e510 .cmp/eq 2, v0x555a07b73430_0, L_0x7fb0ab657378;
L_0x555a07b8e690 .cmp/eq 2, v0x555a07b73430_0, L_0x7fb0ab6573c0;
L_0x555a07b8e780 .functor MUXZ 32, L_0x7fb0ab657408, L_0x555a07b8c190, L_0x555a07b8e690, C4<>;
L_0x555a07b8e910 .functor MUXZ 32, L_0x555a07b8e780, v0x555a07b79d60_0, L_0x555a07b8e510, C4<>;
L_0x555a07b8ec80 .part v0x555a07b79430_0, 12, 3;
L_0x555a07b8ed80 .part v0x555a07b79430_0, 30, 1;
L_0x555a07b8ee20 .cmp/eq 2, v0x555a07b735d0_0, L_0x7fb0ab657498;
L_0x555a07b8ef80 .cmp/eq 2, v0x555a07b735d0_0, L_0x7fb0ab6574e0;
L_0x555a07b8f070 .cmp/eq 2, v0x555a07b735d0_0, L_0x7fb0ab657528;
L_0x555a07b8f190 .arith/sum 32, v0x555a07b799a0_0, L_0x7fb0ab657570;
L_0x555a07b8f280 .functor MUXZ 32, L_0x555a07b8d710, L_0x555a07b8f190, L_0x555a07b8f070, C4<>;
L_0x555a07b8f450 .functor MUXZ 32, L_0x555a07b8f280, v0x555a07b78f50_0, L_0x555a07b8ef80, C4<>;
L_0x555a07b8f590 .functor MUXZ 32, L_0x555a07b8f450, v0x555a07b78df0_0, L_0x555a07b8ee20, C4<>;
L_0x555a07b8f810 .part v0x555a07b79430_0, 0, 7;
S_0x555a07b4cfc0 .scope module, "ALU" "alu" 3 135, 4 1 0, S_0x555a07b4a3a0;
 .timescale 0 0;
    .port_info 0 /INPUT 32 "a";
    .port_info 1 /INPUT 32 "b";
    .port_info 2 /INPUT 4 "alu_ctrl";
    .port_info 3 /OUTPUT 32 "result";
    .port_info 4 /OUTPUT 1 "zero";
L_0x7fb0ab657450 .functor BUFT 1, C4<00000000000000000000000000000000>, C4<0>, C4<0>, C4<0>;
v0x555a07b54340_0 .net/2u *"_ivl_0", 31 0, L_0x7fb0ab657450;  1 drivers
v0x555a07b54410_0 .net "a", 31 0, L_0x555a07b8e380;  alias, 1 drivers
v0x555a07b54800_0 .net "alu_ctrl", 3 0, v0x555a07b075b0_0;  alias, 1 drivers
v0x555a07b54b50_0 .net "b", 31 0, L_0x555a07b8e910;  alias, 1 drivers
v0x555a07b54fa0_0 .var "result", 31 0;
v0x555a07b55330_0 .net "zero", 0 0, L_0x555a07b8eaf0;  alias, 1 drivers
E_0x555a07b0d040 .event anyedge, v0x555a07b54800_0, v0x555a07b54410_0, v0x555a07b54b50_0;
L_0x555a07b8eaf0 .cmp/eq 32, v0x555a07b54fa0_0, L_0x7fb0ab657450;
S_0x555a07b71b00 .scope module, "ALU_DEC" "alu_decoder" 3 151, 5 1 0, S_0x555a07b4a3a0;
 .timescale 0 0;
    .port_info 0 /INPUT 2 "alu_op";
    .port_info 1 /INPUT 3 "funct3";
    .port_info 2 /INPUT 1 "funct7b5";
    .port_info 3 /OUTPUT 4 "alu_ctrl";
v0x555a07b075b0_0 .var "alu_ctrl", 3 0;
v0x555a07b71d60_0 .net "alu_op", 1 0, v0x555a07b72be0_0;  alias, 1 drivers
v0x555a07b71e20_0 .net "funct3", 2 0, L_0x555a07b8ec80;  1 drivers
v0x555a07b71ee0_0 .net "funct7b5", 0 0, L_0x555a07b8ed80;  1 drivers
E_0x555a07b0cbd0 .event anyedge, v0x555a07b71d60_0, v0x555a07b71e20_0, v0x555a07b71ee0_0;
S_0x555a07b72020 .scope module, "CTRL" "controller" 3 170, 6 1 0, S_0x555a07b4a3a0;
 .timescale 0 0;
    .port_info 0 /INPUT 1 "clk";
    .port_info 1 /INPUT 1 "rst";
    .port_info 2 /INPUT 7 "opcode";
    .port_info 3 /OUTPUT 1 "sel_mem_addr";
    .port_info 4 /OUTPUT 1 "ir_we";
    .port_info 5 /OUTPUT 1 "pc_update";
    .port_info 6 /OUTPUT 1 "mem_we";
    .port_info 7 /OUTPUT 1 "rf_we";
    .port_info 8 /OUTPUT 1 "sel_alu_src_a";
    .port_info 9 /OUTPUT 2 "sel_alu_src_b";
    .port_info 10 /OUTPUT 2 "alu_op";
    .port_info 11 /OUTPUT 2 "sel_result";
P_0x555a07b72200 .param/l "S0_FETCH" 1 6 20, C4<0000>;
P_0x555a07b72240 .param/l "S10_JAL" 1 6 30, C4<1010>;
P_0x555a07b72280 .param/l "S11_LUI" 1 6 31, C4<1011>;
P_0x555a07b722c0 .param/l "S1_DECODE" 1 6 21, C4<0001>;
P_0x555a07b72300 .param/l "S2_EXE_ADR" 1 6 22, C4<0010>;
P_0x555a07b72340 .param/l "S3_MEM_RD" 1 6 23, C4<0011>;
P_0x555a07b72380 .param/l "S4_WB_MEM" 1 6 24, C4<0100>;
P_0x555a07b723c0 .param/l "S5_MEM_WR" 1 6 25, C4<0101>;
P_0x555a07b72400 .param/l "S6_EXE_R" 1 6 26, C4<0110>;
P_0x555a07b72440 .param/l "S7_WB_ALU" 1 6 27, C4<0111>;
P_0x555a07b72480 .param/l "S8_BEQ" 1 6 28, C4<1000>;
P_0x555a07b724c0 .param/l "S9_EXE_I" 1 6 29, C4<1001>;
v0x555a07b72be0_0 .var "alu_op", 1 0;
v0x555a07b72cf0_0 .net "clk", 0 0, v0x555a07b7a4a0_0;  alias, 1 drivers
v0x555a07b72d90_0 .var "ir_we", 0 0;
v0x555a07b72e60_0 .var "mem_we", 0 0;
v0x555a07b72f20_0 .var "next_state", 3 0;
v0x555a07b73050_0 .net "opcode", 6 0, L_0x555a07b8f810;  1 drivers
v0x555a07b73130_0 .var "pc_update", 0 0;
v0x555a07b731f0_0 .var "rf_we", 0 0;
v0x555a07b732b0_0 .net "rst", 0 0, v0x555a07b7a540_0;  alias, 1 drivers
v0x555a07b73370_0 .var "sel_alu_src_a", 0 0;
v0x555a07b73430_0 .var "sel_alu_src_b", 1 0;
v0x555a07b73510_0 .var "sel_mem_addr", 0 0;
v0x555a07b735d0_0 .var "sel_result", 1 0;
v0x555a07b736b0_0 .var "state", 3 0;
E_0x555a07b0d4c0 .event anyedge, v0x555a07b736b0_0;
E_0x555a07b0d770 .event anyedge, v0x555a07b736b0_0, v0x555a07b73050_0;
E_0x555a07af4330 .event posedge, v0x555a07b732b0_0, v0x555a07b72cf0_0;
S_0x555a07b73910 .scope module, "MEM" "mem" 3 66, 7 1 0, S_0x555a07b4a3a0;
 .timescale 0 0;
    .port_info 0 /INPUT 1 "clk";
    .port_info 1 /INPUT 1 "we";
    .port_info 2 /INPUT 32 "addr";
    .port_info 3 /INPUT 32 "wd";
    .port_info 4 /OUTPUT 32 "rd";
L_0x555a07b546e0 .functor BUFZ 32, L_0x555a07b7a5e0, C4<00000000000000000000000000000000>, C4<00000000000000000000000000000000>, C4<00000000000000000000000000000000>;
v0x555a07b73b20 .array "RAM", 1023 0, 31 0;
v0x555a07b73c00_0 .net *"_ivl_0", 31 0, L_0x555a07b7a5e0;  1 drivers
v0x555a07b73ce0_0 .net *"_ivl_3", 9 0, L_0x555a07b7a6b0;  1 drivers
v0x555a07b73dd0_0 .net *"_ivl_4", 11 0, L_0x555a07b7a7b0;  1 drivers
L_0x7fb0ab657018 .functor BUFT 1, C4<00>, C4<0>, C4<0>, C4<0>;
v0x555a07b73eb0_0 .net *"_ivl_7", 1 0, L_0x7fb0ab657018;  1 drivers
v0x555a07b73fe0_0 .net "addr", 31 0, L_0x555a07b7a9e0;  1 drivers
v0x555a07b740c0_0 .net "clk", 0 0, v0x555a07b7a4a0_0;  alias, 1 drivers
v0x555a07b74160_0 .net "rd", 31 0, L_0x555a07b546e0;  alias, 1 drivers
v0x555a07b74220_0 .net "wd", 31 0, v0x555a07b79d60_0;  1 drivers
v0x555a07b74300_0 .net "we", 0 0, v0x555a07b72e60_0;  alias, 1 drivers
E_0x555a07b73aa0 .event posedge, v0x555a07b72cf0_0;
L_0x555a07b7a5e0 .array/port v0x555a07b73b20, L_0x555a07b7a7b0;
L_0x555a07b7a6b0 .part L_0x555a07b7a9e0, 2, 10;
L_0x555a07b7a7b0 .concat [ 10 2 0 0], L_0x555a07b7a6b0, L_0x7fb0ab657018;
S_0x555a07b74480 .scope module, "RF" "regfile" 3 94, 8 1 0, S_0x555a07b4a3a0;
 .timescale 0 0;
    .port_info 0 /INPUT 1 "clk";
    .port_info 1 /INPUT 1 "we";
    .port_info 2 /INPUT 5 "rs1";
    .port_info 3 /INPUT 5 "rs2";
    .port_info 4 /INPUT 5 "rd";
    .port_info 5 /INPUT 32 "wd";
    .port_info 6 /OUTPUT 32 "rd1";
    .port_info 7 /OUTPUT 32 "rd2";
v0x555a07b74780_0 .net *"_ivl_0", 31 0, L_0x555a07b7ab20;  1 drivers
v0x555a07b74880_0 .net *"_ivl_10", 31 0, L_0x555a07b8adc0;  1 drivers
v0x555a07b74960_0 .net *"_ivl_12", 6 0, L_0x555a07b8ae90;  1 drivers
L_0x7fb0ab657138 .functor BUFT 1, C4<00>, C4<0>, C4<0>, C4<0>;
v0x555a07b74a20_0 .net *"_ivl_15", 1 0, L_0x7fb0ab657138;  1 drivers
v0x555a07b74b00_0 .net *"_ivl_18", 31 0, L_0x555a07b8b280;  1 drivers
L_0x7fb0ab657180 .functor BUFT 1, C4<000000000000000000000000000>, C4<0>, C4<0>, C4<0>;
v0x555a07b74c30_0 .net *"_ivl_21", 26 0, L_0x7fb0ab657180;  1 drivers
L_0x7fb0ab6571c8 .functor BUFT 1, C4<00000000000000000000000000000000>, C4<0>, C4<0>, C4<0>;
v0x555a07b74d10_0 .net/2u *"_ivl_22", 31 0, L_0x7fb0ab6571c8;  1 drivers
v0x555a07b74df0_0 .net *"_ivl_24", 0 0, L_0x555a07b8b3b0;  1 drivers
L_0x7fb0ab657210 .functor BUFT 1, C4<00000000000000000000000000000000>, C4<0>, C4<0>, C4<0>;
v0x555a07b74eb0_0 .net/2u *"_ivl_26", 31 0, L_0x7fb0ab657210;  1 drivers
v0x555a07b75020_0 .net *"_ivl_28", 31 0, L_0x555a07b8b4f0;  1 drivers
L_0x7fb0ab657060 .functor BUFT 1, C4<000000000000000000000000000>, C4<0>, C4<0>, C4<0>;
v0x555a07b75100_0 .net *"_ivl_3", 26 0, L_0x7fb0ab657060;  1 drivers
v0x555a07b751e0_0 .net *"_ivl_30", 6 0, L_0x555a07b8b5e0;  1 drivers
L_0x7fb0ab657258 .functor BUFT 1, C4<00>, C4<0>, C4<0>, C4<0>;
v0x555a07b752c0_0 .net *"_ivl_33", 1 0, L_0x7fb0ab657258;  1 drivers
L_0x7fb0ab6570a8 .functor BUFT 1, C4<00000000000000000000000000000000>, C4<0>, C4<0>, C4<0>;
v0x555a07b753a0_0 .net/2u *"_ivl_4", 31 0, L_0x7fb0ab6570a8;  1 drivers
v0x555a07b75480_0 .net *"_ivl_6", 0 0, L_0x555a07b8ac50;  1 drivers
L_0x7fb0ab6570f0 .functor BUFT 1, C4<00000000000000000000000000000000>, C4<0>, C4<0>, C4<0>;
v0x555a07b75540_0 .net/2u *"_ivl_8", 31 0, L_0x7fb0ab6570f0;  1 drivers
v0x555a07b75620_0 .net "clk", 0 0, v0x555a07b7a4a0_0;  alias, 1 drivers
v0x555a07b756c0_0 .net "rd", 4 0, L_0x555a07b8bb30;  1 drivers
v0x555a07b757a0_0 .net "rd1", 31 0, L_0x555a07b8b0a0;  alias, 1 drivers
v0x555a07b75880_0 .net "rd2", 31 0, L_0x555a07b8b800;  alias, 1 drivers
v0x555a07b75960 .array "rf", 0 31, 31 0;
v0x555a07b75a20_0 .net "rs1", 4 0, L_0x555a07b8b9a0;  1 drivers
v0x555a07b75b00_0 .net "rs2", 4 0, L_0x555a07b8ba90;  1 drivers
v0x555a07b75be0_0 .net "wd", 31 0, L_0x555a07b8f590;  alias, 1 drivers
v0x555a07b75cc0_0 .net "we", 0 0, v0x555a07b731f0_0;  alias, 1 drivers
L_0x555a07b7ab20 .concat [ 5 27 0 0], L_0x555a07b8b9a0, L_0x7fb0ab657060;
L_0x555a07b8ac50 .cmp/eq 32, L_0x555a07b7ab20, L_0x7fb0ab6570a8;
L_0x555a07b8adc0 .array/port v0x555a07b75960, L_0x555a07b8ae90;
L_0x555a07b8ae90 .concat [ 5 2 0 0], L_0x555a07b8b9a0, L_0x7fb0ab657138;
L_0x555a07b8b0a0 .functor MUXZ 32, L_0x555a07b8adc0, L_0x7fb0ab6570f0, L_0x555a07b8ac50, C4<>;
L_0x555a07b8b280 .concat [ 5 27 0 0], L_0x555a07b8ba90, L_0x7fb0ab657180;
L_0x555a07b8b3b0 .cmp/eq 32, L_0x555a07b8b280, L_0x7fb0ab6571c8;
L_0x555a07b8b4f0 .array/port v0x555a07b75960, L_0x555a07b8b5e0;
L_0x555a07b8b5e0 .concat [ 5 2 0 0], L_0x555a07b8ba90, L_0x7fb0ab657258;
L_0x555a07b8b800 .functor MUXZ 32, L_0x555a07b8b4f0, L_0x7fb0ab657210, L_0x555a07b8b3b0, C4<>;
S_0x555a07b75e90 .scope module, "SE" "sign_extender" 3 114, 9 1 0, S_0x555a07b4a3a0;
 .timescale 0 0;
    .port_info 0 /INPUT 32 "instr";
    .port_info 1 /OUTPUT 32 "imm_i";
    .port_info 2 /OUTPUT 32 "imm_s";
    .port_info 3 /OUTPUT 32 "imm_b";
    .port_info 4 /OUTPUT 32 "imm_u";
    .port_info 5 /OUTPUT 32 "imm_j";
v0x555a07b76100_0 .net *"_ivl_1", 0 0, L_0x555a07b8bc60;  1 drivers
v0x555a07b76200_0 .net *"_ivl_10", 19 0, L_0x555a07b8c370;  1 drivers
v0x555a07b762e0_0 .net *"_ivl_13", 6 0, L_0x555a07b8c760;  1 drivers
v0x555a07b763a0_0 .net *"_ivl_15", 4 0, L_0x555a07b8c800;  1 drivers
v0x555a07b76480_0 .net *"_ivl_19", 0 0, L_0x555a07b8ca80;  1 drivers
v0x555a07b765b0_0 .net *"_ivl_2", 19 0, L_0x555a07b8bd00;  1 drivers
v0x555a07b76690_0 .net *"_ivl_20", 18 0, L_0x555a07b8cb80;  1 drivers
v0x555a07b76770_0 .net *"_ivl_23", 0 0, L_0x555a07b8cff0;  1 drivers
v0x555a07b76850_0 .net *"_ivl_25", 0 0, L_0x555a07b8d100;  1 drivers
v0x555a07b76930_0 .net *"_ivl_27", 5 0, L_0x555a07b8d1a0;  1 drivers
v0x555a07b76a10_0 .net *"_ivl_29", 3 0, L_0x555a07b8d2c0;  1 drivers
L_0x7fb0ab6572a0 .functor BUFT 1, C4<0>, C4<0>, C4<0>, C4<0>;
v0x555a07b76af0_0 .net/2u *"_ivl_30", 0 0, L_0x7fb0ab6572a0;  1 drivers
v0x555a07b76bd0_0 .net *"_ivl_35", 19 0, L_0x555a07b8d670;  1 drivers
L_0x7fb0ab6572e8 .functor BUFT 1, C4<000000000000>, C4<0>, C4<0>, C4<0>;
v0x555a07b76cb0_0 .net/2u *"_ivl_36", 11 0, L_0x7fb0ab6572e8;  1 drivers
v0x555a07b76d90_0 .net *"_ivl_41", 0 0, L_0x555a07b8d940;  1 drivers
v0x555a07b76e70_0 .net *"_ivl_42", 10 0, L_0x555a07b8dbf0;  1 drivers
v0x555a07b76f50_0 .net *"_ivl_45", 0 0, L_0x555a07b8d8a0;  1 drivers
v0x555a07b77030_0 .net *"_ivl_47", 7 0, L_0x555a07b8dd90;  1 drivers
v0x555a07b77110_0 .net *"_ivl_49", 0 0, L_0x555a07b8def0;  1 drivers
v0x555a07b771f0_0 .net *"_ivl_5", 11 0, L_0x555a07b8c0f0;  1 drivers
v0x555a07b772d0_0 .net *"_ivl_51", 9 0, L_0x555a07b8df90;  1 drivers
L_0x7fb0ab657330 .functor BUFT 1, C4<0>, C4<0>, C4<0>, C4<0>;
v0x555a07b773b0_0 .net/2u *"_ivl_52", 0 0, L_0x7fb0ab657330;  1 drivers
v0x555a07b77490_0 .net *"_ivl_9", 0 0, L_0x555a07b8c2d0;  1 drivers
v0x555a07b77570_0 .net "imm_b", 31 0, L_0x555a07b8d360;  alias, 1 drivers
v0x555a07b77650_0 .net "imm_i", 31 0, L_0x555a07b8c190;  alias, 1 drivers
v0x555a07b77730_0 .net "imm_j", 31 0, L_0x555a07b8e100;  alias, 1 drivers
v0x555a07b77810_0 .net "imm_s", 31 0, L_0x555a07b8c8f0;  alias, 1 drivers
v0x555a07b778f0_0 .net "imm_u", 31 0, L_0x555a07b8d710;  alias, 1 drivers
v0x555a07b779d0_0 .net "instr", 31 0, v0x555a07b79430_0;  1 drivers
L_0x555a07b8bc60 .part v0x555a07b79430_0, 31, 1;
LS_0x555a07b8bd00_0_0 .concat [ 1 1 1 1], L_0x555a07b8bc60, L_0x555a07b8bc60, L_0x555a07b8bc60, L_0x555a07b8bc60;
LS_0x555a07b8bd00_0_4 .concat [ 1 1 1 1], L_0x555a07b8bc60, L_0x555a07b8bc60, L_0x555a07b8bc60, L_0x555a07b8bc60;
LS_0x555a07b8bd00_0_8 .concat [ 1 1 1 1], L_0x555a07b8bc60, L_0x555a07b8bc60, L_0x555a07b8bc60, L_0x555a07b8bc60;
LS_0x555a07b8bd00_0_12 .concat [ 1 1 1 1], L_0x555a07b8bc60, L_0x555a07b8bc60, L_0x555a07b8bc60, L_0x555a07b8bc60;
LS_0x555a07b8bd00_0_16 .concat [ 1 1 1 1], L_0x555a07b8bc60, L_0x555a07b8bc60, L_0x555a07b8bc60, L_0x555a07b8bc60;
LS_0x555a07b8bd00_1_0 .concat [ 4 4 4 4], LS_0x555a07b8bd00_0_0, LS_0x555a07b8bd00_0_4, LS_0x555a07b8bd00_0_8, LS_0x555a07b8bd00_0_12;
LS_0x555a07b8bd00_1_4 .concat [ 4 0 0 0], LS_0x555a07b8bd00_0_16;
L_0x555a07b8bd00 .concat [ 16 4 0 0], LS_0x555a07b8bd00_1_0, LS_0x555a07b8bd00_1_4;
L_0x555a07b8c0f0 .part v0x555a07b79430_0, 20, 12;
L_0x555a07b8c190 .concat [ 12 20 0 0], L_0x555a07b8c0f0, L_0x555a07b8bd00;
L_0x555a07b8c2d0 .part v0x555a07b79430_0, 31, 1;
LS_0x555a07b8c370_0_0 .concat [ 1 1 1 1], L_0x555a07b8c2d0, L_0x555a07b8c2d0, L_0x555a07b8c2d0, L_0x555a07b8c2d0;
LS_0x555a07b8c370_0_4 .concat [ 1 1 1 1], L_0x555a07b8c2d0, L_0x555a07b8c2d0, L_0x555a07b8c2d0, L_0x555a07b8c2d0;
LS_0x555a07b8c370_0_8 .concat [ 1 1 1 1], L_0x555a07b8c2d0, L_0x555a07b8c2d0, L_0x555a07b8c2d0, L_0x555a07b8c2d0;
LS_0x555a07b8c370_0_12 .concat [ 1 1 1 1], L_0x555a07b8c2d0, L_0x555a07b8c2d0, L_0x555a07b8c2d0, L_0x555a07b8c2d0;
LS_0x555a07b8c370_0_16 .concat [ 1 1 1 1], L_0x555a07b8c2d0, L_0x555a07b8c2d0, L_0x555a07b8c2d0, L_0x555a07b8c2d0;
LS_0x555a07b8c370_1_0 .concat [ 4 4 4 4], LS_0x555a07b8c370_0_0, LS_0x555a07b8c370_0_4, LS_0x555a07b8c370_0_8, LS_0x555a07b8c370_0_12;
LS_0x555a07b8c370_1_4 .concat [ 4 0 0 0], LS_0x555a07b8c370_0_16;
L_0x555a07b8c370 .concat [ 16 4 0 0], LS_0x555a07b8c370_1_0, LS_0x555a07b8c370_1_4;
L_0x555a07b8c760 .part v0x555a07b79430_0, 25, 7;
L_0x555a07b8c800 .part v0x555a07b79430_0, 7, 5;
L_0x555a07b8c8f0 .concat [ 5 7 20 0], L_0x555a07b8c800, L_0x555a07b8c760, L_0x555a07b8c370;
L_0x555a07b8ca80 .part v0x555a07b79430_0, 31, 1;
LS_0x555a07b8cb80_0_0 .concat [ 1 1 1 1], L_0x555a07b8ca80, L_0x555a07b8ca80, L_0x555a07b8ca80, L_0x555a07b8ca80;
LS_0x555a07b8cb80_0_4 .concat [ 1 1 1 1], L_0x555a07b8ca80, L_0x555a07b8ca80, L_0x555a07b8ca80, L_0x555a07b8ca80;
LS_0x555a07b8cb80_0_8 .concat [ 1 1 1 1], L_0x555a07b8ca80, L_0x555a07b8ca80, L_0x555a07b8ca80, L_0x555a07b8ca80;
LS_0x555a07b8cb80_0_12 .concat [ 1 1 1 1], L_0x555a07b8ca80, L_0x555a07b8ca80, L_0x555a07b8ca80, L_0x555a07b8ca80;
LS_0x555a07b8cb80_0_16 .concat [ 1 1 1 0], L_0x555a07b8ca80, L_0x555a07b8ca80, L_0x555a07b8ca80;
LS_0x555a07b8cb80_1_0 .concat [ 4 4 4 4], LS_0x555a07b8cb80_0_0, LS_0x555a07b8cb80_0_4, LS_0x555a07b8cb80_0_8, LS_0x555a07b8cb80_0_12;
LS_0x555a07b8cb80_1_4 .concat [ 3 0 0 0], LS_0x555a07b8cb80_0_16;
L_0x555a07b8cb80 .concat [ 16 3 0 0], LS_0x555a07b8cb80_1_0, LS_0x555a07b8cb80_1_4;
L_0x555a07b8cff0 .part v0x555a07b79430_0, 31, 1;
L_0x555a07b8d100 .part v0x555a07b79430_0, 7, 1;
L_0x555a07b8d1a0 .part v0x555a07b79430_0, 25, 6;
L_0x555a07b8d2c0 .part v0x555a07b79430_0, 8, 4;
LS_0x555a07b8d360_0_0 .concat [ 1 4 6 1], L_0x7fb0ab6572a0, L_0x555a07b8d2c0, L_0x555a07b8d1a0, L_0x555a07b8d100;
LS_0x555a07b8d360_0_4 .concat [ 1 19 0 0], L_0x555a07b8cff0, L_0x555a07b8cb80;
L_0x555a07b8d360 .concat [ 12 20 0 0], LS_0x555a07b8d360_0_0, LS_0x555a07b8d360_0_4;
L_0x555a07b8d670 .part v0x555a07b79430_0, 12, 20;
L_0x555a07b8d710 .concat [ 12 20 0 0], L_0x7fb0ab6572e8, L_0x555a07b8d670;
L_0x555a07b8d940 .part v0x555a07b79430_0, 31, 1;
LS_0x555a07b8dbf0_0_0 .concat [ 1 1 1 1], L_0x555a07b8d940, L_0x555a07b8d940, L_0x555a07b8d940, L_0x555a07b8d940;
LS_0x555a07b8dbf0_0_4 .concat [ 1 1 1 1], L_0x555a07b8d940, L_0x555a07b8d940, L_0x555a07b8d940, L_0x555a07b8d940;
LS_0x555a07b8dbf0_0_8 .concat [ 1 1 1 0], L_0x555a07b8d940, L_0x555a07b8d940, L_0x555a07b8d940;
L_0x555a07b8dbf0 .concat [ 4 4 3 0], LS_0x555a07b8dbf0_0_0, LS_0x555a07b8dbf0_0_4, LS_0x555a07b8dbf0_0_8;
L_0x555a07b8d8a0 .part v0x555a07b79430_0, 31, 1;
L_0x555a07b8dd90 .part v0x555a07b79430_0, 12, 8;
L_0x555a07b8def0 .part v0x555a07b79430_0, 20, 1;
L_0x555a07b8df90 .part v0x555a07b79430_0, 21, 10;
LS_0x555a07b8e100_0_0 .concat [ 1 10 1 8], L_0x7fb0ab657330, L_0x555a07b8df90, L_0x555a07b8def0, L_0x555a07b8dd90;
LS_0x555a07b8e100_0_4 .concat [ 1 11 0 0], L_0x555a07b8d8a0, L_0x555a07b8dbf0;
L_0x555a07b8e100 .concat [ 20 12 0 0], LS_0x555a07b8e100_0_0, LS_0x555a07b8e100_0_4;
    .scope S_0x555a07b73910;
T_0 ;
    %wait E_0x555a07b73aa0;
    %load/vec4 v0x555a07b74300_0;
    %flag_set/vec4 8;
    %jmp/0xz  T_0.0, 8;
    %load/vec4 v0x555a07b74220_0;
    %load/vec4 v0x555a07b73fe0_0;
    %parti/s 10, 2, 3;
    %pad/u 12;
    %ix/vec4 3;
    %ix/load 4, 0, 0; Constant delay
    %assign/vec4/a/d v0x555a07b73b20, 0, 4;
T_0.0 ;
    %jmp T_0;
    .thread T_0;
    .scope S_0x555a07b74480;
T_1 ;
    %wait E_0x555a07b73aa0;
    %load/vec4 v0x555a07b75cc0_0;
    %flag_set/vec4 9;
    %flag_get/vec4 9;
    %jmp/0 T_1.2, 9;
    %load/vec4 v0x555a07b756c0_0;
    %pad/u 32;
    %pushi/vec4 0, 0, 32;
    %cmp/ne;
    %flag_get/vec4 4;
    %and;
T_1.2;
    %flag_set/vec4 8;
    %jmp/0xz  T_1.0, 8;
    %load/vec4 v0x555a07b75be0_0;
    %load/vec4 v0x555a07b756c0_0;
    %pad/u 7;
    %ix/vec4 3;
    %ix/load 4, 0, 0; Constant delay
    %assign/vec4/a/d v0x555a07b75960, 0, 4;
T_1.0 ;
    %jmp T_1;
    .thread T_1;
    .scope S_0x555a07b4cfc0;
T_2 ;
    %wait E_0x555a07b0d040;
    %load/vec4 v0x555a07b54800_0;
    %dup/vec4;
    %pushi/vec4 0, 0, 4;
    %cmp/u;
    %jmp/1 T_2.0, 6;
    %dup/vec4;
    %pushi/vec4 1, 0, 4;
    %cmp/u;
    %jmp/1 T_2.1, 6;
    %dup/vec4;
    %pushi/vec4 2, 0, 4;
    %cmp/u;
    %jmp/1 T_2.2, 6;
    %dup/vec4;
    %pushi/vec4 3, 0, 4;
    %cmp/u;
    %jmp/1 T_2.3, 6;
    %dup/vec4;
    %pushi/vec4 4, 0, 4;
    %cmp/u;
    %jmp/1 T_2.4, 6;
    %dup/vec4;
    %pushi/vec4 5, 0, 4;
    %cmp/u;
    %jmp/1 T_2.5, 6;
    %dup/vec4;
    %pushi/vec4 6, 0, 4;
    %cmp/u;
    %jmp/1 T_2.6, 6;
    %dup/vec4;
    %pushi/vec4 7, 0, 4;
    %cmp/u;
    %jmp/1 T_2.7, 6;
    %dup/vec4;
    %pushi/vec4 8, 0, 4;
    %cmp/u;
    %jmp/1 T_2.8, 6;
    %pushi/vec4 0, 0, 32;
    %store/vec4 v0x555a07b54fa0_0, 0, 32;
    %jmp T_2.10;
T_2.0 ;
    %load/vec4 v0x555a07b54410_0;
    %load/vec4 v0x555a07b54b50_0;
    %add;
    %store/vec4 v0x555a07b54fa0_0, 0, 32;
    %jmp T_2.10;
T_2.1 ;
    %load/vec4 v0x555a07b54410_0;
    %load/vec4 v0x555a07b54b50_0;
    %sub;
    %store/vec4 v0x555a07b54fa0_0, 0, 32;
    %jmp T_2.10;
T_2.2 ;
    %load/vec4 v0x555a07b54410_0;
    %load/vec4 v0x555a07b54b50_0;
    %and;
    %store/vec4 v0x555a07b54fa0_0, 0, 32;
    %jmp T_2.10;
T_2.3 ;
    %load/vec4 v0x555a07b54410_0;
    %load/vec4 v0x555a07b54b50_0;
    %or;
    %store/vec4 v0x555a07b54fa0_0, 0, 32;
    %jmp T_2.10;
T_2.4 ;
    %load/vec4 v0x555a07b54410_0;
    %load/vec4 v0x555a07b54b50_0;
    %xor;
    %store/vec4 v0x555a07b54fa0_0, 0, 32;
    %jmp T_2.10;
T_2.5 ;
    %load/vec4 v0x555a07b54410_0;
    %load/vec4 v0x555a07b54b50_0;
    %cmp/s;
    %flag_get/vec4 5;
    %pad/u 32;
    %store/vec4 v0x555a07b54fa0_0, 0, 32;
    %jmp T_2.10;
T_2.6 ;
    %load/vec4 v0x555a07b54410_0;
    %load/vec4 v0x555a07b54b50_0;
    %parti/s 5, 0, 2;
    %ix/vec4 4;
    %shiftl 4;
    %store/vec4 v0x555a07b54fa0_0, 0, 32;
    %jmp T_2.10;
T_2.7 ;
    %load/vec4 v0x555a07b54410_0;
    %load/vec4 v0x555a07b54b50_0;
    %parti/s 5, 0, 2;
    %ix/vec4 4;
    %shiftr 4;
    %store/vec4 v0x555a07b54fa0_0, 0, 32;
    %jmp T_2.10;
T_2.8 ;
    %load/vec4 v0x555a07b54410_0;
    %load/vec4 v0x555a07b54b50_0;
    %parti/s 5, 0, 2;
    %ix/vec4 4;
    %shiftr/s 4;
    %store/vec4 v0x555a07b54fa0_0, 0, 32;
    %jmp T_2.10;
T_2.10 ;
    %pop/vec4 1;
    %jmp T_2;
    .thread T_2, $push;
    .scope S_0x555a07b71b00;
T_3 ;
    %wait E_0x555a07b0cbd0;
    %load/vec4 v0x555a07b71d60_0;
    %dup/vec4;
    %pushi/vec4 0, 0, 2;
    %cmp/u;
    %jmp/1 T_3.0, 6;
    %dup/vec4;
    %pushi/vec4 1, 0, 2;
    %cmp/u;
    %jmp/1 T_3.1, 6;
    %dup/vec4;
    %pushi/vec4 2, 0, 2;
    %cmp/u;
    %jmp/1 T_3.2, 6;
    %pushi/vec4 0, 0, 4;
    %store/vec4 v0x555a07b075b0_0, 0, 4;
    %jmp T_3.4;
T_3.0 ;
    %pushi/vec4 0, 0, 4;
    %store/vec4 v0x555a07b075b0_0, 0, 4;
    %jmp T_3.4;
T_3.1 ;
    %pushi/vec4 1, 0, 4;
    %store/vec4 v0x555a07b075b0_0, 0, 4;
    %jmp T_3.4;
T_3.2 ;
    %load/vec4 v0x555a07b71e20_0;
    %dup/vec4;
    %pushi/vec4 0, 0, 3;
    %cmp/u;
    %jmp/1 T_3.5, 6;
    %dup/vec4;
    %pushi/vec4 7, 0, 3;
    %cmp/u;
    %jmp/1 T_3.6, 6;
    %dup/vec4;
    %pushi/vec4 6, 0, 3;
    %cmp/u;
    %jmp/1 T_3.7, 6;
    %dup/vec4;
    %pushi/vec4 4, 0, 3;
    %cmp/u;
    %jmp/1 T_3.8, 6;
    %dup/vec4;
    %pushi/vec4 2, 0, 3;
    %cmp/u;
    %jmp/1 T_3.9, 6;
    %dup/vec4;
    %pushi/vec4 1, 0, 3;
    %cmp/u;
    %jmp/1 T_3.10, 6;
    %dup/vec4;
    %pushi/vec4 5, 0, 3;
    %cmp/u;
    %jmp/1 T_3.11, 6;
    %pushi/vec4 0, 0, 4;
    %store/vec4 v0x555a07b075b0_0, 0, 4;
    %jmp T_3.13;
T_3.5 ;
    %load/vec4 v0x555a07b71ee0_0;
    %flag_set/vec4 8;
    %jmp/0 T_3.14, 8;
    %pushi/vec4 1, 0, 4;
    %jmp/1 T_3.15, 8;
T_3.14 ; End of true expr.
    %pushi/vec4 0, 0, 4;
    %jmp/0 T_3.15, 8;
 ; End of false expr.
    %blend;
T_3.15;
    %store/vec4 v0x555a07b075b0_0, 0, 4;
    %jmp T_3.13;
T_3.6 ;
    %pushi/vec4 2, 0, 4;
    %store/vec4 v0x555a07b075b0_0, 0, 4;
    %jmp T_3.13;
T_3.7 ;
    %pushi/vec4 3, 0, 4;
    %store/vec4 v0x555a07b075b0_0, 0, 4;
    %jmp T_3.13;
T_3.8 ;
    %pushi/vec4 4, 0, 4;
    %store/vec4 v0x555a07b075b0_0, 0, 4;
    %jmp T_3.13;
T_3.9 ;
    %pushi/vec4 5, 0, 4;
    %store/vec4 v0x555a07b075b0_0, 0, 4;
    %jmp T_3.13;
T_3.10 ;
    %pushi/vec4 6, 0, 4;
    %store/vec4 v0x555a07b075b0_0, 0, 4;
    %jmp T_3.13;
T_3.11 ;
    %load/vec4 v0x555a07b71ee0_0;
    %flag_set/vec4 8;
    %jmp/0 T_3.16, 8;
    %pushi/vec4 8, 0, 4;
    %jmp/1 T_3.17, 8;
T_3.16 ; End of true expr.
    %pushi/vec4 7, 0, 4;
    %jmp/0 T_3.17, 8;
 ; End of false expr.
    %blend;
T_3.17;
    %store/vec4 v0x555a07b075b0_0, 0, 4;
    %jmp T_3.13;
T_3.13 ;
    %pop/vec4 1;
    %jmp T_3.4;
T_3.4 ;
    %pop/vec4 1;
    %jmp T_3;
    .thread T_3, $push;
    .scope S_0x555a07b72020;
T_4 ;
    %wait E_0x555a07af4330;
    %load/vec4 v0x555a07b732b0_0;
    %flag_set/vec4 8;
    %jmp/0xz  T_4.0, 8;
    %pushi/vec4 0, 0, 4;
    %assign/vec4 v0x555a07b736b0_0, 0;
    %jmp T_4.1;
T_4.0 ;
    %load/vec4 v0x555a07b72f20_0;
    %assign/vec4 v0x555a07b736b0_0, 0;
T_4.1 ;
    %jmp T_4;
    .thread T_4;
    .scope S_0x555a07b72020;
T_5 ;
    %wait E_0x555a07b0d770;
    %load/vec4 v0x555a07b736b0_0;
    %store/vec4 v0x555a07b72f20_0, 0, 4;
    %load/vec4 v0x555a07b736b0_0;
    %dup/vec4;
    %pushi/vec4 0, 0, 4;
    %cmp/u;
    %jmp/1 T_5.0, 6;
    %dup/vec4;
    %pushi/vec4 1, 0, 4;
    %cmp/u;
    %jmp/1 T_5.1, 6;
    %dup/vec4;
    %pushi/vec4 2, 0, 4;
    %cmp/u;
    %jmp/1 T_5.2, 6;
    %dup/vec4;
    %pushi/vec4 3, 0, 4;
    %cmp/u;
    %jmp/1 T_5.3, 6;
    %dup/vec4;
    %pushi/vec4 4, 0, 4;
    %cmp/u;
    %jmp/1 T_5.4, 6;
    %dup/vec4;
    %pushi/vec4 5, 0, 4;
    %cmp/u;
    %jmp/1 T_5.5, 6;
    %dup/vec4;
    %pushi/vec4 6, 0, 4;
    %cmp/u;
    %jmp/1 T_5.6, 6;
    %dup/vec4;
    %pushi/vec4 9, 0, 4;
    %cmp/u;
    %jmp/1 T_5.7, 6;
    %dup/vec4;
    %pushi/vec4 7, 0, 4;
    %cmp/u;
    %jmp/1 T_5.8, 6;
    %dup/vec4;
    %pushi/vec4 8, 0, 4;
    %cmp/u;
    %jmp/1 T_5.9, 6;
    %dup/vec4;
    %pushi/vec4 10, 0, 4;
    %cmp/u;
    %jmp/1 T_5.10, 6;
    %dup/vec4;
    %pushi/vec4 11, 0, 4;
    %cmp/u;
    %jmp/1 T_5.11, 6;
    %pushi/vec4 0, 0, 4;
    %store/vec4 v0x555a07b72f20_0, 0, 4;
    %jmp T_5.13;
T_5.0 ;
    %pushi/vec4 1, 0, 4;
    %store/vec4 v0x555a07b72f20_0, 0, 4;
    %jmp T_5.13;
T_5.1 ;
    %load/vec4 v0x555a07b73050_0;
    %dup/vec4;
    %pushi/vec4 3, 0, 7;
    %cmp/u;
    %jmp/1 T_5.14, 6;
    %dup/vec4;
    %pushi/vec4 35, 0, 7;
    %cmp/u;
    %jmp/1 T_5.15, 6;
    %dup/vec4;
    %pushi/vec4 51, 0, 7;
    %cmp/u;
    %jmp/1 T_5.16, 6;
    %dup/vec4;
    %pushi/vec4 19, 0, 7;
    %cmp/u;
    %jmp/1 T_5.17, 6;
    %dup/vec4;
    %pushi/vec4 99, 0, 7;
    %cmp/u;
    %jmp/1 T_5.18, 6;
    %dup/vec4;
    %pushi/vec4 111, 0, 7;
    %cmp/u;
    %jmp/1 T_5.19, 6;
    %dup/vec4;
    %pushi/vec4 55, 0, 7;
    %cmp/u;
    %jmp/1 T_5.20, 6;
    %pushi/vec4 0, 0, 4;
    %store/vec4 v0x555a07b72f20_0, 0, 4;
    %jmp T_5.22;
T_5.14 ;
    %pushi/vec4 2, 0, 4;
    %store/vec4 v0x555a07b72f20_0, 0, 4;
    %jmp T_5.22;
T_5.15 ;
    %pushi/vec4 2, 0, 4;
    %store/vec4 v0x555a07b72f20_0, 0, 4;
    %jmp T_5.22;
T_5.16 ;
    %pushi/vec4 6, 0, 4;
    %store/vec4 v0x555a07b72f20_0, 0, 4;
    %jmp T_5.22;
T_5.17 ;
    %pushi/vec4 9, 0, 4;
    %store/vec4 v0x555a07b72f20_0, 0, 4;
    %jmp T_5.22;
T_5.18 ;
    %pushi/vec4 8, 0, 4;
    %store/vec4 v0x555a07b72f20_0, 0, 4;
    %jmp T_5.22;
T_5.19 ;
    %pushi/vec4 10, 0, 4;
    %store/vec4 v0x555a07b72f20_0, 0, 4;
    %jmp T_5.22;
T_5.20 ;
    %pushi/vec4 11, 0, 4;
    %store/vec4 v0x555a07b72f20_0, 0, 4;
    %jmp T_5.22;
T_5.22 ;
    %pop/vec4 1;
    %jmp T_5.13;
T_5.2 ;
    %load/vec4 v0x555a07b73050_0;
    %cmpi/e 3, 0, 7;
    %flag_mov 8, 4;
    %jmp/0 T_5.23, 8;
    %pushi/vec4 3, 0, 4;
    %jmp/1 T_5.24, 8;
T_5.23 ; End of true expr.
    %pushi/vec4 5, 0, 4;
    %jmp/0 T_5.24, 8;
 ; End of false expr.
    %blend;
T_5.24;
    %store/vec4 v0x555a07b72f20_0, 0, 4;
    %jmp T_5.13;
T_5.3 ;
    %pushi/vec4 4, 0, 4;
    %store/vec4 v0x555a07b72f20_0, 0, 4;
    %jmp T_5.13;
T_5.4 ;
    %pushi/vec4 0, 0, 4;
    %store/vec4 v0x555a07b72f20_0, 0, 4;
    %jmp T_5.13;
T_5.5 ;
    %pushi/vec4 0, 0, 4;
    %store/vec4 v0x555a07b72f20_0, 0, 4;
    %jmp T_5.13;
T_5.6 ;
    %pushi/vec4 7, 0, 4;
    %store/vec4 v0x555a07b72f20_0, 0, 4;
    %jmp T_5.13;
T_5.7 ;
    %pushi/vec4 7, 0, 4;
    %store/vec4 v0x555a07b72f20_0, 0, 4;
    %jmp T_5.13;
T_5.8 ;
    %pushi/vec4 0, 0, 4;
    %store/vec4 v0x555a07b72f20_0, 0, 4;
    %jmp T_5.13;
T_5.9 ;
    %pushi/vec4 0, 0, 4;
    %store/vec4 v0x555a07b72f20_0, 0, 4;
    %jmp T_5.13;
T_5.10 ;
    %pushi/vec4 0, 0, 4;
    %store/vec4 v0x555a07b72f20_0, 0, 4;
    %jmp T_5.13;
T_5.11 ;
    %pushi/vec4 0, 0, 4;
    %store/vec4 v0x555a07b72f20_0, 0, 4;
    %jmp T_5.13;
T_5.13 ;
    %pop/vec4 1;
    %jmp T_5;
    .thread T_5, $push;
    .scope S_0x555a07b72020;
T_6 ;
    %wait E_0x555a07b0d4c0;
    %pushi/vec4 0, 0, 1;
    %store/vec4 v0x555a07b73510_0, 0, 1;
    %pushi/vec4 0, 0, 1;
    %store/vec4 v0x555a07b72d90_0, 0, 1;
    %pushi/vec4 0, 0, 1;
    %store/vec4 v0x555a07b73130_0, 0, 1;
    %pushi/vec4 0, 0, 1;
    %store/vec4 v0x555a07b72e60_0, 0, 1;
    %pushi/vec4 0, 0, 1;
    %store/vec4 v0x555a07b731f0_0, 0, 1;
    %pushi/vec4 0, 0, 1;
    %store/vec4 v0x555a07b73370_0, 0, 1;
    %pushi/vec4 0, 0, 2;
    %store/vec4 v0x555a07b73430_0, 0, 2;
    %pushi/vec4 0, 0, 2;
    %store/vec4 v0x555a07b72be0_0, 0, 2;
    %pushi/vec4 0, 0, 2;
    %store/vec4 v0x555a07b735d0_0, 0, 2;
    %load/vec4 v0x555a07b736b0_0;
    %dup/vec4;
    %pushi/vec4 0, 0, 4;
    %cmp/u;
    %jmp/1 T_6.0, 6;
    %dup/vec4;
    %pushi/vec4 2, 0, 4;
    %cmp/u;
    %jmp/1 T_6.1, 6;
    %dup/vec4;
    %pushi/vec4 3, 0, 4;
    %cmp/u;
    %jmp/1 T_6.2, 6;
    %dup/vec4;
    %pushi/vec4 5, 0, 4;
    %cmp/u;
    %jmp/1 T_6.3, 6;
    %dup/vec4;
    %pushi/vec4 4, 0, 4;
    %cmp/u;
    %jmp/1 T_6.4, 6;
    %dup/vec4;
    %pushi/vec4 6, 0, 4;
    %cmp/u;
    %jmp/1 T_6.5, 6;
    %dup/vec4;
    %pushi/vec4 9, 0, 4;
    %cmp/u;
    %jmp/1 T_6.6, 6;
    %dup/vec4;
    %pushi/vec4 7, 0, 4;
    %cmp/u;
    %jmp/1 T_6.7, 6;
    %dup/vec4;
    %pushi/vec4 8, 0, 4;
    %cmp/u;
    %jmp/1 T_6.8, 6;
    %dup/vec4;
    %pushi/vec4 10, 0, 4;
    %cmp/u;
    %jmp/1 T_6.9, 6;
    %dup/vec4;
    %pushi/vec4 11, 0, 4;
    %cmp/u;
    %jmp/1 T_6.10, 6;
    %jmp T_6.11;
T_6.0 ;
    %pushi/vec4 0, 0, 1;
    %store/vec4 v0x555a07b73510_0, 0, 1;
    %pushi/vec4 1, 0, 1;
    %store/vec4 v0x555a07b72d90_0, 0, 1;
    %pushi/vec4 0, 0, 1;
    %store/vec4 v0x555a07b73370_0, 0, 1;
    %pushi/vec4 2, 0, 2;
    %store/vec4 v0x555a07b73430_0, 0, 2;
    %pushi/vec4 0, 0, 2;
    %store/vec4 v0x555a07b72be0_0, 0, 2;
    %pushi/vec4 1, 0, 1;
    %store/vec4 v0x555a07b73130_0, 0, 1;
    %jmp T_6.11;
T_6.1 ;
    %pushi/vec4 1, 0, 1;
    %store/vec4 v0x555a07b73370_0, 0, 1;
    %pushi/vec4 1, 0, 2;
    %store/vec4 v0x555a07b73430_0, 0, 2;
    %pushi/vec4 0, 0, 2;
    %store/vec4 v0x555a07b72be0_0, 0, 2;
    %jmp T_6.11;
T_6.2 ;
    %pushi/vec4 1, 0, 1;
    %store/vec4 v0x555a07b73510_0, 0, 1;
    %jmp T_6.11;
T_6.3 ;
    %pushi/vec4 1, 0, 1;
    %store/vec4 v0x555a07b73510_0, 0, 1;
    %pushi/vec4 1, 0, 1;
    %store/vec4 v0x555a07b72e60_0, 0, 1;
    %jmp T_6.11;
T_6.4 ;
    %pushi/vec4 1, 0, 1;
    %store/vec4 v0x555a07b731f0_0, 0, 1;
    %pushi/vec4 1, 0, 2;
    %store/vec4 v0x555a07b735d0_0, 0, 2;
    %jmp T_6.11;
T_6.5 ;
    %pushi/vec4 1, 0, 1;
    %store/vec4 v0x555a07b73370_0, 0, 1;
    %pushi/vec4 0, 0, 2;
    %store/vec4 v0x555a07b73430_0, 0, 2;
    %pushi/vec4 2, 0, 2;
    %store/vec4 v0x555a07b72be0_0, 0, 2;
    %jmp T_6.11;
T_6.6 ;
    %pushi/vec4 1, 0, 1;
    %store/vec4 v0x555a07b73370_0, 0, 1;
    %pushi/vec4 1, 0, 2;
    %store/vec4 v0x555a07b73430_0, 0, 2;
    %pushi/vec4 2, 0, 2;
    %store/vec4 v0x555a07b72be0_0, 0, 2;
    %jmp T_6.11;
T_6.7 ;
    %pushi/vec4 1, 0, 1;
    %store/vec4 v0x555a07b731f0_0, 0, 1;
    %pushi/vec4 0, 0, 2;
    %store/vec4 v0x555a07b735d0_0, 0, 2;
    %jmp T_6.11;
T_6.8 ;
    %pushi/vec4 1, 0, 1;
    %store/vec4 v0x555a07b73370_0, 0, 1;
    %pushi/vec4 0, 0, 2;
    %store/vec4 v0x555a07b73430_0, 0, 2;
    %pushi/vec4 1, 0, 2;
    %store/vec4 v0x555a07b72be0_0, 0, 2;
    %pushi/vec4 1, 0, 1;
    %store/vec4 v0x555a07b73130_0, 0, 1;
    %jmp T_6.11;
T_6.9 ;
    %pushi/vec4 0, 0, 1;
    %store/vec4 v0x555a07b73370_0, 0, 1;
    %pushi/vec4 1, 0, 2;
    %store/vec4 v0x555a07b73430_0, 0, 2;
    %pushi/vec4 1, 0, 1;
    %store/vec4 v0x555a07b73130_0, 0, 1;
    %pushi/vec4 1, 0, 1;
    %store/vec4 v0x555a07b731f0_0, 0, 1;
    %pushi/vec4 2, 0, 2;
    %store/vec4 v0x555a07b735d0_0, 0, 2;
    %jmp T_6.11;
T_6.10 ;
    %pushi/vec4 1, 0, 1;
    %store/vec4 v0x555a07b731f0_0, 0, 1;
    %pushi/vec4 3, 0, 2;
    %store/vec4 v0x555a07b735d0_0, 0, 2;
    %jmp T_6.11;
T_6.11 ;
    %pop/vec4 1;
    %jmp T_6;
    .thread T_6, $push;
    .scope S_0x555a07b4a3a0;
T_7 ;
    %wait E_0x555a07af4330;
    %load/vec4 v0x555a07b79f20_0;
    %flag_set/vec4 8;
    %jmp/0xz  T_7.0, 8;
    %pushi/vec4 0, 0, 32;
    %assign/vec4 v0x555a07b799a0_0, 0;
    %jmp T_7.1;
T_7.0 ;
    %load/vec4 v0x555a07b79a40_0;
    %flag_set/vec4 8;
    %jmp/0xz  T_7.2, 8;
    %load/vec4 v0x555a07b78d30_0;
    %assign/vec4 v0x555a07b799a0_0, 0;
T_7.2 ;
T_7.1 ;
    %jmp T_7;
    .thread T_7;
    .scope S_0x555a07b4a3a0;
T_8 ;
    %wait E_0x555a07b73aa0;
    %load/vec4 v0x555a07b79500_0;
    %flag_set/vec4 8;
    %jmp/0xz  T_8.0, 8;
    %load/vec4 v0x555a07b795d0_0;
    %assign/vec4 v0x555a07b79430_0, 0;
T_8.0 ;
    %jmp T_8;
    .thread T_8;
    .scope S_0x555a07b4a3a0;
T_9 ;
    %wait E_0x555a07b73aa0;
    %load/vec4 v0x555a07b795d0_0;
    %assign/vec4 v0x555a07b78f50_0, 0;
    %jmp T_9;
    .thread T_9;
    .scope S_0x555a07b4a3a0;
T_10 ;
    %wait E_0x555a07b73aa0;
    %load/vec4 v0x555a07b79ae0_0;
    %assign/vec4 v0x555a07b79bb0_0, 0;
    %load/vec4 v0x555a07b79c70_0;
    %assign/vec4 v0x555a07b79d60_0, 0;
    %jmp T_10;
    .thread T_10;
    .scope S_0x555a07b4a3a0;
T_11 ;
    %wait E_0x555a07b73aa0;
    %load/vec4 v0x555a07b78d30_0;
    %assign/vec4 v0x555a07b78df0_0, 0;
    %jmp T_11;
    .thread T_11;
    .scope S_0x555a07b07b10;
T_12 ;
    %delay 5, 0;
    %load/vec4 v0x555a07b7a4a0_0;
    %inv;
    %store/vec4 v0x555a07b7a4a0_0, 0, 1;
    %jmp T_12;
    .thread T_12;
    .scope S_0x555a07b07b10;
T_13 ;
    %vpi_call 2 19 "$readmemh", "program.hex", v0x555a07b73b20 {0 0 0};
    %vpi_call 2 21 "$display", "RAM[0] = %h", &A<v0x555a07b73b20, 0> {0 0 0};
    %vpi_call 2 22 "$display", "RAM[1] = %h", &A<v0x555a07b73b20, 1> {0 0 0};
    %vpi_call 2 23 "$display", "RAM[2] = %h", &A<v0x555a07b73b20, 2> {0 0 0};
    %vpi_call 2 26 "$dumpfile", "wave.vcd" {0 0 0};
    %vpi_call 2 27 "$dumpvars", 32'sb00000000000000000000000000000000, S_0x555a07b07b10 {0 0 0};
    %pushi/vec4 0, 0, 1;
    %store/vec4 v0x555a07b7a4a0_0, 0, 1;
    %pushi/vec4 1, 0, 1;
    %store/vec4 v0x555a07b7a540_0, 0, 1;
    %delay 20, 0;
    %pushi/vec4 0, 0, 1;
    %store/vec4 v0x555a07b7a540_0, 0, 1;
    %delay 500, 0;
    %vpi_call 2 44 "$display", "Simulation finished" {0 0 0};
    %vpi_call 2 45 "$finish" {0 0 0};
    %end;
    .thread T_13;
# The file index is used to find the file name in the following table.
:file_names 10;
    "N/A";
    "<interactive>";
    "tb.v";
    "./rv_mc.v";
    "./alu.v";
    "./alu_decoder.v";
    "./controller.v";
    "./mem.v";
    "./regfile.v";
    "./sign_extender.v";
