#! /usr/bin/vvp
:ivl_version "12.0 (stable)";
:ivl_delay_selection "TYPICAL";
:vpi_time_precision - 12;
:vpi_module "/usr/lib/x86_64-linux-gnu/ivl/system.vpi";
:vpi_module "/usr/lib/x86_64-linux-gnu/ivl/vhdl_sys.vpi";
:vpi_module "/usr/lib/x86_64-linux-gnu/ivl/vhdl_textio.vpi";
:vpi_module "/usr/lib/x86_64-linux-gnu/ivl/v2005_math.vpi";
:vpi_module "/usr/lib/x86_64-linux-gnu/ivl/va_math.vpi";
S_0x560d9937f010 .scope module, "tb_cpu" "tb_cpu" 2 4;
 .timescale -9 -12;
v0x560d993a0750_0 .var "clk", 0 0;
v0x560d993a0880_0 .var "reset", 0 0;
S_0x560d99326eb0 .scope module, "dut" "cpu_top" 2 8, 3 11 0, S_0x560d9937f010;
 .timescale -9 -12;
    .port_info 0 /INPUT 1 "clk";
    .port_info 1 /INPUT 1 "reset";
L_0x7ffa8c0674e0 .functor BUFT 1, C4<0>, C4<0>, C4<0>, C4<0>;
L_0x560d993b2d70 .functor XNOR 1, L_0x560d993b31f0, L_0x7ffa8c0674e0, C4<0>, C4<0>;
L_0x560d993b3640 .functor AND 1, v0x560d993997e0_0, L_0x560d993b2130, C4<1>, C4<1>;
L_0x7ffa8c067330 .functor BUFT 1, C4<00>, C4<0>, C4<0>, C4<0>;
v0x560d9939de90_0 .net/2u *"_ivl_14", 1 0, L_0x7ffa8c067330;  1 drivers
v0x560d9939df70_0 .net *"_ivl_16", 0 0, L_0x560d993b2640;  1 drivers
L_0x7ffa8c067378 .functor BUFT 1, C4<01>, C4<0>, C4<0>, C4<0>;
v0x560d9939e030_0 .net/2u *"_ivl_18", 1 0, L_0x7ffa8c067378;  1 drivers
v0x560d9939e120_0 .net *"_ivl_20", 0 0, L_0x560d993b2780;  1 drivers
L_0x7ffa8c0673c0 .functor BUFT 1, C4<00000000000000000000000000000000>, C4<0>, C4<0>, C4<0>;
v0x560d9939e1e0_0 .net/2u *"_ivl_22", 31 0, L_0x7ffa8c0673c0;  1 drivers
v0x560d9939e310_0 .net *"_ivl_24", 31 0, L_0x560d993b28c0;  1 drivers
L_0x7ffa8c067408 .functor BUFT 1, C4<10>, C4<0>, C4<0>, C4<0>;
v0x560d9939e3f0_0 .net/2u *"_ivl_28", 1 0, L_0x7ffa8c067408;  1 drivers
v0x560d9939e4d0_0 .net *"_ivl_30", 0 0, L_0x560d993b2b50;  1 drivers
L_0x7ffa8c067450 .functor BUFT 1, C4<11>, C4<0>, C4<0>, C4<0>;
v0x560d9939e590_0 .net/2u *"_ivl_32", 1 0, L_0x7ffa8c067450;  1 drivers
v0x560d9939e670_0 .net *"_ivl_34", 0 0, L_0x560d993b2c80;  1 drivers
L_0x7ffa8c067498 .functor BUFT 1, C4<00000000000000000000000000000000>, C4<0>, C4<0>, C4<0>;
v0x560d9939e730_0 .net/2u *"_ivl_36", 31 0, L_0x7ffa8c067498;  1 drivers
v0x560d9939e810_0 .net *"_ivl_38", 31 0, L_0x560d993b2ef0;  1 drivers
v0x560d9939e8f0_0 .net *"_ivl_43", 0 0, L_0x560d993b31f0;  1 drivers
v0x560d9939e9d0_0 .net/2u *"_ivl_44", 0 0, L_0x7ffa8c0674e0;  1 drivers
v0x560d9939eab0_0 .net *"_ivl_46", 0 0, L_0x560d993b2d70;  1 drivers
v0x560d9939eb70_0 .net *"_ivl_52", 31 0, L_0x560d993b3750;  1 drivers
v0x560d9939ec50_0 .net "alu_b_src", 31 0, L_0x560d993b2000;  1 drivers
v0x560d9939ed10_0 .net "alu_control", 3 0, v0x560d99399610_0;  1 drivers
v0x560d9939ee20_0 .net "alu_y", 31 0, v0x560d99398470_0;  1 drivers
v0x560d9939ef30_0 .net "alu_zero", 0 0, L_0x560d993b2130;  1 drivers
v0x560d9939efd0_0 .net "branch", 0 0, v0x560d993997e0_0;  1 drivers
v0x560d9939f070_0 .net "clk", 0 0, v0x560d993a0750_0;  1 drivers
v0x560d9939f110_0 .net "dmem_rd", 31 0, L_0x560d993b2530;  1 drivers
v0x560d9939f1b0_0 .net "dmem_we", 0 0, v0x560d993998b0_0;  1 drivers
v0x560d9939f2a0_0 .net "funct3", 2 0, L_0x560d993a0bb0;  1 drivers
v0x560d9939f340_0 .net "funct7", 6 0, L_0x560d993a0e60;  1 drivers
v0x560d9939f3e0_0 .net "imm", 31 0, v0x560d9939db90_0;  1 drivers
v0x560d9939f480_0 .net "imm_sel", 2 0, v0x560d99399b80_0;  1 drivers
v0x560d9939f570_0 .net "instr", 31 0, L_0x560d993a1030;  1 drivers
v0x560d9939f680_0 .net "jump", 0 0, v0x560d99399c60_0;  1 drivers
v0x560d9939f720_0 .net "next_pc", 31 0, L_0x560d993b3840;  1 drivers
v0x560d9939f7c0_0 .net "opcode", 6 0, L_0x560d993a0940;  1 drivers
v0x560d9939f890_0 .net "pc", 31 0, v0x560d9939b710_0;  1 drivers
v0x560d9939fb40_0 .net "pc_plus_4", 31 0, L_0x560d993a0f90;  1 drivers
v0x560d9939fc30_0 .net "pc_target", 31 0, L_0x560d993b35a0;  1 drivers
v0x560d9939fd00_0 .net "rd", 4 0, L_0x560d993a0a30;  1 drivers
v0x560d9939fdd0_0 .net "rd1", 31 0, L_0x560d993b1770;  1 drivers
v0x560d9939fe70_0 .net "rd2", 31 0, L_0x560d993b1e70;  1 drivers
v0x560d9939ff30_0 .net "reset", 0 0, v0x560d993a0880_0;  1 drivers
v0x560d9939ffd0_0 .net "result", 31 0, L_0x560d993b3330;  1 drivers
v0x560d993a00a0_0 .net "rf_we", 0 0, v0x560d99399e00_0;  1 drivers
v0x560d993a0190_0 .net "rs1", 4 0, L_0x560d993a0c50;  1 drivers
v0x560d993a0230_0 .net "rs2", 4 0, L_0x560d993a0d70;  1 drivers
v0x560d993a0300_0 .net "sel_alu_src_b", 0 0, v0x560d99399ec0_0;  1 drivers
v0x560d993a03f0_0 .net "sel_res0", 31 0, L_0x560d993b2a00;  1 drivers
v0x560d993a04b0_0 .net "sel_res1", 31 0, L_0x560d993b3030;  1 drivers
v0x560d993a0590_0 .net "sel_result", 1 0, v0x560d99399f60_0;  1 drivers
v0x560d993a0650_0 .net "take_branch", 0 0, L_0x560d993b3640;  1 drivers
L_0x560d993a0940 .part L_0x560d993a1030, 0, 7;
L_0x560d993a0a30 .part L_0x560d993a1030, 7, 5;
L_0x560d993a0bb0 .part L_0x560d993a1030, 12, 3;
L_0x560d993a0c50 .part L_0x560d993a1030, 15, 5;
L_0x560d993a0d70 .part L_0x560d993a1030, 20, 5;
L_0x560d993a0e60 .part L_0x560d993a1030, 25, 7;
L_0x560d993b2640 .cmp/eq 2, v0x560d99399f60_0, L_0x7ffa8c067330;
L_0x560d993b2780 .cmp/eq 2, v0x560d99399f60_0, L_0x7ffa8c067378;
L_0x560d993b28c0 .functor MUXZ 32, L_0x7ffa8c0673c0, L_0x560d993b2530, L_0x560d993b2780, C4<>;
L_0x560d993b2a00 .functor MUXZ 32, L_0x560d993b28c0, v0x560d99398470_0, L_0x560d993b2640, C4<>;
L_0x560d993b2b50 .cmp/eq 2, v0x560d99399f60_0, L_0x7ffa8c067408;
L_0x560d993b2c80 .cmp/eq 2, v0x560d99399f60_0, L_0x7ffa8c067450;
L_0x560d993b2ef0 .functor MUXZ 32, L_0x7ffa8c067498, v0x560d9939db90_0, L_0x560d993b2c80, C4<>;
L_0x560d993b3030 .functor MUXZ 32, L_0x560d993b2ef0, L_0x560d993a0f90, L_0x560d993b2b50, C4<>;
L_0x560d993b31f0 .part v0x560d99399f60_0, 1, 1;
L_0x560d993b3330 .functor MUXZ 32, L_0x560d993b3030, L_0x560d993b2a00, L_0x560d993b2d70, C4<>;
L_0x560d993b3750 .functor MUXZ 32, L_0x560d993a0f90, L_0x560d993b35a0, L_0x560d993b3640, C4<>;
L_0x560d993b3840 .functor MUXZ 32, L_0x560d993b3750, L_0x560d993b35a0, v0x560d99399c60_0, C4<>;
S_0x560d99330c00 .scope module, "u_alu" "alu" 3 108, 4 1 0, S_0x560d99326eb0;
 .timescale -9 -12;
    .port_info 0 /INPUT 32 "a";
    .port_info 1 /INPUT 32 "b";
    .port_info 2 /INPUT 4 "alu_control";
    .port_info 3 /OUTPUT 32 "y";
    .port_info 4 /OUTPUT 1 "zero";
L_0x7ffa8c0672a0 .functor BUFT 1, C4<00000000000000000000000000000000>, C4<0>, C4<0>, C4<0>;
v0x560d993718b0_0 .net/2u *"_ivl_0", 31 0, L_0x7ffa8c0672a0;  1 drivers
v0x560d99331a70_0 .net "a", 31 0, L_0x560d993b1770;  alias, 1 drivers
v0x560d993982d0_0 .net "alu_control", 3 0, v0x560d99399610_0;  alias, 1 drivers
v0x560d99398390_0 .net "b", 31 0, L_0x560d993b2000;  alias, 1 drivers
v0x560d99398470_0 .var "y", 31 0;
v0x560d993985a0_0 .net "zero", 0 0, L_0x560d993b2130;  alias, 1 drivers
E_0x560d993572a0 .event anyedge, v0x560d993982d0_0, v0x560d99331a70_0, v0x560d99398390_0;
L_0x560d993b2130 .cmp/eq 32, v0x560d99398470_0, L_0x7ffa8c0672a0;
S_0x560d99398700 .scope module, "u_alu_src_mux" "mux2" 3 100, 5 1 0, S_0x560d99326eb0;
 .timescale -9 -12;
    .port_info 0 /INPUT 32 "a";
    .port_info 1 /INPUT 32 "b";
    .port_info 2 /INPUT 1 "sel";
    .port_info 3 /OUTPUT 32 "y";
P_0x560d99398900 .param/l "WIDTH" 0 5 1, +C4<00000000000000000000000000100000>;
v0x560d993989a0_0 .net "a", 31 0, L_0x560d993b1e70;  alias, 1 drivers
v0x560d99398a80_0 .net "b", 31 0, v0x560d9939db90_0;  alias, 1 drivers
v0x560d99398b60_0 .net "sel", 0 0, v0x560d99399ec0_0;  alias, 1 drivers
v0x560d99398c00_0 .net "y", 31 0, L_0x560d993b2000;  alias, 1 drivers
L_0x560d993b2000 .functor MUXZ 32, L_0x560d993b1e70, v0x560d9939db90_0, v0x560d99399ec0_0, C4<>;
S_0x560d99398d50 .scope module, "u_branch_adder" "adder" 3 135, 6 1 0, S_0x560d99326eb0;
 .timescale -9 -12;
    .port_info 0 /INPUT 32 "a";
    .port_info 1 /INPUT 32 "b";
    .port_info 2 /OUTPUT 32 "y";
v0x560d99398f80_0 .net "a", 31 0, v0x560d9939b710_0;  alias, 1 drivers
v0x560d99399080_0 .net "b", 31 0, v0x560d9939db90_0;  alias, 1 drivers
v0x560d99399170_0 .net "y", 31 0, L_0x560d993b35a0;  alias, 1 drivers
L_0x560d993b35a0 .arith/sum 32, v0x560d9939b710_0, v0x560d9939db90_0;
S_0x560d993992c0 .scope module, "u_controller" "controller" 3 67, 7 1 0, S_0x560d99326eb0;
 .timescale -9 -12;
    .port_info 0 /INPUT 7 "opcode";
    .port_info 1 /INPUT 3 "funct3";
    .port_info 2 /INPUT 7 "funct7";
    .port_info 3 /OUTPUT 1 "rf_we";
    .port_info 4 /OUTPUT 3 "imm_sel";
    .port_info 5 /OUTPUT 1 "sel_alu_src_b";
    .port_info 6 /OUTPUT 1 "dmem_we";
    .port_info 7 /OUTPUT 2 "sel_result";
    .port_info 8 /OUTPUT 2 "alu_op";
    .port_info 9 /OUTPUT 4 "alu_control";
    .port_info 10 /OUTPUT 1 "branch";
    .port_info 11 /OUTPUT 1 "jump";
v0x560d99399610_0 .var "alu_control", 3 0;
v0x560d99399720_0 .var "alu_op", 1 0;
v0x560d993997e0_0 .var "branch", 0 0;
v0x560d993998b0_0 .var "dmem_we", 0 0;
v0x560d99399970_0 .net "funct3", 2 0, L_0x560d993a0bb0;  alias, 1 drivers
v0x560d99399aa0_0 .net "funct7", 6 0, L_0x560d993a0e60;  alias, 1 drivers
v0x560d99399b80_0 .var "imm_sel", 2 0;
v0x560d99399c60_0 .var "jump", 0 0;
v0x560d99399d20_0 .net "opcode", 6 0, L_0x560d993a0940;  alias, 1 drivers
v0x560d99399e00_0 .var "rf_we", 0 0;
v0x560d99399ec0_0 .var "sel_alu_src_b", 0 0;
v0x560d99399f60_0 .var "sel_result", 1 0;
E_0x560d99357710 .event anyedge, v0x560d99399720_0, v0x560d99399970_0, v0x560d99399aa0_0;
E_0x560d99321590 .event anyedge, v0x560d99399d20_0;
S_0x560d9939a1a0 .scope module, "u_dmem" "dmem" 3 117, 8 1 0, S_0x560d99326eb0;
 .timescale -9 -12;
    .port_info 0 /INPUT 1 "clk";
    .port_info 1 /INPUT 1 "we";
    .port_info 2 /INPUT 32 "addr";
    .port_info 3 /INPUT 32 "wd";
    .port_info 4 /OUTPUT 32 "rd";
L_0x560d993b2530 .functor BUFZ 32, L_0x560d993b2220, C4<00000000000000000000000000000000>, C4<00000000000000000000000000000000>, C4<00000000000000000000000000000000>;
v0x560d9939a3c0_0 .net *"_ivl_0", 31 0, L_0x560d993b2220;  1 drivers
v0x560d9939a4c0_0 .net *"_ivl_3", 15 0, L_0x560d993b22c0;  1 drivers
v0x560d9939a5a0_0 .net *"_ivl_4", 17 0, L_0x560d993b23f0;  1 drivers
L_0x7ffa8c0672e8 .functor BUFT 1, C4<00>, C4<0>, C4<0>, C4<0>;
v0x560d9939a690_0 .net *"_ivl_7", 1 0, L_0x7ffa8c0672e8;  1 drivers
v0x560d9939a770_0 .net "addr", 31 0, v0x560d99398470_0;  alias, 1 drivers
v0x560d9939a880_0 .net "clk", 0 0, v0x560d993a0750_0;  alias, 1 drivers
v0x560d9939a920 .array "mem", 65535 0, 31 0;
v0x560d9939a9e0_0 .net "rd", 31 0, L_0x560d993b2530;  alias, 1 drivers
v0x560d9939aac0_0 .net "wd", 31 0, L_0x560d993b1e70;  alias, 1 drivers
v0x560d9939abb0_0 .net "we", 0 0, v0x560d993998b0_0;  alias, 1 drivers
E_0x560d9937f3d0 .event posedge, v0x560d9939a880_0;
L_0x560d993b2220 .array/port v0x560d9939a920, L_0x560d993b23f0;
L_0x560d993b22c0 .part v0x560d99398470_0, 2, 16;
L_0x560d993b23f0 .concat [ 16 2 0 0], L_0x560d993b22c0, L_0x7ffa8c0672e8;
S_0x560d9939ad10 .scope module, "u_imem" "imem" 3 61, 9 1 0, S_0x560d99326eb0;
 .timescale -9 -12;
    .port_info 0 /INPUT 32 "addr";
    .port_info 1 /OUTPUT 32 "instr";
L_0x560d993a1030 .functor BUFZ 32, L_0x560d993b1150, C4<00000000000000000000000000000000>, C4<00000000000000000000000000000000>, C4<00000000000000000000000000000000>;
v0x560d9939aec0_0 .net *"_ivl_0", 31 0, L_0x560d993b1150;  1 drivers
v0x560d9939afc0_0 .net *"_ivl_3", 29 0, L_0x560d993b11f0;  1 drivers
v0x560d9939b0a0_0 .net "addr", 31 0, v0x560d9939b710_0;  alias, 1 drivers
v0x560d9939b170_0 .net "instr", 31 0, L_0x560d993a1030;  alias, 1 drivers
v0x560d9939b230 .array "mem", 255 0, 31 0;
L_0x560d993b1150 .array/port v0x560d9939b230, L_0x560d993b11f0;
L_0x560d993b11f0 .part v0x560d9939b710_0, 2, 30;
S_0x560d9939b3a0 .scope module, "u_pc" "pc" 3 46, 10 2 0, S_0x560d99326eb0;
 .timescale -9 -12;
    .port_info 0 /INPUT 1 "clk";
    .port_info 1 /INPUT 1 "reset";
    .port_info 2 /INPUT 32 "next_pc";
    .port_info 3 /OUTPUT 32 "pc";
v0x560d9939b580_0 .net "clk", 0 0, v0x560d993a0750_0;  alias, 1 drivers
v0x560d9939b650_0 .net "next_pc", 31 0, L_0x560d993b3840;  alias, 1 drivers
v0x560d9939b710_0 .var "pc", 31 0;
v0x560d9939b830_0 .net "reset", 0 0, v0x560d993a0880_0;  alias, 1 drivers
S_0x560d9939b970 .scope module, "u_pc_adder" "adder" 3 54, 6 1 0, S_0x560d99326eb0;
 .timescale -9 -12;
    .port_info 0 /INPUT 32 "a";
    .port_info 1 /INPUT 32 "b";
    .port_info 2 /OUTPUT 32 "y";
v0x560d9939bbc0_0 .net "a", 31 0, v0x560d9939b710_0;  alias, 1 drivers
L_0x7ffa8c067018 .functor BUFT 1, C4<00000000000000000000000000000100>, C4<0>, C4<0>, C4<0>;
v0x560d9939bca0_0 .net "b", 31 0, L_0x7ffa8c067018;  1 drivers
v0x560d9939bd80_0 .net "y", 31 0, L_0x560d993a0f90;  alias, 1 drivers
L_0x560d993a0f90 .arith/sum 32, v0x560d9939b710_0, L_0x7ffa8c067018;
S_0x560d9939bec0 .scope module, "u_regfile" "regfile" 3 82, 11 1 0, S_0x560d99326eb0;
 .timescale -9 -12;
    .port_info 0 /INPUT 1 "clk";
    .port_info 1 /INPUT 1 "we";
    .port_info 2 /INPUT 5 "rs1";
    .port_info 3 /INPUT 5 "rs2";
    .port_info 4 /INPUT 5 "rd";
    .port_info 5 /INPUT 32 "wd";
    .port_info 6 /OUTPUT 32 "rd1";
    .port_info 7 /OUTPUT 32 "rd2";
v0x560d9939c200_0 .net *"_ivl_0", 31 0, L_0x560d993b1330;  1 drivers
v0x560d9939c2e0_0 .net *"_ivl_10", 31 0, L_0x560d993b1560;  1 drivers
v0x560d9939c3c0_0 .net *"_ivl_12", 6 0, L_0x560d993b1600;  1 drivers
L_0x7ffa8c067138 .functor BUFT 1, C4<00>, C4<0>, C4<0>, C4<0>;
v0x560d9939c4b0_0 .net *"_ivl_15", 1 0, L_0x7ffa8c067138;  1 drivers
v0x560d9939c590_0 .net *"_ivl_18", 31 0, L_0x560d993b1900;  1 drivers
L_0x7ffa8c067180 .functor BUFT 1, C4<000000000000000000000000000>, C4<0>, C4<0>, C4<0>;
v0x560d9939c6c0_0 .net *"_ivl_21", 26 0, L_0x7ffa8c067180;  1 drivers
L_0x7ffa8c0671c8 .functor BUFT 1, C4<00000000000000000000000000000000>, C4<0>, C4<0>, C4<0>;
v0x560d9939c7a0_0 .net/2u *"_ivl_22", 31 0, L_0x7ffa8c0671c8;  1 drivers
v0x560d9939c880_0 .net *"_ivl_24", 0 0, L_0x560d993b1a30;  1 drivers
L_0x7ffa8c067210 .functor BUFT 1, C4<00000000000000000000000000000000>, C4<0>, C4<0>, C4<0>;
v0x560d9939c940_0 .net/2u *"_ivl_26", 31 0, L_0x7ffa8c067210;  1 drivers
v0x560d9939cab0_0 .net *"_ivl_28", 31 0, L_0x560d993b1b70;  1 drivers
L_0x7ffa8c067060 .functor BUFT 1, C4<000000000000000000000000000>, C4<0>, C4<0>, C4<0>;
v0x560d9939cb90_0 .net *"_ivl_3", 26 0, L_0x7ffa8c067060;  1 drivers
v0x560d9939cc70_0 .net *"_ivl_30", 6 0, L_0x560d993b1c60;  1 drivers
L_0x7ffa8c067258 .functor BUFT 1, C4<00>, C4<0>, C4<0>, C4<0>;
v0x560d9939cd50_0 .net *"_ivl_33", 1 0, L_0x7ffa8c067258;  1 drivers
L_0x7ffa8c0670a8 .functor BUFT 1, C4<00000000000000000000000000000000>, C4<0>, C4<0>, C4<0>;
v0x560d9939ce30_0 .net/2u *"_ivl_4", 31 0, L_0x7ffa8c0670a8;  1 drivers
v0x560d9939cf10_0 .net *"_ivl_6", 0 0, L_0x560d993b1420;  1 drivers
L_0x7ffa8c0670f0 .functor BUFT 1, C4<00000000000000000000000000000000>, C4<0>, C4<0>, C4<0>;
v0x560d9939cfd0_0 .net/2u *"_ivl_8", 31 0, L_0x7ffa8c0670f0;  1 drivers
v0x560d9939d0b0_0 .net "clk", 0 0, v0x560d993a0750_0;  alias, 1 drivers
v0x560d9939d150_0 .net "rd", 4 0, L_0x560d993a0a30;  alias, 1 drivers
v0x560d9939d230_0 .net "rd1", 31 0, L_0x560d993b1770;  alias, 1 drivers
v0x560d9939d2f0_0 .net "rd2", 31 0, L_0x560d993b1e70;  alias, 1 drivers
v0x560d9939d3e0 .array "regs", 0 31, 31 0;
v0x560d9939d4a0_0 .net "rs1", 4 0, L_0x560d993a0c50;  alias, 1 drivers
v0x560d9939d580_0 .net "rs2", 4 0, L_0x560d993a0d70;  alias, 1 drivers
v0x560d9939d660_0 .net "wd", 31 0, L_0x560d993b3330;  alias, 1 drivers
v0x560d9939d740_0 .net "we", 0 0, v0x560d99399e00_0;  alias, 1 drivers
L_0x560d993b1330 .concat [ 5 27 0 0], L_0x560d993a0c50, L_0x7ffa8c067060;
L_0x560d993b1420 .cmp/eq 32, L_0x560d993b1330, L_0x7ffa8c0670a8;
L_0x560d993b1560 .array/port v0x560d9939d3e0, L_0x560d993b1600;
L_0x560d993b1600 .concat [ 5 2 0 0], L_0x560d993a0c50, L_0x7ffa8c067138;
L_0x560d993b1770 .functor MUXZ 32, L_0x560d993b1560, L_0x7ffa8c0670f0, L_0x560d993b1420, C4<>;
L_0x560d993b1900 .concat [ 5 27 0 0], L_0x560d993a0d70, L_0x7ffa8c067180;
L_0x560d993b1a30 .cmp/eq 32, L_0x560d993b1900, L_0x7ffa8c0671c8;
L_0x560d993b1b70 .array/port v0x560d9939d3e0, L_0x560d993b1c60;
L_0x560d993b1c60 .concat [ 5 2 0 0], L_0x560d993a0d70, L_0x7ffa8c067258;
L_0x560d993b1e70 .functor MUXZ 32, L_0x560d993b1b70, L_0x7ffa8c067210, L_0x560d993b1a30, C4<>;
S_0x560d9939d910 .scope module, "u_sign_ext" "sign_ext" 3 93, 12 1 0, S_0x560d99326eb0;
 .timescale -9 -12;
    .port_info 0 /INPUT 32 "instr";
    .port_info 1 /INPUT 3 "imm_sel";
    .port_info 2 /OUTPUT 32 "imm";
v0x560d9939db90_0 .var "imm", 31 0;
v0x560d9939dcc0_0 .net "imm_sel", 2 0, v0x560d99399b80_0;  alias, 1 drivers
v0x560d9939dd80_0 .net "instr", 31 0, L_0x560d993a1030;  alias, 1 drivers
E_0x560d9939db10 .event anyedge, v0x560d99399b80_0, v0x560d9939b170_0;
    .scope S_0x560d9939b3a0;
T_0 ;
    %wait E_0x560d9937f3d0;
    %load/vec4 v0x560d9939b830_0;
    %flag_set/vec4 8;
    %jmp/0xz  T_0.0, 8;
    %pushi/vec4 0, 0, 32;
    %assign/vec4 v0x560d9939b710_0, 0;
    %jmp T_0.1;
T_0.0 ;
    %load/vec4 v0x560d9939b650_0;
    %assign/vec4 v0x560d9939b710_0, 0;
T_0.1 ;
    %jmp T_0;
    .thread T_0;
    .scope S_0x560d9939ad10;
T_1 ;
    %vpi_call 9 8 "$readmemh", "program.hex", v0x560d9939b230 {0 0 0};
    %end;
    .thread T_1;
    .scope S_0x560d993992c0;
T_2 ;
    %wait E_0x560d99321590;
    %pushi/vec4 0, 0, 1;
    %store/vec4 v0x560d99399e00_0, 0, 1;
    %pushi/vec4 0, 0, 3;
    %store/vec4 v0x560d99399b80_0, 0, 3;
    %pushi/vec4 0, 0, 1;
    %store/vec4 v0x560d99399ec0_0, 0, 1;
    %pushi/vec4 0, 0, 1;
    %store/vec4 v0x560d993998b0_0, 0, 1;
    %pushi/vec4 0, 0, 2;
    %store/vec4 v0x560d99399f60_0, 0, 2;
    %pushi/vec4 0, 0, 2;
    %store/vec4 v0x560d99399720_0, 0, 2;
    %pushi/vec4 0, 0, 1;
    %store/vec4 v0x560d993997e0_0, 0, 1;
    %pushi/vec4 0, 0, 1;
    %store/vec4 v0x560d99399c60_0, 0, 1;
    %load/vec4 v0x560d99399d20_0;
    %dup/vec4;
    %pushi/vec4 51, 0, 7;
    %cmp/u;
    %jmp/1 T_2.0, 6;
    %dup/vec4;
    %pushi/vec4 19, 0, 7;
    %cmp/u;
    %jmp/1 T_2.1, 6;
    %dup/vec4;
    %pushi/vec4 3, 0, 7;
    %cmp/u;
    %jmp/1 T_2.2, 6;
    %dup/vec4;
    %pushi/vec4 35, 0, 7;
    %cmp/u;
    %jmp/1 T_2.3, 6;
    %dup/vec4;
    %pushi/vec4 99, 0, 7;
    %cmp/u;
    %jmp/1 T_2.4, 6;
    %dup/vec4;
    %pushi/vec4 111, 0, 7;
    %cmp/u;
    %jmp/1 T_2.5, 6;
    %dup/vec4;
    %pushi/vec4 55, 0, 7;
    %cmp/u;
    %jmp/1 T_2.6, 6;
    %jmp T_2.7;
T_2.0 ;
    %pushi/vec4 1, 0, 1;
    %store/vec4 v0x560d99399e00_0, 0, 1;
    %pushi/vec4 0, 0, 1;
    %store/vec4 v0x560d99399ec0_0, 0, 1;
    %pushi/vec4 0, 0, 2;
    %store/vec4 v0x560d99399f60_0, 0, 2;
    %pushi/vec4 1, 0, 2;
    %store/vec4 v0x560d99399720_0, 0, 2;
    %jmp T_2.7;
T_2.1 ;
    %pushi/vec4 1, 0, 1;
    %store/vec4 v0x560d99399e00_0, 0, 1;
    %pushi/vec4 0, 0, 3;
    %store/vec4 v0x560d99399b80_0, 0, 3;
    %pushi/vec4 1, 0, 1;
    %store/vec4 v0x560d99399ec0_0, 0, 1;
    %pushi/vec4 0, 0, 2;
    %store/vec4 v0x560d99399f60_0, 0, 2;
    %pushi/vec4 2, 0, 2;
    %store/vec4 v0x560d99399720_0, 0, 2;
    %jmp T_2.7;
T_2.2 ;
    %pushi/vec4 1, 0, 1;
    %store/vec4 v0x560d99399e00_0, 0, 1;
    %pushi/vec4 0, 0, 3;
    %store/vec4 v0x560d99399b80_0, 0, 3;
    %pushi/vec4 1, 0, 1;
    %store/vec4 v0x560d99399ec0_0, 0, 1;
    %pushi/vec4 1, 0, 2;
    %store/vec4 v0x560d99399f60_0, 0, 2;
    %pushi/vec4 0, 0, 2;
    %store/vec4 v0x560d99399720_0, 0, 2;
    %jmp T_2.7;
T_2.3 ;
    %pushi/vec4 1, 0, 3;
    %store/vec4 v0x560d99399b80_0, 0, 3;
    %pushi/vec4 1, 0, 1;
    %store/vec4 v0x560d99399ec0_0, 0, 1;
    %pushi/vec4 1, 0, 1;
    %store/vec4 v0x560d993998b0_0, 0, 1;
    %pushi/vec4 0, 0, 2;
    %store/vec4 v0x560d99399720_0, 0, 2;
    %jmp T_2.7;
T_2.4 ;
    %pushi/vec4 1, 0, 1;
    %store/vec4 v0x560d993997e0_0, 0, 1;
    %pushi/vec4 2, 0, 3;
    %store/vec4 v0x560d99399b80_0, 0, 3;
    %pushi/vec4 0, 0, 1;
    %store/vec4 v0x560d99399ec0_0, 0, 1;
    %pushi/vec4 3, 0, 2;
    %store/vec4 v0x560d99399720_0, 0, 2;
    %jmp T_2.7;
T_2.5 ;
    %pushi/vec4 1, 0, 1;
    %store/vec4 v0x560d99399c60_0, 0, 1;
    %pushi/vec4 1, 0, 1;
    %store/vec4 v0x560d99399e00_0, 0, 1;
    %pushi/vec4 4, 0, 3;
    %store/vec4 v0x560d99399b80_0, 0, 3;
    %pushi/vec4 2, 0, 2;
    %store/vec4 v0x560d99399f60_0, 0, 2;
    %jmp T_2.7;
T_2.6 ;
    %pushi/vec4 1, 0, 1;
    %store/vec4 v0x560d99399e00_0, 0, 1;
    %pushi/vec4 3, 0, 3;
    %store/vec4 v0x560d99399b80_0, 0, 3;
    %pushi/vec4 3, 0, 2;
    %store/vec4 v0x560d99399f60_0, 0, 2;
    %jmp T_2.7;
T_2.7 ;
    %pop/vec4 1;
    %jmp T_2;
    .thread T_2, $push;
    .scope S_0x560d993992c0;
T_3 ;
    %wait E_0x560d99357710;
    %pushi/vec4 0, 0, 4;
    %store/vec4 v0x560d99399610_0, 0, 4;
    %load/vec4 v0x560d99399720_0;
    %dup/vec4;
    %pushi/vec4 0, 0, 2;
    %cmp/u;
    %jmp/1 T_3.0, 6;
    %dup/vec4;
    %pushi/vec4 1, 0, 2;
    %cmp/u;
    %jmp/1 T_3.1, 6;
    %dup/vec4;
    %pushi/vec4 2, 0, 2;
    %cmp/u;
    %jmp/1 T_3.2, 6;
    %dup/vec4;
    %pushi/vec4 3, 0, 2;
    %cmp/u;
    %jmp/1 T_3.3, 6;
    %jmp T_3.4;
T_3.0 ;
    %pushi/vec4 0, 0, 4;
    %store/vec4 v0x560d99399610_0, 0, 4;
    %jmp T_3.4;
T_3.1 ;
    %load/vec4 v0x560d99399970_0;
    %dup/vec4;
    %pushi/vec4 0, 0, 3;
    %cmp/u;
    %jmp/1 T_3.5, 6;
    %dup/vec4;
    %pushi/vec4 1, 0, 3;
    %cmp/u;
    %jmp/1 T_3.6, 6;
    %dup/vec4;
    %pushi/vec4 2, 0, 3;
    %cmp/u;
    %jmp/1 T_3.7, 6;
    %dup/vec4;
    %pushi/vec4 3, 0, 3;
    %cmp/u;
    %jmp/1 T_3.8, 6;
    %dup/vec4;
    %pushi/vec4 4, 0, 3;
    %cmp/u;
    %jmp/1 T_3.9, 6;
    %dup/vec4;
    %pushi/vec4 5, 0, 3;
    %cmp/u;
    %jmp/1 T_3.10, 6;
    %dup/vec4;
    %pushi/vec4 6, 0, 3;
    %cmp/u;
    %jmp/1 T_3.11, 6;
    %dup/vec4;
    %pushi/vec4 7, 0, 3;
    %cmp/u;
    %jmp/1 T_3.12, 6;
    %jmp T_3.13;
T_3.5 ;
    %load/vec4 v0x560d99399aa0_0;
    %cmpi/e 32, 0, 7;
    %flag_mov 8, 4;
    %jmp/0 T_3.14, 8;
    %pushi/vec4 1, 0, 4;
    %jmp/1 T_3.15, 8;
T_3.14 ; End of true expr.
    %pushi/vec4 0, 0, 4;
    %jmp/0 T_3.15, 8;
 ; End of false expr.
    %blend;
T_3.15;
    %store/vec4 v0x560d99399610_0, 0, 4;
    %jmp T_3.13;
T_3.6 ;
    %pushi/vec4 2, 0, 4;
    %store/vec4 v0x560d99399610_0, 0, 4;
    %jmp T_3.13;
T_3.7 ;
    %pushi/vec4 3, 0, 4;
    %store/vec4 v0x560d99399610_0, 0, 4;
    %jmp T_3.13;
T_3.8 ;
    %pushi/vec4 4, 0, 4;
    %store/vec4 v0x560d99399610_0, 0, 4;
    %jmp T_3.13;
T_3.9 ;
    %pushi/vec4 5, 0, 4;
    %store/vec4 v0x560d99399610_0, 0, 4;
    %jmp T_3.13;
T_3.10 ;
    %load/vec4 v0x560d99399aa0_0;
    %cmpi/e 32, 0, 7;
    %flag_mov 8, 4;
    %jmp/0 T_3.16, 8;
    %pushi/vec4 7, 0, 4;
    %jmp/1 T_3.17, 8;
T_3.16 ; End of true expr.
    %pushi/vec4 6, 0, 4;
    %jmp/0 T_3.17, 8;
 ; End of false expr.
    %blend;
T_3.17;
    %store/vec4 v0x560d99399610_0, 0, 4;
    %jmp T_3.13;
T_3.11 ;
    %pushi/vec4 8, 0, 4;
    %store/vec4 v0x560d99399610_0, 0, 4;
    %jmp T_3.13;
T_3.12 ;
    %pushi/vec4 9, 0, 4;
    %store/vec4 v0x560d99399610_0, 0, 4;
    %jmp T_3.13;
T_3.13 ;
    %pop/vec4 1;
    %jmp T_3.4;
T_3.2 ;
    %load/vec4 v0x560d99399970_0;
    %dup/vec4;
    %pushi/vec4 0, 0, 3;
    %cmp/u;
    %jmp/1 T_3.18, 6;
    %dup/vec4;
    %pushi/vec4 2, 0, 3;
    %cmp/u;
    %jmp/1 T_3.19, 6;
    %dup/vec4;
    %pushi/vec4 3, 0, 3;
    %cmp/u;
    %jmp/1 T_3.20, 6;
    %dup/vec4;
    %pushi/vec4 4, 0, 3;
    %cmp/u;
    %jmp/1 T_3.21, 6;
    %dup/vec4;
    %pushi/vec4 6, 0, 3;
    %cmp/u;
    %jmp/1 T_3.22, 6;
    %dup/vec4;
    %pushi/vec4 7, 0, 3;
    %cmp/u;
    %jmp/1 T_3.23, 6;
    %dup/vec4;
    %pushi/vec4 1, 0, 3;
    %cmp/u;
    %jmp/1 T_3.24, 6;
    %dup/vec4;
    %pushi/vec4 5, 0, 3;
    %cmp/u;
    %jmp/1 T_3.25, 6;
    %jmp T_3.26;
T_3.18 ;
    %pushi/vec4 0, 0, 4;
    %store/vec4 v0x560d99399610_0, 0, 4;
    %jmp T_3.26;
T_3.19 ;
    %pushi/vec4 3, 0, 4;
    %store/vec4 v0x560d99399610_0, 0, 4;
    %jmp T_3.26;
T_3.20 ;
    %pushi/vec4 4, 0, 4;
    %store/vec4 v0x560d99399610_0, 0, 4;
    %jmp T_3.26;
T_3.21 ;
    %pushi/vec4 5, 0, 4;
    %store/vec4 v0x560d99399610_0, 0, 4;
    %jmp T_3.26;
T_3.22 ;
    %pushi/vec4 8, 0, 4;
    %store/vec4 v0x560d99399610_0, 0, 4;
    %jmp T_3.26;
T_3.23 ;
    %pushi/vec4 9, 0, 4;
    %store/vec4 v0x560d99399610_0, 0, 4;
    %jmp T_3.26;
T_3.24 ;
    %pushi/vec4 2, 0, 4;
    %store/vec4 v0x560d99399610_0, 0, 4;
    %jmp T_3.26;
T_3.25 ;
    %load/vec4 v0x560d99399aa0_0;
    %cmpi/e 32, 0, 7;
    %flag_mov 8, 4;
    %jmp/0 T_3.27, 8;
    %pushi/vec4 7, 0, 4;
    %jmp/1 T_3.28, 8;
T_3.27 ; End of true expr.
    %pushi/vec4 6, 0, 4;
    %jmp/0 T_3.28, 8;
 ; End of false expr.
    %blend;
T_3.28;
    %store/vec4 v0x560d99399610_0, 0, 4;
    %jmp T_3.26;
T_3.26 ;
    %pop/vec4 1;
    %jmp T_3.4;
T_3.3 ;
    %load/vec4 v0x560d99399970_0;
    %dup/vec4;
    %pushi/vec4 0, 0, 3;
    %cmp/u;
    %jmp/1 T_3.29, 6;
    %pushi/vec4 0, 0, 4;
    %store/vec4 v0x560d99399610_0, 0, 4;
    %jmp T_3.31;
T_3.29 ;
    %pushi/vec4 1, 0, 4;
    %store/vec4 v0x560d99399610_0, 0, 4;
    %jmp T_3.31;
T_3.31 ;
    %pop/vec4 1;
    %jmp T_3.4;
T_3.4 ;
    %pop/vec4 1;
    %jmp T_3;
    .thread T_3, $push;
    .scope S_0x560d9939bec0;
T_4 ;
    %wait E_0x560d9937f3d0;
    %load/vec4 v0x560d9939d740_0;
    %flag_set/vec4 9;
    %flag_get/vec4 9;
    %jmp/0 T_4.2, 9;
    %load/vec4 v0x560d9939d150_0;
    %pad/u 32;
    %pushi/vec4 0, 0, 32;
    %cmp/ne;
    %flag_get/vec4 4;
    %and;
T_4.2;
    %flag_set/vec4 8;
    %jmp/0xz  T_4.0, 8;
    %load/vec4 v0x560d9939d660_0;
    %load/vec4 v0x560d9939d150_0;
    %pad/u 7;
    %ix/vec4 3;
    %ix/load 4, 0, 0; Constant delay
    %assign/vec4/a/d v0x560d9939d3e0, 0, 4;
T_4.0 ;
    %jmp T_4;
    .thread T_4;
    .scope S_0x560d9939d910;
T_5 ;
    %wait E_0x560d9939db10;
    %load/vec4 v0x560d9939dcc0_0;
    %dup/vec4;
    %pushi/vec4 0, 0, 3;
    %cmp/u;
    %jmp/1 T_5.0, 6;
    %dup/vec4;
    %pushi/vec4 1, 0, 3;
    %cmp/u;
    %jmp/1 T_5.1, 6;
    %dup/vec4;
    %pushi/vec4 2, 0, 3;
    %cmp/u;
    %jmp/1 T_5.2, 6;
    %dup/vec4;
    %pushi/vec4 3, 0, 3;
    %cmp/u;
    %jmp/1 T_5.3, 6;
    %dup/vec4;
    %pushi/vec4 4, 0, 3;
    %cmp/u;
    %jmp/1 T_5.4, 6;
    %pushi/vec4 0, 0, 32;
    %store/vec4 v0x560d9939db90_0, 0, 32;
    %jmp T_5.6;
T_5.0 ;
    %load/vec4 v0x560d9939dd80_0;
    %parti/s 1, 31, 6;
    %replicate 20;
    %load/vec4 v0x560d9939dd80_0;
    %parti/s 12, 20, 6;
    %concat/vec4; draw_concat_vec4
    %store/vec4 v0x560d9939db90_0, 0, 32;
    %jmp T_5.6;
T_5.1 ;
    %load/vec4 v0x560d9939dd80_0;
    %parti/s 1, 31, 6;
    %replicate 20;
    %load/vec4 v0x560d9939dd80_0;
    %parti/s 7, 25, 6;
    %concat/vec4; draw_concat_vec4
    %load/vec4 v0x560d9939dd80_0;
    %parti/s 5, 7, 4;
    %concat/vec4; draw_concat_vec4
    %store/vec4 v0x560d9939db90_0, 0, 32;
    %jmp T_5.6;
T_5.2 ;
    %load/vec4 v0x560d9939dd80_0;
    %parti/s 1, 31, 6;
    %replicate 19;
    %load/vec4 v0x560d9939dd80_0;
    %parti/s 1, 31, 6;
    %concat/vec4; draw_concat_vec4
    %load/vec4 v0x560d9939dd80_0;
    %parti/s 1, 7, 4;
    %concat/vec4; draw_concat_vec4
    %load/vec4 v0x560d9939dd80_0;
    %parti/s 6, 25, 6;
    %concat/vec4; draw_concat_vec4
    %load/vec4 v0x560d9939dd80_0;
    %parti/s 4, 8, 5;
    %concat/vec4; draw_concat_vec4
    %concati/vec4 0, 0, 1;
    %store/vec4 v0x560d9939db90_0, 0, 32;
    %jmp T_5.6;
T_5.3 ;
    %load/vec4 v0x560d9939dd80_0;
    %parti/s 20, 12, 5;
    %concati/vec4 0, 0, 12;
    %store/vec4 v0x560d9939db90_0, 0, 32;
    %jmp T_5.6;
T_5.4 ;
    %load/vec4 v0x560d9939dd80_0;
    %parti/s 1, 31, 6;
    %replicate 11;
    %load/vec4 v0x560d9939dd80_0;
    %parti/s 1, 31, 6;
    %concat/vec4; draw_concat_vec4
    %load/vec4 v0x560d9939dd80_0;
    %parti/s 8, 12, 5;
    %concat/vec4; draw_concat_vec4
    %load/vec4 v0x560d9939dd80_0;
    %parti/s 1, 20, 6;
    %concat/vec4; draw_concat_vec4
    %load/vec4 v0x560d9939dd80_0;
    %parti/s 10, 21, 6;
    %concat/vec4; draw_concat_vec4
    %concati/vec4 0, 0, 1;
    %store/vec4 v0x560d9939db90_0, 0, 32;
    %jmp T_5.6;
T_5.6 ;
    %pop/vec4 1;
    %jmp T_5;
    .thread T_5, $push;
    .scope S_0x560d99330c00;
T_6 ;
    %wait E_0x560d993572a0;
    %load/vec4 v0x560d993982d0_0;
    %dup/vec4;
    %pushi/vec4 0, 0, 4;
    %cmp/u;
    %jmp/1 T_6.0, 6;
    %dup/vec4;
    %pushi/vec4 1, 0, 4;
    %cmp/u;
    %jmp/1 T_6.1, 6;
    %dup/vec4;
    %pushi/vec4 2, 0, 4;
    %cmp/u;
    %jmp/1 T_6.2, 6;
    %dup/vec4;
    %pushi/vec4 3, 0, 4;
    %cmp/u;
    %jmp/1 T_6.3, 6;
    %dup/vec4;
    %pushi/vec4 4, 0, 4;
    %cmp/u;
    %jmp/1 T_6.4, 6;
    %dup/vec4;
    %pushi/vec4 5, 0, 4;
    %cmp/u;
    %jmp/1 T_6.5, 6;
    %dup/vec4;
    %pushi/vec4 6, 0, 4;
    %cmp/u;
    %jmp/1 T_6.6, 6;
    %dup/vec4;
    %pushi/vec4 7, 0, 4;
    %cmp/u;
    %jmp/1 T_6.7, 6;
    %dup/vec4;
    %pushi/vec4 8, 0, 4;
    %cmp/u;
    %jmp/1 T_6.8, 6;
    %dup/vec4;
    %pushi/vec4 9, 0, 4;
    %cmp/u;
    %jmp/1 T_6.9, 6;
    %pushi/vec4 0, 0, 32;
    %store/vec4 v0x560d99398470_0, 0, 32;
    %jmp T_6.11;
T_6.0 ;
    %load/vec4 v0x560d99331a70_0;
    %load/vec4 v0x560d99398390_0;
    %add;
    %store/vec4 v0x560d99398470_0, 0, 32;
    %jmp T_6.11;
T_6.1 ;
    %load/vec4 v0x560d99331a70_0;
    %load/vec4 v0x560d99398390_0;
    %sub;
    %store/vec4 v0x560d99398470_0, 0, 32;
    %jmp T_6.11;
T_6.2 ;
    %load/vec4 v0x560d99331a70_0;
    %load/vec4 v0x560d99398390_0;
    %parti/s 5, 0, 2;
    %ix/vec4 4;
    %shiftl 4;
    %store/vec4 v0x560d99398470_0, 0, 32;
    %jmp T_6.11;
T_6.3 ;
    %load/vec4 v0x560d99331a70_0;
    %load/vec4 v0x560d99398390_0;
    %cmp/s;
    %flag_mov 8, 5;
    %jmp/0 T_6.12, 8;
    %pushi/vec4 1, 0, 32;
    %jmp/1 T_6.13, 8;
T_6.12 ; End of true expr.
    %pushi/vec4 0, 0, 32;
    %jmp/0 T_6.13, 8;
 ; End of false expr.
    %blend;
T_6.13;
    %store/vec4 v0x560d99398470_0, 0, 32;
    %jmp T_6.11;
T_6.4 ;
    %load/vec4 v0x560d99331a70_0;
    %load/vec4 v0x560d99398390_0;
    %cmp/u;
    %flag_mov 8, 5;
    %jmp/0 T_6.14, 8;
    %pushi/vec4 1, 0, 32;
    %jmp/1 T_6.15, 8;
T_6.14 ; End of true expr.
    %pushi/vec4 0, 0, 32;
    %jmp/0 T_6.15, 8;
 ; End of false expr.
    %blend;
T_6.15;
    %store/vec4 v0x560d99398470_0, 0, 32;
    %jmp T_6.11;
T_6.5 ;
    %load/vec4 v0x560d99331a70_0;
    %load/vec4 v0x560d99398390_0;
    %xor;
    %store/vec4 v0x560d99398470_0, 0, 32;
    %jmp T_6.11;
T_6.6 ;
    %load/vec4 v0x560d99331a70_0;
    %load/vec4 v0x560d99398390_0;
    %parti/s 5, 0, 2;
    %ix/vec4 4;
    %shiftr 4;
    %store/vec4 v0x560d99398470_0, 0, 32;
    %jmp T_6.11;
T_6.7 ;
    %load/vec4 v0x560d99331a70_0;
    %load/vec4 v0x560d99398390_0;
    %parti/s 5, 0, 2;
    %ix/vec4 4;
    %shiftr/s 4;
    %store/vec4 v0x560d99398470_0, 0, 32;
    %jmp T_6.11;
T_6.8 ;
    %load/vec4 v0x560d99331a70_0;
    %load/vec4 v0x560d99398390_0;
    %or;
    %store/vec4 v0x560d99398470_0, 0, 32;
    %jmp T_6.11;
T_6.9 ;
    %load/vec4 v0x560d99331a70_0;
    %load/vec4 v0x560d99398390_0;
    %and;
    %store/vec4 v0x560d99398470_0, 0, 32;
    %jmp T_6.11;
T_6.11 ;
    %pop/vec4 1;
    %jmp T_6;
    .thread T_6, $push;
    .scope S_0x560d9939a1a0;
T_7 ;
    %wait E_0x560d9937f3d0;
    %load/vec4 v0x560d9939abb0_0;
    %flag_set/vec4 8;
    %jmp/0xz  T_7.0, 8;
    %load/vec4 v0x560d9939aac0_0;
    %load/vec4 v0x560d9939a770_0;
    %parti/s 16, 2, 3;
    %pad/u 18;
    %ix/vec4 3;
    %ix/load 4, 0, 0; Constant delay
    %assign/vec4/a/d v0x560d9939a920, 0, 4;
T_7.0 ;
    %jmp T_7;
    .thread T_7;
    .scope S_0x560d9937f010;
T_8 ;
    %pushi/vec4 0, 0, 1;
    %store/vec4 v0x560d993a0750_0, 0, 1;
T_8.0 ;
    %delay 5000, 0;
    %load/vec4 v0x560d993a0750_0;
    %inv;
    %store/vec4 v0x560d993a0750_0, 0, 1;
    %jmp T_8.0;
    %end;
    .thread T_8;
    .scope S_0x560d9937f010;
T_9 ;
    %pushi/vec4 1, 0, 1;
    %store/vec4 v0x560d993a0880_0, 0, 1;
    %delay 20000, 0;
    %pushi/vec4 0, 0, 1;
    %store/vec4 v0x560d993a0880_0, 0, 1;
    %end;
    .thread T_9;
    .scope S_0x560d9937f010;
T_10 ;
    %vpi_call 2 28 "$dumpfile", "cpu_wave.vcd" {0 0 0};
    %vpi_call 2 29 "$dumpvars", 32'sb00000000000000000000000000000000, S_0x560d9937f010 {0 0 0};
    %delay 2000000, 0;
    %vpi_call 2 33 "$finish" {0 0 0};
    %end;
    .thread T_10;
# The file index is used to find the file name in the following table.
:file_names 13;
    "N/A";
    "<interactive>";
    "tb_cpu.v";
    "./cpu_top.v";
    "./alu.v";
    "./mux2.v";
    "./adder.v";
    "./controller.v";
    "./dmem.v";
    "./imem.v";
    "./pc.v";
    "./regfile.v";
    "./sign_ext.v";
